<html>
<body>
<pre>
<h1>µVision Build Log</h1>
<h2>Tool Versions:</h2>
IDE-Version: ¦ÌVision V5.36.0.0
Copyright (C) 2021 ARM Ltd and ARM Germany GmbH. All rights reserved.
License Information:  ,   , LIC=TIVNB-2MBM9-HLWCL-0P0NT-Z4PUP-WJSZY
 
Tool Versions:
Toolchain:       MDK-ARM Plus  Version: 5.36.0.0
Toolchain Path:  C:\Keil_v5\ARM\ARMCC\Bin
C Compiler:      Armcc.exe V5.06 update 7 (build 960)
Assembler:       Armasm.exe V5.06 update 7 (build 960)
Linker/Locator:  ArmLink.exe V5.06 update 7 (build 960)
Library Manager: ArmAr.exe V5.06 update 7 (build 960)
Hex Converter:   FromElf.exe V5.06 update 7 (build 960)
CPU DLL:         SARMCM3.DLL V5.36.0.0
Dialog DLL:      DCM.DLL V1.17.3.0
Target DLL:      lmidk-agdi.dll V???
Dialog DLL:      TCM.DLL V1.53.0.0
 
<h2>Project:</h2>
F:\tm4c23gh6pm\tm4c\tm4c23gh6pm\AD5933\tm4c\OBJ\Template.uvprojx
Project File Date:  07/16/2024

<h2>Output:</h2>
*** Using Compiler 'V5.06 update 7 (build 960)', folder: 'C:\Keil_v5\ARM\ARMCC\Bin'
Rebuild target 'Template'
compiling crc.c...
compiling comp.c...
compiling des.c...
compiling iic.c...
..\USER\iic.h(6): warning:  #1295-D: Deprecated declaration InitI2C1 - give arg types
  void InitI2C1();
..\USER\iic.c(144): warning:  #1-D: last line of file ends without a newline
  }
..\USER\iic.c: 2 warnings, 0 errors
compiling aes.c...
compiling can.c...
compiling adc.c...
compiling eeprom.c...
compiling cpu.c...
compiling lxy_uart.c...
..\USER\start.h(6): warning:  #1295-D: Deprecated declaration LED_INT - give arg types
  extern void LED_INT();
..\USER\start.h(7): warning:  #1295-D: Deprecated declaration key_INT - give arg types
  extern void key_INT();
..\USER\start.h(8): warning:  #1295-D: Deprecated declaration key_enable - give arg types
  extern  void  key_enable();
..\USER\start.h(9): warning:  #1295-D: Deprecated declaration TIME_INT - give arg types
  extern  void TIME_INT();
..\USER\start.h(10): warning:  #1295-D: Deprecated declaration UART0_INT - give arg types
  extern void UART0_INT();
..\USER\start.h(11): warning:  #1295-D: Deprecated declaration UART0_enable - give arg types
  extern void UART0_enable();
..\USER\start.h(14): warning:  #1-D: last line of file ends without a newline
  #endif
..\USER\lxy_uart.c: 7 warnings, 0 errors
compiling main.c...
..\USER\start.h(6): warning:  #1295-D: Deprecated declaration LED_INT - give arg types
  extern void LED_INT();
..\USER\start.h(7): warning:  #1295-D: Deprecated declaration key_INT - give arg types
  extern void key_INT();
..\USER\start.h(8): warning:  #1295-D: Deprecated declaration key_enable - give arg types
  extern  void  key_enable();
..\USER\start.h(9): warning:  #1295-D: Deprecated declaration TIME_INT - give arg types
  extern  void TIME_INT();
..\USER\start.h(10): warning:  #1295-D: Deprecated declaration UART0_INT - give arg types
  extern void UART0_INT();
..\USER\start.h(11): warning:  #1295-D: Deprecated declaration UART0_enable - give arg types
  extern void UART0_enable();
..\USER\start.h(14): warning:  #1-D: last line of file ends without a newline
  #endif
..\USER\AD5933.h(40): warning:  #1295-D: Deprecated declaration DA5933_Get_RsRealImage - give arg types
  uint32_t DA5933_Get_RsRealImage();
..\USER\iic.h(6): warning:  #1295-D: Deprecated declaration InitI2C1 - give arg types
  void InitI2C1();
..\USER\main.c(43): warning:  #1295-D: Deprecated declaration ADC_V - give arg types
  void ADC_V();
..\USER\main.c: 10 warnings, 0 errors
compiling AD5933.c...
..\USER\start.h(6): warning:  #1295-D: Deprecated declaration LED_INT - give arg types
  extern void LED_INT();
..\USER\start.h(7): warning:  #1295-D: Deprecated declaration key_INT - give arg types
  extern void key_INT();
..\USER\start.h(8): warning:  #1295-D: Deprecated declaration key_enable - give arg types
  extern  void  key_enable();
..\USER\start.h(9): warning:  #1295-D: Deprecated declaration TIME_INT - give arg types
  extern  void TIME_INT();
..\USER\start.h(10): warning:  #1295-D: Deprecated declaration UART0_INT - give arg types
  extern void UART0_INT();
..\USER\start.h(11): warning:  #1295-D: Deprecated declaration UART0_enable - give arg types
  extern void UART0_enable();
..\USER\start.h(14): warning:  #1-D: last line of file ends without a newline
  #endif
..\USER\iic.h(6): warning:  #1295-D: Deprecated declaration InitI2C1 - give arg types
  void InitI2C1();
..\USER\AD5933.h(40): warning:  #1295-D: Deprecated declaration DA5933_Get_RsRealImage - give arg types
  uint32_t DA5933_Get_RsRealImage();
..\USER\AD5933.c(74): warning:  #177-D: variable "sum"  was declared but never referenced
      uint32_t ReadTemp, realArr[3], imageArr[3],sum;
..\USER\AD5933.c(76): warning:  #177-D: variable "i"  was declared but never referenced
      int i, j, AddrTemp;
..\USER\AD5933.c(76): warning:  #550-D: variable "j"  was set but never used
      int i, j, AddrTemp;
..\USER\AD5933.c(76): warning:  #550-D: variable "AddrTemp"  was set but never used
      int i, j, AddrTemp;
..\USER\AD5933.c(78): warning:  #177-D: variable "Gain"  was declared but never referenced
      uint8_t Gain = ((~CValue[0]) & 0x01) ? 5 : 1;
..\USER\AD5933.c(80): warning:  #177-D: variable "Mode"  was declared but never referenced
      uint8_t Mode = CValue[0] & 0x0f;
..\USER\AD5933.c(81): warning:  #550-D: variable "tan"  was set but never used
      uint16_t tan;
..\USER\AD5933.c(308): warning:  #1-D: last line of file ends without a newline
  }
..\USER\AD5933.c(283): warning:  #177-D: variable "ReWord"  was declared but never referenced
      uint32_t RsWord=0, ReWord, ImWord;
..\USER\AD5933.c(283): warning:  #177-D: variable "ImWord"  was declared but never referenced
      uint32_t RsWord=0, ReWord, ImWord;
..\USER\AD5933.c(284): warning:  #177-D: variable "r"  was declared but never referenced
       uint32_t r[swpPNTCnt];
..\USER\AD5933.c(285): warning:  #177-D: variable "i"  was declared but never referenced
  	int i;
..\USER\AD5933.c: 21 warnings, 0 errors
compiling epi.c...
compiling emac.c...
compiling fpu.c...
compiling flash.c...
compiling interrupt.c...
compiling i2c.c...
compiling gpio.c...
compiling hibernate.c...
compiling mpu.c...
compiling lcd.c...
compiling onewire.c...
compiling qei.c...
compiling shamd5.c...
compiling sw_crc.c...
compiling ssi.c...
compiling pwm.c...
compiling systick.c...
compiling sysexc.c...
compiling timer.c...
compiling uart.c...
compiling sysctl.c...
compiling udma.c...
compiling watchdog.c...
assembling startup_rvmdk.S...
compiling uc1701.c...
compiling uartstdio.c...
compiling usb.c...
compiling pcf8575.c...
linking...
Program Size: Code=6144 RO-data=1180 RW-data=1528 ZI-data=272  
".\Objects\Template.axf" - 0 Error(s), 40 Warning(s).

<h2>Software Packages used:</h2>

Package Vendor: Keil
                http://www.keil.com/pack/Keil.TM4C_DFP.1.1.0.pack
                Keil.TM4C_DFP.1.1.0
                Texas Instruments Tiva C Series Device Support and Examples

<h2>Collection of Component include folders:</h2>
  C:\Users\Â¬ÏþÑî\AppData\Local\Arm\Packs\Keil\TM4C_DFP\1.1.0\Device\Include\TM4C123

<h2>Collection of Component Files used:</h2>
Build Time Elapsed:  00:00:02
</pre>
</body>
</html>
