<html>
<body>
<pre>
<h1>礦ision Build Log</h1>
<h2>Tool Versions:</h2>
IDE-Version: μVision V5.36.0.0
Copyright (C) 2021 ARM Ltd and ARM Germany GmbH. All rights reserved.
License Information:  ,   , LIC=TIVNB-2MBM9-HLWCL-0P0NT-Z4PUP-WJSZY
 
Tool Versions:
Toolchain:       MDK-ARM Plus  Version: 5.36.0.0
Toolchain Path:  C:\Keil_v5\ARM\ARMCC\Bin
C Compiler:      Armcc.exe V5.06 update 7 (build 960)
Assembler:       Armasm.exe V5.06 update 7 (build 960)
Linker/Locator:  ArmLink.exe V5.06 update 7 (build 960)
Library Manager: ArmAr.exe V5.06 update 7 (build 960)
Hex Converter:   FromElf.exe V5.06 update 7 (build 960)
CPU DLL:         SARMCM3.DLL V5.36.0.0
Dialog DLL:      DCM.DLL V1.17.3.0
Target DLL:      lmidk-agdi.dll V???
Dialog DLL:      TCM.DLL V1.53.0.0
 
<h2>Project:</h2>
F:\tm4c23gh6pm\tm4c\tm4c23gh6pm\正弦有效值测量\tm4c\OBJ\Template.uvprojx
Project File Date:  07/08/2024

<h2>Output:</h2>
*** Using Compiler 'V5.06 update 7 (build 960)', folder: 'C:\Keil_v5\ARM\ARMCC\Bin'
Rebuild target 'Template'
Note: source file '..\LIB\driverlib\adc.c' - object file renamed from '.\Objects\adc.o' to '.\Objects\adc_1.o'.
Note: source file '..\LIB\driverlib\uart.c' - object file renamed from '.\Objects\uart.o' to '.\Objects\uart_1.o'.
compiling fft.c...
..\USER\fft.h(11): warning:  #1-D: last line of file ends without a newline
  #endif
..\USER\fft.c(156): warning:  #1-D: last line of file ends without a newline
  }
..\USER\fft.c: 2 warnings, 0 errors
compiling aes.c...
compiling LED.c...
..\USER\LED.h(4): warning:  #1295-D: Deprecated declaration LED_int - give arg types
  extern void LED_int();
..\USER\LED.h(5): warning:  #1295-D: Deprecated declaration LED_RED - give arg types
  extern void LED_RED();
..\USER\LED.h(6): warning:  #1295-D: Deprecated declaration LED_GREEN - give arg types
  extern void LED_GREEN();
..\USER\LED.h(7): warning:  #1295-D: Deprecated declaration LED_BULE - give arg types
  extern void LED_BULE();
..\USER\LED.h(9): warning:  #1-D: last line of file ends without a newline
  #endif
..\USER\LED.c(90): warning:  #1-D: last line of file ends without a newline
  }
..\USER\LED.c: 6 warnings, 0 errors
compiling adc.c...
compiling main.c...
..\USER\start.h(18): warning:  #1-D: last line of file ends without a newline
  #endif
..\USER\time0.h(4): warning:  #1295-D: Deprecated declaration TIME_INT - give arg types
  extern void TIME_INT();
..\USER\time0.h(6): warning:  #1-D: last line of file ends without a newline
  #endif
..\USER\lxy_uart.h(4): warning:  #1295-D: Deprecated declaration UART0_INT - give arg types
  extern void UART0_INT();
..\USER\lxy_uart.h(5): warning:  #1295-D: Deprecated declaration UART0_enable - give arg types
  extern void UART0_enable();
..\USER\lxy_uart.h(8): warning:  #1-D: last line of file ends without a newline
  #endif
..\USER\main.c: 6 warnings, 0 errors
compiling start.c...
..\USER\start.h(18): warning:  #1-D: last line of file ends without a newline
  #endif
..\USER\start.c: 1 warning, 0 errors
compiling can.c...
compiling comp.c...
compiling lxy_uart.c...
..\USER\start.h(18): warning:  #1-D: last line of file ends without a newline
  #endif
..\USER\lxy_uart.h(4): warning:  #1295-D: Deprecated declaration UART0_INT - give arg types
  extern void UART0_INT();
..\USER\lxy_uart.h(5): warning:  #1295-D: Deprecated declaration UART0_enable - give arg types
  extern void UART0_enable();
..\USER\lxy_uart.h(8): warning:  #1-D: last line of file ends without a newline
  #endif
..\USER\lxy_uart.c(70): warning:  #1-D: last line of file ends without a newline
  }
..\USER\lxy_uart.c: 5 warnings, 0 errors
compiling time0.c...
..\USER\start.h(18): warning:  #1-D: last line of file ends without a newline
  #endif
..\USER\time0.h(4): warning:  #1295-D: Deprecated declaration TIME_INT - give arg types
  extern void TIME_INT();
..\USER\time0.h(6): warning:  #1-D: last line of file ends without a newline
  #endif
..\USER\time0.c: 3 warnings, 0 errors
compiling key.c...
..\USER\key.h(4): warning:  #1295-D: Deprecated declaration key_INT - give arg types
  extern void key_INT();
..\USER\key.h(5): warning:  #1295-D: Deprecated declaration key_enable - give arg types
  extern void key_enable();
..\USER\key.h(8): warning:  #1-D: last line of file ends without a newline
  #endif
..\USER\key.c(75): warning:  #1-D: last line of file ends without a newline
  //**************************************************************************************
..\USER\key.c: 4 warnings, 0 errors
compiling crc.c...
compiling lxy_ADC.c...
..\USER\start.h(18): warning:  #1-D: last line of file ends without a newline
  #endif
..\USER\lxy_ADC.c(240): warning:  #1-D: last line of file ends without a newline
  }
..\USER\lxy_ADC.c: 2 warnings, 0 errors
compiling lxy_PWM.c...
..\USER\lxy_PWM.h(5): warning:  #1295-D: Deprecated declaration PWM_init - give arg types
  extern void PWM_init();
..\USER\lxy_PWM.h(10): warning:  #1-D: last line of file ends without a newline
  #endif
..\USER\lxy_PWM.c(74): warning:  #1-D: last line of file ends without a newline
  }
..\USER\lxy_PWM.c: 3 warnings, 0 errors
compiling cpu.c...
compiling des.c...
compiling eeprom.c...
compiling epi.c...
compiling emac.c...
compiling flash.c...
compiling fpu.c...
compiling gpio.c...
compiling hibernate.c...
compiling i2c.c...
compiling interrupt.c...
compiling mpu.c...
compiling lcd.c...
compiling qei.c...
compiling onewire.c...
compiling shamd5.c...
compiling pwm.c...
compiling sw_crc.c...
compiling ssi.c...
compiling sysexc.c...
compiling systick.c...
compiling sysctl.c...
compiling watchdog.c...
compiling uart.c...
compiling timer.c...
compiling udma.c...
compiling uartstdio.c...
assembling startup_rvmdk.S...
compiling uc1701.c...
compiling usb.c...
compiling pcf8575.c...
linking...
Program Size: Code=6360 RO-data=1228 RW-data=36 ZI-data=8412  
".\Objects\Template.axf" - 0 Error(s), 32 Warning(s).

<h2>Software Packages used:</h2>

Package Vendor: Keil
                http://www.keil.com/pack/Keil.TM4C_DFP.1.1.0.pack
                Keil.TM4C_DFP.1.1.0
                Texas Instruments Tiva C Series Device Support and Examples

<h2>Collection of Component include folders:</h2>
  C:\Users\卢晓杨\AppData\Local\Arm\Packs\Keil\TM4C_DFP\1.1.0\Device\Include\TM4C123

<h2>Collection of Component Files used:</h2>
Build Time Elapsed:  00:00:01
</pre>
</body>
</html>
