<html>
<body>
<pre>
<h1>µVision Build Log</h1>
<h2>Tool Versions:</h2>
IDE-Version: ¦ÌVision V5.28.0.0
Copyright (C) 2019 ARM Ltd and ARM Germany GmbH. All rights reserved.
License Information: Â¬ÏþÑî,  , LIC=TIVNB-2MBM9-HLWCL-0P0NT-Z4PUP-WJSZY
 
Tool Versions:
Toolchain:       MDK-ARM Plus  Version: 5.28.0.0
Toolchain Path:  C:\Keil_v5\ARM\ARMCC\Bin
C Compiler:      Armcc.exe V5.06 update 6 (build 750)
Assembler:       Armasm.exe V5.06 update 6 (build 750)
Linker/Locator:  ArmLink.exe V5.06 update 6 (build 750)
Library Manager: ArmAr.exe V5.06 update 6 (build 750)
Hex Converter:   FromElf.exe V5.06 update 6 (build 750)
CPU DLL:         SARMCM3.DLL V5.28.0.0
Dialog DLL:      DCM.DLL V1.17.3.0
Target DLL:      lmidk-agdi.dll V???
Dialog DLL:      TCM.DLL V1.36.2.0
 
<h2>Project:</h2>
F:\tm4c23gh6pm\µãÁÁLED\tm4c\OBJ\Template.uvprojx
Project File Date:  01/13/2024

<h2>Output:</h2>
*** Using Compiler 'V5.06 update 6 (build 750)', folder: 'C:\Keil_v5\ARM\ARMCC\Bin'
Rebuild target 'Template'
compiling cpu.c...
compiling crc.c...
compiling comp.c...
compiling des.c...
compiling eeprom.c...
compiling aes.c...
compiling adc.c...
compiling main.c...
..\USER\main.c(36): warning:  #1-D: last line of file ends without a newline
  }
..\USER\main.c: 1 warning, 0 errors
compiling epi.c...
compiling emac.c...
compiling can.c...
compiling flash.c...
compiling fpu.c...
compiling interrupt.c...
compiling gpio.c...
compiling hibernate.c...
compiling i2c.c...
compiling lcd.c...
compiling mpu.c...
compiling onewire.c...
compiling shamd5.c...
compiling qei.c...
compiling ssi.c...
compiling sw_crc.c...
compiling pwm.c...
compiling systick.c...
compiling sysexc.c...
compiling timer.c...
assembling startup_rvmdk.S...
compiling uart.c...
compiling watchdog.c...
compiling udma.c...
compiling sysctl.c...
compiling usb.c...
linking...
Program Size: Code=1828 RO-data=16 RW-data=0 ZI-data=352  
".\Objects\Template.axf" - 0 Error(s), 1 Warning(s).

<h2>Software Packages used:</h2>

Package Vendor: Keil
                http://www.keil.com/pack/Keil.TM4C_DFP.1.1.0.pack
                Keil.TM4C_DFP.1.1.0
                Texas Instruments Tiva C Series Device Support and Examples

<h2>Collection of Component include folders:</h2>
  .\RTE\_Template
  C:\Users\Â¬ÏþÑî\AppData\Local\Arm\Packs\Keil\TM4C_DFP\1.1.0\Device\Include\TM4C123

<h2>Collection of Component Files used:</h2>
Build Time Elapsed:  00:00:01
</pre>
</body>
</html>
