<html>
<body>
<pre>
<h1>µVision Build Log</h1>
<h2>Tool Versions:</h2>
IDE-Version: ¦ÌVision V5.36.0.0
Copyright (C) 2021 ARM Ltd and ARM Germany GmbH. All rights reserved.
License Information:  ,   , LIC=TIVNB-2MBM9-HLWCL-0P0NT-Z4PUP-WJSZY
 
Tool Versions:
Toolchain:       MDK-ARM Plus  Version: 5.36.0.0
Toolchain Path:  C:\Keil_v5\ARM\ARMCC\Bin
C Compiler:      Armcc.exe V5.06 update 7 (build 960)
Assembler:       Armasm.exe V5.06 update 7 (build 960)
Linker/Locator:  ArmLink.exe V5.06 update 7 (build 960)
Library Manager: ArmAr.exe V5.06 update 7 (build 960)
Hex Converter:   FromElf.exe V5.06 update 7 (build 960)
CPU DLL:         SARMCM3.DLL V5.36.0.0
Dialog DLL:      DCM.DLL V1.17.3.0
Target DLL:      lmidk-agdi.dll V???
Dialog DLL:      TCM.DLL V1.53.0.0
 
<h2>Project:</h2>
F:\tm4c23gh6pm\ÈÎÎñ¶þ\tm4c\OBJ\Template.uvprojx
Project File Date:  02/15/2024

<h2>Output:</h2>
*** Using Compiler 'V5.06 update 7 (build 960)', folder: 'C:\Keil_v5\ARM\ARMCC\Bin'
Rebuild target 'Template'
compiling start.c...
..\USER\start.h(6): warning:  #1295-D: Deprecated declaration LED_INT - give arg types
  extern void LED_INT();
..\USER\start.h(7): warning:  #1295-D: Deprecated declaration key_INT - give arg types
  extern void key_INT();
..\USER\start.h(8): warning:  #1295-D: Deprecated declaration key_enable - give arg types
  extern  void  key_enable();
..\USER\start.h(10): warning:  #1-D: last line of file ends without a newline
  #endif
..\USER\start.c(70): warning:  #1-D: last line of file ends without a newline
  }
..\USER\start.c: 5 warnings, 0 errors
compiling adc.c...
compiling can.c...
compiling crc.c...
compiling comp.c...
compiling des.c...
compiling eeprom.c...
compiling main.c...
..\USER\start.h(6): warning:  #1295-D: Deprecated declaration LED_INT - give arg types
  extern void LED_INT();
..\USER\start.h(7): warning:  #1295-D: Deprecated declaration key_INT - give arg types
  extern void key_INT();
..\USER\start.h(8): warning:  #1295-D: Deprecated declaration key_enable - give arg types
  extern  void  key_enable();
..\USER\start.h(10): warning:  #1-D: last line of file ends without a newline
  #endif
..\USER\LED.h(5): warning:  #1295-D: Deprecated declaration LED_RED - give arg types
  extern void LED_RED();
..\USER\LED.h(6): warning:  #1295-D: Deprecated declaration LED_GREEN - give arg types
  extern void LED_GREEN();
..\USER\LED.h(7): warning:  #1295-D: Deprecated declaration LED_BULE - give arg types
  extern void LED_BULE();
..\USER\LED.h(9): warning:  #1-D: last line of file ends without a newline
  #endif
..\USER\main.c(31): warning:  #1295-D: Deprecated declaration K_1 - give arg types
  void K_1();
..\USER\main.c(32): warning:  #1295-D: Deprecated declaration K_2 - give arg types
  void K_2();
..\USER\main.c(33): warning:  #1295-D: Deprecated declaration K_3 - give arg types
  void K_3();
..\USER\main.c(34): warning:  #1295-D: Deprecated declaration delay_500ms - give arg types
  void delay_500ms();
..\USER\main.c(35): warning:  #1295-D: Deprecated declaration delay_1s - give arg types
  void delay_1s();
..\USER\main.c(36): warning:  #1295-D: Deprecated declaration delay_3s - give arg types
  void delay_3s();
..\USER\main.c(97): warning:  #223-D: function "GPIOIntStatus" declared implicitly
  	V=GPIOIntStatus(GPIO_PORTD_BASE,true);
..\USER\main.c(104): warning:  #223-D: function "GPIOIntStatus" declared implicitly
  	V=GPIOIntStatus(GPIO_PORTF_BASE,true);
..\USER\main.c(111): warning:  #223-D: function "GPIOIntStatus" declared implicitly
  	V=GPIOIntStatus(GPIO_PORTA_BASE,true);
..\USER\main.c: 17 warnings, 0 errors
compiling aes.c...
compiling LED.c...
..\USER\LED.h(5): warning:  #1295-D: Deprecated declaration LED_RED - give arg types
  extern void LED_RED();
..\USER\LED.h(6): warning:  #1295-D: Deprecated declaration LED_GREEN - give arg types
  extern void LED_GREEN();
..\USER\LED.h(7): warning:  #1295-D: Deprecated declaration LED_BULE - give arg types
  extern void LED_BULE();
..\USER\LED.h(9): warning:  #1-D: last line of file ends without a newline
  #endif
..\USER\start.h(6): warning:  #1295-D: Deprecated declaration LED_INT - give arg types
  extern void LED_INT();
..\USER\start.h(7): warning:  #1295-D: Deprecated declaration key_INT - give arg types
  extern void key_INT();
..\USER\start.h(8): warning:  #1295-D: Deprecated declaration key_enable - give arg types
  extern  void  key_enable();
..\USER\start.h(10): warning:  #1-D: last line of file ends without a newline
  #endif
..\USER\LED.c(50): warning:  #1-D: last line of file ends without a newline
  }
..\USER\LED.c: 9 warnings, 0 errors
compiling emac.c...
compiling cpu.c...
compiling epi.c...
compiling flash.c...
compiling fpu.c...
compiling gpio.c...
compiling hibernate.c...
compiling i2c.c...
compiling interrupt.c...
compiling lcd.c...
compiling mpu.c...
compiling onewire.c...
compiling sw_crc.c...
compiling qei.c...
compiling shamd5.c...
compiling ssi.c...
compiling pwm.c...
compiling systick.c...
compiling sysexc.c...
compiling timer.c...
compiling uart.c...
assembling startup_rvmdk.S...
compiling sysctl.c...
compiling watchdog.c...
compiling udma.c...
compiling usb.c...
linking...
Program Size: Code=3680 RO-data=1448 RW-data=1644 ZI-data=356  
".\Objects\Template.axf" - 0 Error(s), 31 Warning(s).

<h2>Software Packages used:</h2>

Package Vendor: Keil
                http://www.keil.com/pack/Keil.TM4C_DFP.1.1.0.pack
                Keil.TM4C_DFP.1.1.0
                Texas Instruments Tiva C Series Device Support and Examples

<h2>Collection of Component include folders:</h2>
  C:\Users\Â¬ÏþÑî\AppData\Local\Arm\Packs\Keil\TM4C_DFP\1.1.0\Device\Include\TM4C123

<h2>Collection of Component Files used:</h2>
Build Time Elapsed:  00:00:01
</pre>
</body>
</html>
