Component: ARM Compiler 6.16 Tool: armlink [5dfeaa00]

==============================================================================

Section Cross References

    main.o(.text.main) refers to sysctl.o(.text.SysCtlClockFreqSet) for SysCtlClockFreqSet
    main.o(.text.main) refers to system_tm4c129.o(.data.SystemCoreClock) for SystemCoreClock
    main.o(.text.main) refers to bsp_dwt.o(.text.bsp_InitDWT) for bsp_InitDWT
    main.o(.text.main) refers to bsp_led.o(.text.bsp_InitLed) for bsp_InitLed
    main.o(.text.main) refers to bsp_adc.o(.text.bsp_InitAdc0) for bsp_InitAdc0
    main.o(.ARM.exidx.text.main) refers to main.o(.text.main) for [Anonymous Symbol]
    adc.o(.text.ADCIntRegister) refers to adc.o(.text._ADCIntNumberGet) for _ADCIntNumberGet
    adc.o(.text.ADCIntRegister) refers to interrupt.o(.text.IntRegister) for IntRegister
    adc.o(.text.ADCIntRegister) refers to interrupt.o(.text.IntEnable) for IntEnable
    adc.o(.ARM.exidx.text.ADCIntRegister) refers to adc.o(.text.ADCIntRegister) for [Anonymous Symbol]
    adc.o(.ARM.exidx.text._ADCIntNumberGet) refers to adc.o(.text._ADCIntNumberGet) for [Anonymous Symbol]
    adc.o(.text.ADCIntUnregister) refers to adc.o(.text._ADCIntNumberGet) for _ADCIntNumberGet
    adc.o(.text.ADCIntUnregister) refers to interrupt.o(.text.IntDisable) for IntDisable
    adc.o(.text.ADCIntUnregister) refers to interrupt.o(.text.IntUnregister) for IntUnregister
    adc.o(.ARM.exidx.text.ADCIntUnregister) refers to adc.o(.text.ADCIntUnregister) for [Anonymous Symbol]
    adc.o(.ARM.exidx.text.ADCIntDisable) refers to adc.o(.text.ADCIntDisable) for [Anonymous Symbol]
    adc.o(.ARM.exidx.text.ADCIntEnable) refers to adc.o(.text.ADCIntEnable) for [Anonymous Symbol]
    adc.o(.ARM.exidx.text.ADCIntStatus) refers to adc.o(.text.ADCIntStatus) for [Anonymous Symbol]
    adc.o(.ARM.exidx.text.ADCIntClear) refers to adc.o(.text.ADCIntClear) for [Anonymous Symbol]
    adc.o(.ARM.exidx.text.ADCSequenceEnable) refers to adc.o(.text.ADCSequenceEnable) for [Anonymous Symbol]
    adc.o(.ARM.exidx.text.ADCSequenceDisable) refers to adc.o(.text.ADCSequenceDisable) for [Anonymous Symbol]
    adc.o(.ARM.exidx.text.ADCSequenceConfigure) refers to adc.o(.text.ADCSequenceConfigure) for [Anonymous Symbol]
    adc.o(.ARM.exidx.text.ADCSequenceStepConfigure) refers to adc.o(.text.ADCSequenceStepConfigure) for [Anonymous Symbol]
    adc.o(.ARM.exidx.text.ADCSequenceOverflow) refers to adc.o(.text.ADCSequenceOverflow) for [Anonymous Symbol]
    adc.o(.ARM.exidx.text.ADCSequenceOverflowClear) refers to adc.o(.text.ADCSequenceOverflowClear) for [Anonymous Symbol]
    adc.o(.ARM.exidx.text.ADCSequenceUnderflow) refers to adc.o(.text.ADCSequenceUnderflow) for [Anonymous Symbol]
    adc.o(.ARM.exidx.text.ADCSequenceUnderflowClear) refers to adc.o(.text.ADCSequenceUnderflowClear) for [Anonymous Symbol]
    adc.o(.ARM.exidx.text.ADCSequenceDataGet) refers to adc.o(.text.ADCSequenceDataGet) for [Anonymous Symbol]
    adc.o(.ARM.exidx.text.ADCProcessorTrigger) refers to adc.o(.text.ADCProcessorTrigger) for [Anonymous Symbol]
    adc.o(.text.ADCSoftwareOversampleConfigure) refers to adc.o(.bss.g_pui8OversampleFactor) for g_pui8OversampleFactor
    adc.o(.ARM.exidx.text.ADCSoftwareOversampleConfigure) refers to adc.o(.text.ADCSoftwareOversampleConfigure) for [Anonymous Symbol]
    adc.o(.text.ADCSoftwareOversampleStepConfigure) refers to adc.o(.bss.g_pui8OversampleFactor) for g_pui8OversampleFactor
    adc.o(.ARM.exidx.text.ADCSoftwareOversampleStepConfigure) refers to adc.o(.text.ADCSoftwareOversampleStepConfigure) for [Anonymous Symbol]
    adc.o(.text.ADCSoftwareOversampleDataGet) refers to adc.o(.bss.g_pui8OversampleFactor) for g_pui8OversampleFactor
    adc.o(.ARM.exidx.text.ADCSoftwareOversampleDataGet) refers to adc.o(.text.ADCSoftwareOversampleDataGet) for [Anonymous Symbol]
    adc.o(.ARM.exidx.text.ADCHardwareOversampleConfigure) refers to adc.o(.text.ADCHardwareOversampleConfigure) for [Anonymous Symbol]
    adc.o(.ARM.exidx.text.ADCComparatorConfigure) refers to adc.o(.text.ADCComparatorConfigure) for [Anonymous Symbol]
    adc.o(.ARM.exidx.text.ADCComparatorRegionSet) refers to adc.o(.text.ADCComparatorRegionSet) for [Anonymous Symbol]
    adc.o(.ARM.exidx.text.ADCComparatorReset) refers to adc.o(.text.ADCComparatorReset) for [Anonymous Symbol]
    adc.o(.ARM.exidx.text.ADCComparatorIntDisable) refers to adc.o(.text.ADCComparatorIntDisable) for [Anonymous Symbol]
    adc.o(.ARM.exidx.text.ADCComparatorIntEnable) refers to adc.o(.text.ADCComparatorIntEnable) for [Anonymous Symbol]
    adc.o(.ARM.exidx.text.ADCComparatorIntStatus) refers to adc.o(.text.ADCComparatorIntStatus) for [Anonymous Symbol]
    adc.o(.ARM.exidx.text.ADCComparatorIntClear) refers to adc.o(.text.ADCComparatorIntClear) for [Anonymous Symbol]
    adc.o(.ARM.exidx.text.ADCIntDisableEx) refers to adc.o(.text.ADCIntDisableEx) for [Anonymous Symbol]
[...]
    Removing timer.o(.text.TimerDMAEventSet), (4 bytes).
    Removing timer.o(.ARM.exidx.text.TimerDMAEventSet), (8 bytes).
    Removing timer.o(.text.TimerDMAEventGet), (4 bytes).
    Removing timer.o(.ARM.exidx.text.TimerDMAEventGet), (8 bytes).
    Removing timer.o(.text.TimerUpdateMode), (40 bytes).
    Removing timer.o(.ARM.exidx.text.TimerUpdateMode), (8 bytes).
    Removing timer.o(.rodata.g_ppui32TimerIntMap), (96 bytes).
    Removing timer.o(.rodata.g_ppui32TimerIntMapSnowflake), (64 bytes).
    Removing uart.o(.text), (0 bytes).
    Removing uart.o(.text.UARTParityModeSet), (12 bytes).
    Removing uart.o(.ARM.exidx.text.UARTParityModeSet), (8 bytes).
    Removing uart.o(.text.UARTParityModeGet), (8 bytes).
    Removing uart.o(.ARM.exidx.text.UARTParityModeGet), (8 bytes).
    Removing uart.o(.text.UARTFIFOLevelSet), (6 bytes).
    Removing uart.o(.ARM.exidx.text.UARTFIFOLevelSet), (8 bytes).
    Removing uart.o(.text.UARTFIFOLevelGet), (16 bytes).
    Removing uart.o(.ARM.exidx.text.UARTFIFOLevelGet), (8 bytes).
    Removing uart.o(.text.UARTConfigSetExpClk), (74 bytes).
    Removing uart.o(.ARM.exidx.text.UARTConfigSetExpClk), (8 bytes).
    Removing uart.o(.text.UARTDisable), (26 bytes).
    Removing uart.o(.ARM.exidx.text.UARTDisable), (8 bytes).
    Removing uart.o(.text.UARTEnable), (20 bytes).
    Removing uart.o(.ARM.exidx.text.UARTEnable), (8 bytes).
    Removing uart.o(.text.UARTConfigGetExpClk), (46 bytes).
    Removing uart.o(.ARM.exidx.text.UARTConfigGetExpClk), (8 bytes).
    Removing uart.o(.text.UARTFIFOEnable), (10 bytes).
    Removing uart.o(.ARM.exidx.text.UARTFIFOEnable), (8 bytes).
    Removing uart.o(.text.UARTFIFODisable), (10 bytes).
    Removing uart.o(.ARM.exidx.text.UARTFIFODisable), (8 bytes).
    Removing uart.o(.text.UARTEnableSIR), (18 bytes).
    Removing uart.o(.ARM.exidx.text.UARTEnableSIR), (8 bytes).
    Removing uart.o(.text.UARTDisableSIR), (10 bytes).
    Removing uart.o(.ARM.exidx.text.UARTDisableSIR), (8 bytes).
    Removing uart.o(.text.UARTSmartCardEnable), (22 bytes).
    Removing uart.o(.ARM.exidx.text.UARTSmartCardEnable), (8 bytes).
    Removing uart.o(.text.UARTSmartCardDisable), (10 bytes).
    Removing uart.o(.ARM.exidx.text.UARTSmartCardDisable), (8 bytes).
    Removing uart.o(.text.UARTModemControlSet), (12 bytes).
    Removing uart.o(.ARM.exidx.text.UARTModemControlSet), (8 bytes).
    Removing uart.o(.text.UARTModemControlClear), (16 bytes).
    Removing uart.o(.ARM.exidx.text.UARTModemControlClear), (8 bytes).
    Removing uart.o(.text.UARTModemControlGet), (8 bytes).
    Removing uart.o(.ARM.exidx.text.UARTModemControlGet), (8 bytes).
    Removing uart.o(.text.UARTModemStatusGet), (10 bytes).
    Removing uart.o(.ARM.exidx.text.UARTModemStatusGet), (8 bytes).
    Removing uart.o(.text.UARTFlowControlSet), (12 bytes).
    Removing uart.o(.ARM.exidx.text.UARTFlowControlSet), (8 bytes).
    Removing uart.o(.text.UARTFlowControlGet), (8 bytes).
    Removing uart.o(.ARM.exidx.text.UARTFlowControlGet), (8 bytes).
    Removing uart.o(.text.UARTTxIntModeSet), (12 bytes).
    Removing uart.o(.ARM.exidx.text.UARTTxIntModeSet), (8 bytes).
    Removing uart.o(.text.UARTTxIntModeGet), (8 bytes).
    Removing uart.o(.ARM.exidx.text.UARTTxIntModeGet), (8 bytes).
    Removing uart.o(.text.UARTCharsAvail), (14 bytes).
    Removing uart.o(.ARM.exidx.text.UARTCharsAvail), (8 bytes).
    Removing uart.o(.text.UARTSpaceAvail), (14 bytes).
    Removing uart.o(.ARM.exidx.text.UARTSpaceAvail), (8 bytes).
    Removing uart.o(.text.UARTCharGetNonBlocking), (14 bytes).
    Removing uart.o(.ARM.exidx.text.UARTCharGetNonBlocking), (8 bytes).
    Removing uart.o(.text.UARTCharGet), (10 bytes).
    Removing uart.o(.ARM.exidx.text.UARTCharGet), (8 bytes).
    Removing uart.o(.text.UARTCharPutNonBlocking), (18 bytes).
    Removing uart.o(.ARM.exidx.text.UARTCharPutNonBlocking), (8 bytes).
    Removing uart.o(.text.UARTCharPut), (10 bytes).
    Removing uart.o(.ARM.exidx.text.UARTCharPut), (8 bytes).
    Removing uart.o(.text.UARTBreakCtl), (12 bytes).
    Removing uart.o(.ARM.exidx.text.UARTBreakCtl), (8 bytes).
    Removing uart.o(.text.UARTBusy), (8 bytes).
    Removing uart.o(.ARM.exidx.text.UARTBusy), (8 bytes).
    Removing uart.o(.text.UARTIntRegister), (24 bytes).
    Removing uart.o(.ARM.exidx.text.UARTIntRegister), (8 bytes).
    Removing uart.o(.text._UARTIntNumberGet), (80 bytes).
    Removing uart.o(.ARM.exidx.text._UARTIntNumberGet), (8 bytes).
    Removing uart.o(.text.UARTIntUnregister), (20 bytes).
    Removing uart.o(.ARM.exidx.text.UARTIntUnregister), (8 bytes).
    Removing uart.o(.text.UARTIntEnable), (8 bytes).
    Removing uart.o(.ARM.exidx.text.UARTIntEnable), (8 bytes).
    Removing uart.o(.text.UARTIntDisable), (10 bytes).
    Removing uart.o(.ARM.exidx.text.UARTIntDisable), (8 bytes).
    Removing uart.o(.text.UARTIntStatus), (12 bytes).
    Removing uart.o(.ARM.exidx.text.UARTIntStatus), (8 bytes).
    Removing uart.o(.text.UARTIntClear), (4 bytes).
    Removing uart.o(.ARM.exidx.text.UARTIntClear), (8 bytes).
    Removing uart.o(.text.UARTDMAEnable), (8 bytes).
    Removing uart.o(.ARM.exidx.text.UARTDMAEnable), (8 bytes).
    Removing uart.o(.text.UARTDMADisable), (10 bytes).
    Removing uart.o(.ARM.exidx.text.UARTDMADisable), (8 bytes).
    Removing uart.o(.text.UARTRxErrorGet), (8 bytes).
    Removing uart.o(.ARM.exidx.text.UARTRxErrorGet), (8 bytes).
    Removing uart.o(.text.UARTRxErrorClear), (6 bytes).
    Removing uart.o(.ARM.exidx.text.UARTRxErrorClear), (8 bytes).
    Removing uart.o(.text.UARTClockSourceSet), (6 bytes).
    Removing uart.o(.ARM.exidx.text.UARTClockSourceSet), (8 bytes).
    Removing uart.o(.text.UARTClockSourceGet), (6 bytes).
    Removing uart.o(.ARM.exidx.text.UARTClockSourceGet), (8 bytes).
    Removing uart.o(.text.UART9BitEnable), (14 bytes).
    Removing uart.o(.ARM.exidx.text.UART9BitEnable), (8 bytes).
    Removing uart.o(.text.UART9BitDisable), (14 bytes).
    Removing uart.o(.ARM.exidx.text.UART9BitDisable), (8 bytes).
    Removing uart.o(.text.UART9BitAddrSet), (10 bytes).
    Removing uart.o(.ARM.exidx.text.UART9BitAddrSet), (8 bytes).
    Removing uart.o(.text.UART9BitAddrSend), (38 bytes).
    Removing uart.o(.ARM.exidx.text.UART9BitAddrSend), (8 bytes).
    Removing uart.o(.text.UARTLoopbackEnable), (10 bytes).
    Removing uart.o(.ARM.exidx.text.UARTLoopbackEnable), (8 bytes).
    Removing uart.o(.rodata.g_ppui32UARTIntMap), (64 bytes).
    Removing uart.o(.rodata.g_ppui32UARTIntMapSnowflake), (64 bytes).
    Removing udma.o(.text), (0 bytes).
    Removing udma.o(.ARM.exidx.text.uDMAEnable), (8 bytes).
    Removing udma.o(.text.uDMADisable), (14 bytes).
    Removing udma.o(.ARM.exidx.text.uDMADisable), (8 bytes).
    Removing udma.o(.text.uDMAErrorStatusGet), (12 bytes).
    Removing udma.o(.ARM.exidx.text.uDMAErrorStatusGet), (8 bytes).
    Removing udma.o(.text.uDMAErrorStatusClear), (14 bytes).
    Removing udma.o(.ARM.exidx.text.uDMAErrorStatusClear), (8 bytes).
    Removing udma.o(.ARM.exidx.text.uDMAChannelEnable), (8 bytes).
    Removing udma.o(.text.uDMAChannelDisable), (22 bytes).
    Removing udma.o(.ARM.exidx.text.uDMAChannelDisable), (8 bytes).
    Removing udma.o(.text.uDMAChannelIsEnabled), (24 bytes).
    Removing udma.o(.ARM.exidx.text.uDMAChannelIsEnabled), (8 bytes).
    Removing udma.o(.ARM.exidx.text.uDMAControlBaseSet), (8 bytes).
    Removing udma.o(.text.uDMAControlBaseGet), (12 bytes).
    Removing udma.o(.ARM.exidx.text.uDMAControlBaseGet), (8 bytes).
    Removing udma.o(.text.uDMAControlAlternateBaseGet), (12 bytes).
    Removing udma.o(.ARM.exidx.text.uDMAControlAlternateBaseGet), (8 bytes).
    Removing udma.o(.text.uDMAChannelRequest), (22 bytes).
    Removing udma.o(.ARM.exidx.text.uDMAChannelRequest), (8 bytes).
    Removing udma.o(.ARM.exidx.text.uDMAChannelAttributeEnable), (8 bytes).
    Removing udma.o(.ARM.exidx.text.uDMAChannelAttributeDisable), (8 bytes).
    Removing udma.o(.text.uDMAChannelAttributeGet), (52 bytes).
    Removing udma.o(.ARM.exidx.text.uDMAChannelAttributeGet), (8 bytes).
    Removing udma.o(.ARM.exidx.text.uDMAChannelControlSet), (8 bytes).
    Removing udma.o(.ARM.exidx.text.uDMAChannelTransferSet), (8 bytes).
    Removing udma.o(.text.uDMAChannelScatterGatherSet), (86 bytes).
    Removing udma.o(.ARM.exidx.text.uDMAChannelScatterGatherSet), (8 bytes).
    Removing udma.o(.text.uDMAChannelSizeGet), (38 bytes).
    Removing udma.o(.ARM.exidx.text.uDMAChannelSizeGet), (8 bytes).
    Removing udma.o(.ARM.exidx.text.uDMAChannelModeGet), (8 bytes).
    Removing udma.o(.text.uDMAIntRegister), (16 bytes).
    Removing udma.o(.ARM.exidx.text.uDMAIntRegister), (8 bytes).
    Removing udma.o(.text.uDMAIntUnregister), (16 bytes).
    Removing udma.o(.ARM.exidx.text.uDMAIntUnregister), (8 bytes).
    Removing udma.o(.text.uDMAIntStatus), (12 bytes).
    Removing udma.o(.ARM.exidx.text.uDMAIntStatus), (8 bytes).
    Removing udma.o(.text.uDMAIntClear), (12 bytes).
    Removing udma.o(.ARM.exidx.text.uDMAIntClear), (8 bytes).
    Removing udma.o(.text.uDMAChannelAssign), (50 bytes).
    Removing udma.o(.ARM.exidx.text.uDMAChannelAssign), (8 bytes).
    Removing udma.o(.text.uDMAChannelSelectSecondary), (16 bytes).
    Removing udma.o(.ARM.exidx.text.uDMAChannelSelectSecondary), (8 bytes).
    Removing udma.o(.text.uDMAChannelSelectDefault), (18 bytes).
    Removing udma.o(.ARM.exidx.text.uDMAChannelSelectDefault), (8 bytes).
    Removing usb.o(.text), (0 bytes).
    Removing usb.o(.text.USBHostSuspend), (10 bytes).
    Removing usb.o(.ARM.exidx.text.USBHostSuspend), (8 bytes).
    Removing usb.o(.text.USBHostReset), (14 bytes).
    Removing usb.o(.ARM.exidx.text.USBHostReset), (8 bytes).
    Removing usb.o(.text.USBHighSpeed), (14 bytes).
    Removing usb.o(.ARM.exidx.text.USBHighSpeed), (8 bytes).
    Removing usb.o(.text.USBHostResume), (14 bytes).
    Removing usb.o(.ARM.exidx.text.USBHostResume), (8 bytes).
    Removing usb.o(.text.USBHostSpeedGet), (40 bytes).
    Removing usb.o(.ARM.exidx.text.USBHostSpeedGet), (8 bytes).
    Removing usb.o(.text.USBDevSpeedGet), (14 bytes).
    Removing usb.o(.ARM.exidx.text.USBDevSpeedGet), (8 bytes).
    Removing usb.o(.text.USBIntDisableControl), (40 bytes).
    Removing usb.o(.ARM.exidx.text.USBIntDisableControl), (8 bytes).
    Removing usb.o(.text.USBIntEnableControl), (40 bytes).
    Removing usb.o(.ARM.exidx.text.USBIntEnableControl), (8 bytes).
    Removing usb.o(.text.USBIntStatusControl), (58 bytes).
    Removing usb.o(.ARM.exidx.text.USBIntStatusControl), (8 bytes).
    Removing usb.o(.text.USBIntDisableEndpoint), (20 bytes).
    Removing usb.o(.ARM.exidx.text.USBIntDisableEndpoint), (8 bytes).
    Removing usb.o(.text.USBIntEnableEndpoint), (22 bytes).
    Removing usb.o(.ARM.exidx.text.USBIntEnableEndpoint), (8 bytes).
    Removing usb.o(.text.USBIntStatusEndpoint), (10 bytes).
    Removing usb.o(.ARM.exidx.text.USBIntStatusEndpoint), (8 bytes).
    Removing usb.o(.text.USBIntRegister), (24 bytes).
    Removing usb.o(.ARM.exidx.text.USBIntRegister), (8 bytes).
    Removing usb.o(.text._USBIntNumberGet), (50 bytes).
    Removing usb.o(.ARM.exidx.text._USBIntNumberGet), (8 bytes).
    Removing usb.o(.text.USBIntUnregister), (20 bytes).
    Removing usb.o(.ARM.exidx.text.USBIntUnregister), (8 bytes).
    Removing usb.o(.text.USBEndpointStatus), (16 bytes).
    Removing usb.o(.ARM.exidx.text.USBEndpointStatus), (8 bytes).
    Removing usb.o(.text.USBHostEndpointStatusClear), (34 bytes).
    Removing usb.o(.ARM.exidx.text.USBHostEndpointStatusClear), (8 bytes).
    Removing usb.o(.text.USBDevEndpointStatusClear), (96 bytes).
    Removing usb.o(.ARM.exidx.text.USBDevEndpointStatusClear), (8 bytes).
    Removing usb.o(.text.USBHostEndpointDataToggle), (84 bytes).
    Removing usb.o(.ARM.exidx.text.USBHostEndpointDataToggle), (8 bytes).
    Removing usb.o(.text.USBEndpointDataToggleClear), (34 bytes).
    Removing usb.o(.ARM.exidx.text.USBEndpointDataToggleClear), (8 bytes).
    Removing usb.o(.text.USBHostEndpointPing), (24 bytes).
    Removing usb.o(.ARM.exidx.text.USBHostEndpointPing), (8 bytes).
    Removing usb.o(.text.USBDevEndpointStall), (42 bytes).
    Removing usb.o(.ARM.exidx.text.USBDevEndpointStall), (8 bytes).
    Removing usb.o(.text.USBDevEndpointStallClear), (78 bytes).
    Removing usb.o(.ARM.exidx.text.USBDevEndpointStallClear), (8 bytes).
    Removing usb.o(.text.USBDevConnect), (10 bytes).
    Removing usb.o(.ARM.exidx.text.USBDevConnect), (8 bytes).
    Removing usb.o(.text.USBDevDisconnect), (10 bytes).
    Removing usb.o(.ARM.exidx.text.USBDevDisconnect), (8 bytes).
    Removing usb.o(.text.USBDevAddrSet), (4 bytes).
    Removing usb.o(.ARM.exidx.text.USBDevAddrSet), (8 bytes).
    Removing usb.o(.text.USBDevAddrGet), (4 bytes).
    Removing usb.o(.ARM.exidx.text.USBDevAddrGet), (8 bytes).
    Removing usb.o(.text.USBHostEndpointConfig), (194 bytes).
    Removing usb.o(.ARM.exidx.text.USBHostEndpointConfig), (8 bytes).
    Removing usb.o(.text.USBHostEndpointSpeed), (84 bytes).
    Removing usb.o(.ARM.exidx.text.USBHostEndpointSpeed), (8 bytes).
    Removing usb.o(.text.USBDevEndpointConfigSet), (116 bytes).
    Removing usb.o(.ARM.exidx.text.USBDevEndpointConfigSet), (8 bytes).
    Removing usb.o(.text.USBDevEndpointConfigGet), (154 bytes).
    Removing usb.o(.ARM.exidx.text.USBDevEndpointConfigGet), (8 bytes).
    Removing usb.o(.text.USBFIFOConfigSet), (70 bytes).
    Removing usb.o(.ARM.exidx.text.USBFIFOConfigSet), (8 bytes).
    Removing usb.o(.text._USBIndexWrite), (28 bytes).
    Removing usb.o(.ARM.exidx.text._USBIndexWrite), (8 bytes).
    Removing usb.o(.text.USBFIFOConfigGet), (72 bytes).
    Removing usb.o(.ARM.exidx.text.USBFIFOConfigGet), (8 bytes).
    Removing usb.o(.text._USBIndexRead), (28 bytes).
    Removing usb.o(.ARM.exidx.text._USBIndexRead), (8 bytes).
    Removing usb.o(.text.USBEndpointDMAConfigSet), (70 bytes).
    Removing usb.o(.ARM.exidx.text.USBEndpointDMAConfigSet), (8 bytes).
    Removing usb.o(.text.USBEndpointDMAEnable), (32 bytes).
    Removing usb.o(.ARM.exidx.text.USBEndpointDMAEnable), (8 bytes).
    Removing usb.o(.text.USBEndpointDMADisable), (34 bytes).
    Removing usb.o(.ARM.exidx.text.USBEndpointDMADisable), (8 bytes).
    Removing usb.o(.text.USBEndpointDataAvail), (28 bytes).
    Removing usb.o(.ARM.exidx.text.USBEndpointDataAvail), (8 bytes).
    Removing usb.o(.text.USBEndpointDataGet), (84 bytes).
    Removing usb.o(.ARM.exidx.text.USBEndpointDataGet), (8 bytes).
    Removing usb.o(.text.USBDevEndpointDataAck), (32 bytes).
    Removing usb.o(.ARM.exidx.text.USBDevEndpointDataAck), (8 bytes).
    Removing usb.o(.text.USBHostEndpointDataAck), (24 bytes).
    Removing usb.o(.ARM.exidx.text.USBHostEndpointDataAck), (8 bytes).
    Removing usb.o(.text.USBEndpointDataPut), (60 bytes).
    Removing usb.o(.ARM.exidx.text.USBEndpointDataPut), (8 bytes).
    Removing usb.o(.text.USBEndpointDataSend), (44 bytes).
    Removing usb.o(.ARM.exidx.text.USBEndpointDataSend), (8 bytes).
    Removing usb.o(.text.USBFIFOFlush), (72 bytes).
    Removing usb.o(.ARM.exidx.text.USBFIFOFlush), (8 bytes).
    Removing usb.o(.text.USBHostRequestIN), (20 bytes).
    Removing usb.o(.ARM.exidx.text.USBHostRequestIN), (8 bytes).
    Removing usb.o(.text.USBHostRequestINClear), (22 bytes).
    Removing usb.o(.ARM.exidx.text.USBHostRequestINClear), (8 bytes).
    Removing usb.o(.text.USBHostRequestStatus), (8 bytes).
    Removing usb.o(.ARM.exidx.text.USBHostRequestStatus), (8 bytes).
    Removing usb.o(.text.USBHostAddrSet), (18 bytes).
    Removing usb.o(.ARM.exidx.text.USBHostAddrSet), (8 bytes).
    Removing usb.o(.text.USBHostAddrGet), (18 bytes).
    Removing usb.o(.ARM.exidx.text.USBHostAddrGet), (8 bytes).
    Removing usb.o(.text.USBHostHubAddrSet), (64 bytes).
    Removing usb.o(.ARM.exidx.text.USBHostHubAddrSet), (8 bytes).
    Removing usb.o(.text.USBHostHubAddrGet), (18 bytes).
    Removing usb.o(.ARM.exidx.text.USBHostHubAddrGet), (8 bytes).
    Removing usb.o(.text.USBHostPwrConfig), (24 bytes).
    Removing usb.o(.ARM.exidx.text.USBHostPwrConfig), (8 bytes).
    Removing usb.o(.text.USBHostPwrFaultEnable), (14 bytes).
    Removing usb.o(.ARM.exidx.text.USBHostPwrFaultEnable), (8 bytes).
    Removing usb.o(.text.USBHostPwrFaultDisable), (14 bytes).
    Removing usb.o(.ARM.exidx.text.USBHostPwrFaultDisable), (8 bytes).
    Removing usb.o(.text.USBHostPwrEnable), (14 bytes).
    Removing usb.o(.ARM.exidx.text.USBHostPwrEnable), (8 bytes).
    Removing usb.o(.text.USBHostPwrDisable), (14 bytes).
    Removing usb.o(.ARM.exidx.text.USBHostPwrDisable), (8 bytes).
    Removing usb.o(.text.USBFrameNumberGet), (4 bytes).
    Removing usb.o(.ARM.exidx.text.USBFrameNumberGet), (8 bytes).
    Removing usb.o(.text.USBOTGSessionRequest), (16 bytes).
    Removing usb.o(.ARM.exidx.text.USBOTGSessionRequest), (8 bytes).
    Removing usb.o(.text.USBFIFOAddrGet), (8 bytes).
    Removing usb.o(.ARM.exidx.text.USBFIFOAddrGet), (8 bytes).
    Removing usb.o(.text.USBModeGet), (10 bytes).
    Removing usb.o(.ARM.exidx.text.USBModeGet), (8 bytes).
    Removing usb.o(.text.USBEndpointDMAChannel), (32 bytes).
    Removing usb.o(.ARM.exidx.text.USBEndpointDMAChannel), (8 bytes).
    Removing usb.o(.text.USBHostMode), (8 bytes).
    Removing usb.o(.ARM.exidx.text.USBHostMode), (8 bytes).
    Removing usb.o(.text.USBDevMode), (8 bytes).
    Removing usb.o(.ARM.exidx.text.USBDevMode), (8 bytes).
    Removing usb.o(.text.USBOTGMode), (8 bytes).
    Removing usb.o(.ARM.exidx.text.USBOTGMode), (8 bytes).
    Removing usb.o(.text.USBModeConfig), (6 bytes).
    Removing usb.o(.ARM.exidx.text.USBModeConfig), (8 bytes).
    Removing usb.o(.text.USBPHYPowerOff), (10 bytes).
    Removing usb.o(.ARM.exidx.text.USBPHYPowerOff), (8 bytes).
    Removing usb.o(.text.USBPHYPowerOn), (10 bytes).
    Removing usb.o(.ARM.exidx.text.USBPHYPowerOn), (8 bytes).
    Removing usb.o(.text.USBEndpointPacketCountSet), (16 bytes).
    Removing usb.o(.ARM.exidx.text.USBEndpointPacketCountSet), (8 bytes).
    Removing usb.o(.text.USBNumEndpointsGet), (10 bytes).
    Removing usb.o(.ARM.exidx.text.USBNumEndpointsGet), (8 bytes).
    Removing usb.o(.text.USBControllerVersion), (10 bytes).
    Removing usb.o(.ARM.exidx.text.USBControllerVersion), (8 bytes).
    Removing usb.o(.text.USBClockEnable), (10 bytes).
    Removing usb.o(.ARM.exidx.text.USBClockEnable), (8 bytes).
    Removing usb.o(.text.USBClockDisable), (8 bytes).
    Removing usb.o(.ARM.exidx.text.USBClockDisable), (8 bytes).
    Removing usb.o(.text.USBDMAChannelIntEnable), (18 bytes).
    Removing usb.o(.ARM.exidx.text.USBDMAChannelIntEnable), (8 bytes).
    Removing usb.o(.text.USBDMAChannelIntDisable), (18 bytes).
    Removing usb.o(.ARM.exidx.text.USBDMAChannelIntDisable), (8 bytes).
    Removing usb.o(.text.USBDMAChannelIntStatus), (6 bytes).
    Removing usb.o(.ARM.exidx.text.USBDMAChannelIntStatus), (8 bytes).
    Removing usb.o(.text.USBDMAChannelEnable), (18 bytes).
    Removing usb.o(.ARM.exidx.text.USBDMAChannelEnable), (8 bytes).
    Removing usb.o(.text.USBDMAChannelDisable), (18 bytes).
    Removing usb.o(.ARM.exidx.text.USBDMAChannelDisable), (8 bytes).
    Removing usb.o(.text.USBDMAChannelConfigSet), (20 bytes).
    Removing usb.o(.ARM.exidx.text.USBDMAChannelConfigSet), (8 bytes).
    Removing usb.o(.text.USBDMAChannelStatus), (14 bytes).
    Removing usb.o(.ARM.exidx.text.USBDMAChannelStatus), (8 bytes).
    Removing usb.o(.text.USBDMAChannelStatusClear), (24 bytes).
    Removing usb.o(.ARM.exidx.text.USBDMAChannelStatusClear), (8 bytes).
    Removing usb.o(.text.USBDMAChannelAddressSet), (10 bytes).
    Removing usb.o(.ARM.exidx.text.USBDMAChannelAddressSet), (8 bytes).
    Removing usb.o(.text.USBDMAChannelAddressGet), (10 bytes).
    Removing usb.o(.ARM.exidx.text.USBDMAChannelAddressGet), (8 bytes).
    Removing usb.o(.text.USBDMAChannelCountSet), (10 bytes).
    Removing usb.o(.ARM.exidx.text.USBDMAChannelCountSet), (8 bytes).
    Removing usb.o(.text.USBDMAChannelCountGet), (10 bytes).
    Removing usb.o(.ARM.exidx.text.USBDMAChannelCountGet), (8 bytes).
    Removing usb.o(.text.USBDMANumChannels), (8 bytes).
    Removing usb.o(.ARM.exidx.text.USBDMANumChannels), (8 bytes).
    Removing usb.o(.text.USBULPIConfig), (6 bytes).
    Removing usb.o(.ARM.exidx.text.USBULPIConfig), (8 bytes).
    Removing usb.o(.text.USBULPIEnable), (14 bytes).
    Removing usb.o(.ARM.exidx.text.USBULPIEnable), (8 bytes).
    Removing usb.o(.text.USBULPIDisable), (14 bytes).
    Removing usb.o(.ARM.exidx.text.USBULPIDisable), (8 bytes).
    Removing usb.o(.text.USBULPIRegRead), (32 bytes).
    Removing usb.o(.ARM.exidx.text.USBULPIRegRead), (8 bytes).
    Removing usb.o(.text.USBULPIRegWrite), (32 bytes).
    Removing usb.o(.ARM.exidx.text.USBULPIRegWrite), (8 bytes).
    Removing usb.o(.text.USBHostLPMSend), (38 bytes).
    Removing usb.o(.ARM.exidx.text.USBHostLPMSend), (8 bytes).
    Removing usb.o(.text.USBHostLPMConfig), (30 bytes).
    Removing usb.o(.ARM.exidx.text.USBHostLPMConfig), (8 bytes).
    Removing usb.o(.text.USBHostLPMResume), (14 bytes).
    Removing usb.o(.ARM.exidx.text.USBHostLPMResume), (8 bytes).
    Removing usb.o(.text.USBDevLPMRemoteWake), (14 bytes).
    Removing usb.o(.ARM.exidx.text.USBDevLPMRemoteWake), (8 bytes).
    Removing usb.o(.text.USBDevLPMConfig), (6 bytes).
    Removing usb.o(.ARM.exidx.text.USBDevLPMConfig), (8 bytes).
    Removing usb.o(.text.USBDevLPMEnable), (14 bytes).
    Removing usb.o(.ARM.exidx.text.USBDevLPMEnable), (8 bytes).
    Removing usb.o(.text.USBDevLPMDisable), (14 bytes).
    Removing usb.o(.ARM.exidx.text.USBDevLPMDisable), (8 bytes).
    Removing usb.o(.text.USBLPMLinkStateGet), (10 bytes).
    Removing usb.o(.ARM.exidx.text.USBLPMLinkStateGet), (8 bytes).
    Removing usb.o(.text.USBLPMEndpointGet), (12 bytes).
    Removing usb.o(.ARM.exidx.text.USBLPMEndpointGet), (8 bytes).
    Removing usb.o(.text.USBLPMRemoteWakeEnabled), (10 bytes).
    Removing usb.o(.ARM.exidx.text.USBLPMRemoteWakeEnabled), (8 bytes).
    Removing usb.o(.text.USBLPMIntStatus), (6 bytes).
    Removing usb.o(.ARM.exidx.text.USBLPMIntStatus), (8 bytes).
    Removing usb.o(.text.USBLPMIntEnable), (12 bytes).
    Removing usb.o(.ARM.exidx.text.USBLPMIntEnable), (8 bytes).
    Removing usb.o(.text.USBLPMIntDisable), (14 bytes).
    Removing usb.o(.ARM.exidx.text.USBLPMIntDisable), (8 bytes).
    Removing watchdog.o(.text), (0 bytes).
    Removing watchdog.o(.text.WatchdogRunning), (8 bytes).
    Removing watchdog.o(.ARM.exidx.text.WatchdogRunning), (8 bytes).
    Removing watchdog.o(.text.WatchdogEnable), (10 bytes).
    Removing watchdog.o(.ARM.exidx.text.WatchdogEnable), (8 bytes).
    Removing watchdog.o(.text.WatchdogResetEnable), (10 bytes).
    Removing watchdog.o(.ARM.exidx.text.WatchdogResetEnable), (8 bytes).
    Removing watchdog.o(.text.WatchdogResetDisable), (10 bytes).
    Removing watchdog.o(.ARM.exidx.text.WatchdogResetDisable), (8 bytes).
    Removing watchdog.o(.text.WatchdogLock), (8 bytes).
    Removing watchdog.o(.ARM.exidx.text.WatchdogLock), (8 bytes).
    Removing watchdog.o(.text.WatchdogUnlock), (14 bytes).
    Removing watchdog.o(.ARM.exidx.text.WatchdogUnlock), (8 bytes).
    Removing watchdog.o(.text.WatchdogLockState), (14 bytes).
    Removing watchdog.o(.ARM.exidx.text.WatchdogLockState), (8 bytes).
    Removing watchdog.o(.text.WatchdogReloadSet), (4 bytes).
    Removing watchdog.o(.ARM.exidx.text.WatchdogReloadSet), (8 bytes).
    Removing watchdog.o(.text.WatchdogReloadGet), (4 bytes).
    Removing watchdog.o(.ARM.exidx.text.WatchdogReloadGet), (8 bytes).
    Removing watchdog.o(.text.WatchdogValueGet), (4 bytes).
    Removing watchdog.o(.ARM.exidx.text.WatchdogValueGet), (8 bytes).
    Removing watchdog.o(.text.WatchdogIntRegister), (16 bytes).
    Removing watchdog.o(.ARM.exidx.text.WatchdogIntRegister), (8 bytes).
    Removing watchdog.o(.text.WatchdogIntUnregister), (16 bytes).
    Removing watchdog.o(.ARM.exidx.text.WatchdogIntUnregister), (8 bytes).
    Removing watchdog.o(.text.WatchdogIntEnable), (10 bytes).
    Removing watchdog.o(.ARM.exidx.text.WatchdogIntEnable), (8 bytes).
    Removing watchdog.o(.text.WatchdogIntStatus), (12 bytes).
    Removing watchdog.o(.ARM.exidx.text.WatchdogIntStatus), (8 bytes).
    Removing watchdog.o(.text.WatchdogIntClear), (6 bytes).
    Removing watchdog.o(.ARM.exidx.text.WatchdogIntClear), (8 bytes).
    Removing watchdog.o(.text.WatchdogIntTypeSet), (12 bytes).
    Removing watchdog.o(.ARM.exidx.text.WatchdogIntTypeSet), (8 bytes).
    Removing watchdog.o(.text.WatchdogStallEnable), (14 bytes).
    Removing watchdog.o(.ARM.exidx.text.WatchdogStallEnable), (8 bytes).
    Removing watchdog.o(.text.WatchdogStallDisable), (14 bytes).
    Removing watchdog.o(.ARM.exidx.text.WatchdogStallDisable), (8 bytes).
    Removing bsp_dwt.o(.text), (0 bytes).
    Removing bsp_dwt.o(.ARM.exidx.text.bsp_InitDWT), (8 bytes).
    Removing bsp_dwt.o(.text.bsp_DelayMS), (14 bytes).
    Removing bsp_dwt.o(.ARM.exidx.text.bsp_DelayMS), (8 bytes).
    Removing bsp_dwt.o(.text.bsp_DelayUS), (58 bytes).
    Removing bsp_dwt.o(.ARM.exidx.text.bsp_DelayUS), (8 bytes).
    Removing bsp_led.o(.text), (0 bytes).
    Removing bsp_led.o(.ARM.exidx.text.bsp_InitLed), (8 bytes).
    Removing bsp_led.o(.text.Led3_SetOn), (20 bytes).
    Removing bsp_led.o(.ARM.exidx.text.Led3_SetOn), (8 bytes).
    Removing bsp_led.o(.text.Led3_SetOff), (20 bytes).
    Removing bsp_led.o(.ARM.exidx.text.Led3_SetOff), (8 bytes).
    Removing bsp_led.o(.text.Led3_Toggle), (30 bytes).
    Removing bsp_led.o(.ARM.exidx.text.Led3_Toggle), (8 bytes).
    Removing bsp_adc.o(.text), (0 bytes).
    Removing bsp_adc.o(.ARM.exidx.text.ADC0SS0_Handler), (8 bytes).
    Removing bsp_adc.o(.ARM.exidx.text.bsp_InitAdc0), (8 bytes).
    Removing system_tm4c129.o(.text), (0 bytes).
    Removing system_tm4c129.o(.text.SystemCoreClockUpdate), (20 bytes).
    Removing system_tm4c129.o(.ARM.exidx.text.SystemCoreClockUpdate), (8 bytes).
    Removing system_tm4c129.o(.ARM.exidx.text.SystemInit), (8 bytes).

1919 unused section(s) (total 36926 bytes) removed from the image.

==============================================================================

Image Symbol Table

    Local Symbols

    Symbol Name                              Value     Ov Type        Size  Object(Section)

    ../clib/angel/boardlib.s                 0x00000000   Number         0  boardinit1.o ABSOLUTE
    ../clib/angel/boardlib.s                 0x00000000   Number         0  boardinit2.o ABSOLUTE
    ../clib/angel/boardlib.s                 0x00000000   Number         0  boardinit3.o ABSOLUTE
    ../clib/angel/boardlib.s                 0x00000000   Number         0  boardshut.o ABSOLUTE
    ../clib/angel/handlers.s                 0x00000000   Number         0  __scatter_copy.o ABSOLUTE
    ../clib/angel/handlers.s                 0x00000000   Number         0  __scatter_zi.o ABSOLUTE
    ../clib/angel/kernel.s                   0x00000000   Number         0  __rtentry.o ABSOLUTE
    ../clib/angel/kernel.s                   0x00000000   Number         0  __rtentry2.o ABSOLUTE
    ../clib/angel/kernel.s                   0x00000000   Number         0  __rtentry4.o ABSOLUTE
    ../clib/angel/kernel.s                   0x00000000   Number         0  rtexit.o ABSOLUTE
    ../clib/angel/kernel.s                   0x00000000   Number         0  rtexit2.o ABSOLUTE
    ../clib/angel/rt.s                       0x00000000   Number         0  rt_raise.o ABSOLUTE
    ../clib/angel/scatter.s                  0x00000000   Number         0  __scatter.o ABSOLUTE
    ../clib/angel/startup.s                  0x00000000   Number         0  __main.o ABSOLUTE
    ../clib/angel/sys.s                      0x00000000   Number         0  sys_stackheap_outer.o ABSOLUTE
    ../clib/angel/sys.s                      0x00000000   Number         0  libspace.o ABSOLUTE
    ../clib/angel/sys.s                      0x00000000   Number         0  use_no_semi.o ABSOLUTE
    ../clib/angel/sys.s                      0x00000000   Number         0  indicate_semi.o ABSOLUTE
    ../clib/angel/sysapp.c                   0x00000000   Number         0  sys_exit.o ABSOLUTE
    ../clib/angel/sysapp.c                   0x00000000   Number         0  sys_exit_hlt.o ABSOLUTE
    ../clib/angel/sysapp.c                   0x00000000   Number         0  sys_command.o ABSOLUTE
    ../clib/angel/sysapp.c                   0x00000000   Number         0  sys_command_hlt.o ABSOLUTE
    ../clib/angel/sysapp.c                   0x00000000   Number         0  sys_wrch.o ABSOLUTE
    ../clib/angel/sysapp.c                   0x00000000   Number         0  sys_wrch_hlt.o ABSOLUTE
    ../clib/armsys.c                         0x00000000   Number         0  argv_veneer.o ABSOLUTE
    ../clib/armsys.c                         0x00000000   Number         0  argv_veneer.o ABSOLUTE
    ../clib/armsys.c                         0x00000000   Number         0  _get_argv_nomalloc.o ABSOLUTE
    ../clib/armsys.c                         0x00000000   Number         0  no_argv.o ABSOLUTE
    ../clib/heapalloc.c                      0x00000000   Number         0  hrguard.o ABSOLUTE
    ../clib/heapaux.c                        0x00000000   Number         0  heapauxi.o ABSOLUTE
    ../clib/libinit.s                        0x00000000   Number         0  libinit.o ABSOLUTE
    ../clib/libinit.s                        0x00000000   Number         0  libinit2.o ABSOLUTE
    ../clib/libinit.s                        0x00000000   Number         0  libshutdown.o ABSOLUTE
    ../clib/libinit.s                        0x00000000   Number         0  libshutdown2.o ABSOLUTE
    ../clib/signal.c                         0x00000000   Number         0  defsig_rtmem_outer.o ABSOLUTE
    ../clib/signal.c                         0x00000000   Number         0  defsig_rtmem_formal.o ABSOLUTE
    ../clib/signal.c                         0x00000000   Number         0  defsig_exit.o ABSOLUTE
    ../clib/signal.c                         0x00000000   Number         0  defsig_rtmem_inner.o ABSOLUTE
    ../clib/signal.c                         0x00000000   Number         0  __raise.o ABSOLUTE
    ../clib/signal.c                         0x00000000   Number         0  defsig_general.o ABSOLUTE
    ../clib/signal.c                         0x00000000   Number         0  defsig_abrt_inner.o ABSOLUTE
    ../clib/signal.c                         0x00000000   Number         0  defsig_fpe_inner.o ABSOLUTE
    ../clib/signal.c                         0x00000000   Number         0  defsig_rtred_inner.o ABSOLUTE
    ../clib/signal.c                         0x00000000   Number         0  defsig_stak_inner.o ABSOLUTE
    ../clib/signal.c                         0x00000000   Number         0  defsig_pvfn_inner.o ABSOLUTE
    ../clib/signal.c                         0x00000000   Number         0  defsig_cppl_inner.o ABSOLUTE
    ../clib/signal.c                         0x00000000   Number         0  defsig_segv_inner.o ABSOLUTE
    ../clib/signal.c                         0x00000000   Number         0  defsig_other.o ABSOLUTE
    ../clib/signal.s                         0x00000000   Number         0  defsig.o ABSOLUTE
    ../clib/stdlib.c                         0x00000000   Number         0  exit.o ABSOLUTE
    ../fplib/fpinit.s                        0x00000000   Number         0  fpinit.o ABSOLUTE
    RTE/Device/TM4C1294NCPDT/startup_TM4C129.s 0x00000000   Number         0  startup_tm4c129.o ABSOLUTE
    adc.c                                    0x00000000   Number         0  adc.o ABSOLUTE
    aes.c                                    0x00000000   Number         0  aes.o ABSOLUTE
    bsp_adc.c                                0x00000000   Number         0  bsp_adc.o ABSOLUTE
    bsp_dwt.c                                0x00000000   Number         0  bsp_dwt.o ABSOLUTE
    bsp_led.c                                0x00000000   Number         0  bsp_led.o ABSOLUTE
    can.c                                    0x00000000   Number         0  can.o ABSOLUTE
    comp.c                                   0x00000000   Number         0  comp.o ABSOLUTE
    cpu.c                                    0x00000000   Number         0  cpu.o ABSOLUTE
    crc.c                                    0x00000000   Number         0  crc.o ABSOLUTE
    dc.s                                     0x00000000   Number         0  dc.o ABSOLUTE
    des.c                                    0x00000000   Number         0  des.o ABSOLUTE
    eeprom.c                                 0x00000000   Number         0  eeprom.o ABSOLUTE
    emac.c                                   0x00000000   Number         0  emac.o ABSOLUTE
    epi.c                                    0x00000000   Number         0  epi.o ABSOLUTE
    flash.c                                  0x00000000   Number         0  flash.o ABSOLUTE
    fpu.c                                    0x00000000   Number         0  fpu.o ABSOLUTE
    gpio.c                                   0x00000000   Number         0  gpio.o ABSOLUTE
    hibernate.c                              0x00000000   Number         0  hibernate.o ABSOLUTE
    i2c.c                                    0x00000000   Number         0  i2c.o ABSOLUTE
    interrupt.c                              0x00000000   Number         0  interrupt.o ABSOLUTE
    lcd.c                                    0x00000000   Number         0  lcd.o ABSOLUTE
    main.c                                   0x00000000   Number         0  main.o ABSOLUTE
    mpu.c                                    0x00000000   Number         0  mpu.o ABSOLUTE
    onewire.c                                0x00000000   Number         0  onewire.o ABSOLUTE
    pwm.c                                    0x00000000   Number         0  pwm.o ABSOLUTE
    qei.c                                    0x00000000   Number         0  qei.o ABSOLUTE
    shamd5.c                                 0x00000000   Number         0  shamd5.o ABSOLUTE
    ssi.c                                    0x00000000   Number         0  ssi.o ABSOLUTE
    sw_crc.c                                 0x00000000   Number         0  sw_crc.o ABSOLUTE
    sysctl.c                                 0x00000000   Number         0  sysctl.o ABSOLUTE
    sysexc.c                                 0x00000000   Number         0  sysexc.o ABSOLUTE
    system_TM4C129.c                         0x00000000   Number         0  system_tm4c129.o ABSOLUTE
    systick.c                                0x00000000   Number         0  systick.o ABSOLUTE
    timer.c                                  0x00000000   Number         0  timer.o ABSOLUTE
    uart.c                                   0x00000000   Number         0  uart.o ABSOLUTE
    udma.c                                   0x00000000   Number         0  udma.o ABSOLUTE
    usb.c                                    0x00000000   Number         0  usb.o ABSOLUTE
    watchdog.c                               0x00000000   Number         0  watchdog.o ABSOLUTE
    RESET                                    0x00000000   Section      512  startup_tm4c129.o(RESET)
    !!!main                                  0x00000200   Section        8  __main.o(!!!main)
    !!!scatter                               0x00000208   Section       52  __scatter.o(!!!scatter)
    !!handler_copy                           0x0000023c   Section       26  __scatter_copy.o(!!handler_copy)
    !!handler_zi                             0x00000258   Section       28  __scatter_zi.o(!!handler_zi)
    .ARM.Collect$$libinit$$00000000          0x00000274   Section        2  libinit.o(.ARM.Collect$$libinit$$00000000)
    .ARM.Collect$$libinit$$00000001          0x00000276   Section        4  libinit2.o(.ARM.Collect$$libinit$$00000001)
    .ARM.Collect$$libinit$$00000004          0x0000027a   Section        0  libinit2.o(.ARM.Collect$$libinit$$00000004)
    .ARM.Collect$$libinit$$0000000A          0x0000027a   Section        0  libinit2.o(.ARM.Collect$$libinit$$0000000A)
    .ARM.Collect$$libinit$$0000000C          0x0000027a   Section        0  libinit2.o(.ARM.Collect$$libinit$$0000000C)
    .ARM.Collect$$libinit$$0000000E          0x0000027a   Section        0  libinit2.o(.ARM.Collect$$libinit$$0000000E)
    .ARM.Collect$$libinit$$00000011          0x0000027a   Section        0  libinit2.o(.ARM.Collect$$libinit$$00000011)
    .ARM.Collect$$libinit$$00000013          0x0000027a   Section        0  libinit2.o(.ARM.Collect$$libinit$$00000013)
    .ARM.Collect$$libinit$$00000015          0x0000027a   Section        0  libinit2.o(.ARM.Collect$$libinit$$00000015)
    .ARM.Collect$$libinit$$00000017          0x0000027a   Section        0  libinit2.o(.ARM.Collect$$libinit$$00000017)
    .ARM.Collect$$libinit$$00000019          0x0000027a   Section        0  libinit2.o(.ARM.Collect$$libinit$$00000019)
    .ARM.Collect$$libinit$$0000001B          0x0000027a   Section        0  libinit2.o(.ARM.Collect$$libinit$$0000001B)
    .ARM.Collect$$libinit$$0000001D          0x0000027a   Section        0  libinit2.o(.ARM.Collect$$libinit$$0000001D)
    .ARM.Collect$$libinit$$0000001F          0x0000027a   Section        0  libinit2.o(.ARM.Collect$$libinit$$0000001F)
    .ARM.Collect$$libinit$$00000021          0x0000027a   Section        0  libinit2.o(.ARM.Collect$$libinit$$00000021)
    .ARM.Collect$$libinit$$00000023          0x0000027a   Section        0  libinit2.o(.ARM.Collect$$libinit$$00000023)
    .ARM.Collect$$libinit$$00000025          0x0000027a   Section        0  libinit2.o(.ARM.Collect$$libinit$$00000025)
    .ARM.Collect$$libinit$$0000002C          0x0000027a   Section        0  libinit2.o(.ARM.Collect$$libinit$$0000002C)
    .ARM.Collect$$libinit$$0000002E          0x0000027a   Section        0  libinit2.o(.ARM.Collect$$libinit$$0000002E)
    .ARM.Collect$$libinit$$00000030          0x0000027a   Section        0  libinit2.o(.ARM.Collect$$libinit$$00000030)
    .ARM.Collect$$libinit$$00000032          0x0000027a   Section        0  libinit2.o(.ARM.Collect$$libinit$$00000032)
    .ARM.Collect$$libinit$$00000033          0x0000027a   Section        2  libinit2.o(.ARM.Collect$$libinit$$00000033)
    .ARM.Collect$$libshutdown$$00000000      0x0000027c   Section        2  libshutdown.o(.ARM.Collect$$libshutdown$$00000000)
    .ARM.Collect$$libshutdown$$00000002      0x0000027e   Section        0  libshutdown2.o(.ARM.Collect$$libshutdown$$00000002)
    .ARM.Collect$$libshutdown$$00000004      0x0000027e   Section        0  libshutdown2.o(.ARM.Collect$$libshutdown$$00000004)
    .ARM.Collect$$libshutdown$$00000007      0x0000027e   Section        0  libshutdown2.o(.ARM.Collect$$libshutdown$$00000007)
    .ARM.Collect$$libshutdown$$0000000A      0x0000027e   Section        0  libshutdown2.o(.ARM.Collect$$libshutdown$$0000000A)
    .ARM.Collect$$libshutdown$$0000000C      0x0000027e   Section        0  libshutdown2.o(.ARM.Collect$$libshutdown$$0000000C)
    .ARM.Collect$$libshutdown$$0000000F      0x0000027e   Section        0  libshutdown2.o(.ARM.Collect$$libshutdown$$0000000F)
    .ARM.Collect$$libshutdown$$00000010      0x0000027e   Section        2  libshutdown2.o(.ARM.Collect$$libshutdown$$00000010)
    .ARM.Collect$$rtentry$$00000000          0x00000280   Section        0  __rtentry.o(.ARM.Collect$$rtentry$$00000000)
    .ARM.Collect$$rtentry$$00000002          0x00000280   Section        0  __rtentry2.o(.ARM.Collect$$rtentry$$00000002)
    .ARM.Collect$$rtentry$$00000004          0x00000280   Section        6  __rtentry4.o(.ARM.Collect$$rtentry$$00000004)
    .ARM.Collect$$rtentry$$00000009          0x00000286   Section        0  __rtentry2.o(.ARM.Collect$$rtentry$$00000009)
    .ARM.Collect$$rtentry$$0000000A          0x00000286   Section        4  __rtentry2.o(.ARM.Collect$$rtentry$$0000000A)
    .ARM.Collect$$rtentry$$0000000C          0x0000028a   Section        0  __rtentry2.o(.ARM.Collect$$rtentry$$0000000C)
    .ARM.Collect$$rtentry$$0000000D          0x0000028a   Section        8  __rtentry2.o(.ARM.Collect$$rtentry$$0000000D)
    .ARM.Collect$$rtexit$$00000000           0x00000292   Section        2  rtexit.o(.ARM.Collect$$rtexit$$00000000)
    .ARM.Collect$$rtexit$$00000002           0x00000294   Section        0  rtexit2.o(.ARM.Collect$$rtexit$$00000002)
    .ARM.Collect$$rtexit$$00000003           0x00000294   Section        4  rtexit2.o(.ARM.Collect$$rtexit$$00000003)
    .ARM.Collect$$rtexit$$00000004           0x00000298   Section        6  rtexit2.o(.ARM.Collect$$rtexit$$00000004)
    $v0                                      0x000002a0   Number         0  startup_tm4c129.o(.text)
    .text                                    0x000002a0   Section      300  startup_tm4c129.o(.text)
    .text                                    0x000003cc   Section        0  heapauxi.o(.text)
    .text                                    0x000003d2   Section       74  sys_stackheap_outer.o(.text)
    .text                                    0x0000041c   Section        0  exit.o(.text)
    .text                                    0x00000430   Section        8  libspace.o(.text)
    .text                                    0x00000438   Section        0  sys_exit.o(.text)
    .text                                    0x00000444   Section        2  use_no_semi.o(.text)
    .text                                    0x00000446   Section        0  indicate_semi.o(.text)
    [Anonymous Symbol]                       0x00000448   Section        0  bsp_adc.o(.text.ADC0SS0_Handler)
    [Anonymous Symbol]                       0x000004f8   Section        0  adc.o(.text.ADCClockConfigSet)
    [Anonymous Symbol]                       0x00000510   Section        0  adc.o(.text.ADCIntDisable)
    [Anonymous Symbol]                       0x00000520   Section        0  adc.o(.text.ADCIntEnableEx)
    [Anonymous Symbol]                       0x00000528   Section        0  adc.o(.text.ADCSequenceConfigure)
    [Anonymous Symbol]                       0x00000584   Section        0  adc.o(.text.ADCSequenceDMAEnable)
    [Anonymous Symbol]                       0x00000594   Section        0  adc.o(.text.ADCSequenceDisable)
    [Anonymous Symbol]                       0x000005a4   Section        0  adc.o(.text.ADCSequenceEnable)
    [Anonymous Symbol]                       0x000005b4   Section        0  adc.o(.text.ADCSequenceStepConfigure)
    [Anonymous Symbol]                       0x0000064c   Section        0  cpu.o(.text.CPUcpsie)
    [Anonymous Symbol]                       0x00000658   Section        0  gpio.o(.text.GPIODirModeSet)
    [Anonymous Symbol]                       0x00000684   Section        0  gpio.o(.text.GPIOPadConfigSet)
    [Anonymous Symbol]                       0x00000800   Section        0  gpio.o(.text.GPIOPinTypeADC)
    [Anonymous Symbol]                       0x0000081c   Section        0  gpio.o(.text.GPIOPinTypeGPIOOutput)
    [Anonymous Symbol]                       0x00000838   Section        0  interrupt.o(.text.IntDisable)
    g_pui32Dii16Regs                         0x000008b4   Number         0  interrupt.o(.text.IntDisable)
    [Anonymous Symbol]                       0x000008c8   Section        0  interrupt.o(.text.IntEnable)
    [Anonymous Symbol]                       0x0000094c   Section        0  interrupt.o(.text.IntMasterEnable)
    [Anonymous Symbol]                       0x0000095c   Section        0  sysctl.o(.text.SysCtlClockFreqSet)
    g_pui32VCOFrequencies                    0x00000b74   Number         0  sysctl.o(.text.SysCtlClockFreqSet)
    [Anonymous Symbol]                       0x00000b7c   Section        0  sysctl.o(.text.SysCtlDelay)
    [Anonymous Symbol]                       0x00000b88   Section        0  sysctl.o(.text.SysCtlPeripheralEnable)
    [Anonymous Symbol]                       0x00000ba4   Section        0  system_tm4c129.o(.text.SystemInit)
    [Anonymous Symbol]                       0x00000bc8   Section        0  timer.o(.text.TimerConfigure)
    [Anonymous Symbol]                       0x00000c20   Section        0  timer.o(.text.TimerControlTrigger)
    [Anonymous Symbol]                       0x00000c78   Section        0  timer.o(.text.TimerEnable)
    [Anonymous Symbol]                       0x00000c88   Section        0  timer.o(.text.TimerLoadSet)
    _SysCtlFrequencyGet                      0x00000c99   Thumb Code    88  sysctl.o(.text._SysCtlFrequencyGet)
    [Anonymous Symbol]                       0x00000c98   Section        0  sysctl.o(.text._SysCtlFrequencyGet)
    _SysCtlMemTimingGet                      0x00000cf1   Thumb Code    40  sysctl.o(.text._SysCtlMemTimingGet)
    [Anonymous Symbol]                       0x00000cf0   Section        0  sysctl.o(.text._SysCtlMemTimingGet)
    [Anonymous Symbol]                       0x00000d18   Section        0  bsp_adc.o(.text.bsp_InitAdc0)
    [Anonymous Symbol]                       0x00000e90   Section        0  bsp_dwt.o(.text.bsp_InitDWT)
    [Anonymous Symbol]                       0x00000eb8   Section        0  bsp_led.o(.text.bsp_InitLed)
    [Anonymous Symbol]                       0x00000ed8   Section        0  main.o(.text.main)
    [Anonymous Symbol]                       0x00000f08   Section        0  udma.o(.text.uDMAChannelAttributeDisable)
    [Anonymous Symbol]                       0x00000f40   Section        0  udma.o(.text.uDMAChannelAttributeEnable)
    [Anonymous Symbol]                       0x00000f78   Section        0  udma.o(.text.uDMAChannelControlSet)
    [Anonymous Symbol]                       0x00000f9c   Section        0  udma.o(.text.uDMAChannelEnable)
    [Anonymous Symbol]                       0x00000fb4   Section        0  udma.o(.text.uDMAChannelModeGet)
    [Anonymous Symbol]                       0x00000fd8   Section        0  udma.o(.text.uDMAChannelTransferSet)
    [Anonymous Symbol]                       0x0000106c   Section        0  udma.o(.text.uDMAControlBaseSet)
    [Anonymous Symbol]                       0x00001078   Section        0  udma.o(.text.uDMAEnable)
    $v0                                      0x00001086   Number         0  fpinit.o(x$fpl$fpinit)
    x$fpl$fpinit                             0x00001086   Section       26  fpinit.o(x$fpl$fpinit)
    g_pppui32XTALtoVCO                       0x000010a0   Data         432  sysctl.o(.rodata.g_pppui32XTALtoVCO)
    [Anonymous Symbol]                       0x000010a0   Section        0  sysctl.o(.rodata.g_pppui32XTALtoVCO)
    g_pui32EnRegs                            0x00001250   Data          20  interrupt.o(.rodata.g_pui32EnRegs)
    [Anonymous Symbol]                       0x00001250   Section        0  interrupt.o(.rodata.g_pui32EnRegs)
    g_pui32Xtals                             0x00001264   Data         108  sysctl.o(.rodata.g_pui32Xtals)
    [Anonymous Symbol]                       0x00001264   Section        0  sysctl.o(.rodata.g_pui32Xtals)
    g_sXTALtoMEMTIM                          0x000012d0   Data          48  sysctl.o(.rodata.g_sXTALtoMEMTIM)
    [Anonymous Symbol]                       0x000012d0   Section        0  sysctl.o(.rodata.g_sXTALtoMEMTIM)
    .bss                                     0x20000400   Section       96  libspace.o(.bss)
    BufferStatus.0                           0x20001400   Data           1  bsp_adc.o(.bss.BufferStatus.0)
    [Anonymous Symbol]                       0x20001400   Section        0  bsp_adc.o(.bss.BufferStatus.0)
    BufferStatus.1                           0x20001401   Data           1  bsp_adc.o(.bss.BufferStatus.1)
    [Anonymous Symbol]                       0x20001401   Section        0  bsp_adc.o(.bss.BufferStatus.1)
    ControlTable                             0x20001800   Data        1024  bsp_adc.o(.bss.ControlTable)
    [Anonymous Symbol]                       0x20001800   Section        0  bsp_adc.o(.bss.ControlTable)
    Heap_Mem                                 0x20001c08   Data           0  startup_tm4c129.o(HEAP)
    Stack_Mem                                0x20001c08   Data         512  startup_tm4c129.o(STACK)
    HEAP                                     0x20001c08   Section        0  startup_tm4c129.o(HEAP)
    STACK                                    0x20001c08   Section      512  startup_tm4c129.o(STACK)
    __initial_sp                             0x20001e08   Data           0  startup_tm4c129.o(STACK)

    Global Symbols

    Symbol Name                              Value     Ov Type        Size  Object(Section)

    BuildAttributes$$THM_ISAv4$E$P$D$K$B$S$7EM$VFPi3$EXTD16$VFPS$VFMA$PE$A:L22UL41UL21$X:L11$S22US41US21$IEEE1$IW$~IW$USESV6$~STKCKD$USESV7$~SHL$OTIME$ROPI$EBA8$UX$STANDARDLIB$REQ8$PRES8$EABIv2 0x00000000   Number         0  anon$$obj.o ABSOLUTE
    __Vectors                                0x00000000   Data           4  startup_tm4c129.o(RESET)
    __ARM_exceptions_init                     - Undefined Weak Reference
    __alloca_initialize                       - Undefined Weak Reference
    __arm_preinit_                            - Undefined Weak Reference
    __cpp_initialize__aeabi_                  - Undefined Weak Reference
    __cxa_finalize                            - Undefined Weak Reference
    __decompress                              - Undefined Weak Reference
    __rt_locale                               - Undefined Weak Reference
    __sigvec_lookup                           - Undefined Weak Reference
    _atexit_init                              - Undefined Weak Reference
    _call_atexit_fns                          - Undefined Weak Reference
    _clock_init                               - Undefined Weak Reference
    _fp_trap_init                             - Undefined Weak Reference
    _fp_trap_shutdown                         - Undefined Weak Reference
    _get_lc_collate                           - Undefined Weak Reference
    _get_lc_ctype                             - Undefined Weak Reference
    _get_lc_monetary                          - Undefined Weak Reference
    _get_lc_numeric                           - Undefined Weak Reference
    _get_lc_time                              - Undefined Weak Reference
    _getenv_init                              - Undefined Weak Reference
    _handle_redirection                       - Undefined Weak Reference
    _init_alloc                               - Undefined Weak Reference
    _init_user_alloc                          - Undefined Weak Reference
    _initio                                   - Undefined Weak Reference
    _rand_init                                - Undefined Weak Reference
    _signal_finish                            - Undefined Weak Reference
    _signal_init                              - Undefined Weak Reference
    _terminate_alloc                          - Undefined Weak Reference
    _terminate_user_alloc                     - Undefined Weak Reference
    _terminateio                              - Undefined Weak Reference
    __Vectors_End                            0x00000200   Data           0  startup_tm4c129.o(RESET)
    __Vectors_Size                           0x00000200   Number         0  startup_tm4c129.o ABSOLUTE
    __main                                   0x00000201   Thumb Code     8  __main.o(!!!main)
    __scatterload                            0x00000209   Thumb Code     0  __scatter.o(!!!scatter)
    __scatterload_rt2                        0x00000209   Thumb Code    44  __scatter.o(!!!scatter)
    __scatterload_rt2_thumb_only             0x00000209   Thumb Code     0  __scatter.o(!!!scatter)
    __scatterload_null                       0x00000217   Thumb Code     0  __scatter.o(!!!scatter)
    __scatterload_copy                       0x0000023d   Thumb Code    26  __scatter_copy.o(!!handler_copy)
    __scatterload_zeroinit                   0x00000259   Thumb Code    28  __scatter_zi.o(!!handler_zi)
    __rt_lib_init                            0x00000275   Thumb Code     0  libinit.o(.ARM.Collect$$libinit$$00000000)
    __rt_lib_init_fp_1                       0x00000277   Thumb Code     0  libinit2.o(.ARM.Collect$$libinit$$00000001)
    __rt_lib_init_alloca_1                   0x0000027b   Thumb Code     0  libinit2.o(.ARM.Collect$$libinit$$0000002E)
    __rt_lib_init_argv_1                     0x0000027b   Thumb Code     0  libinit2.o(.ARM.Collect$$libinit$$0000002C)
    __rt_lib_init_atexit_1                   0x0000027b   Thumb Code     0  libinit2.o(.ARM.Collect$$libinit$$0000001B)
    __rt_lib_init_clock_1                    0x0000027b   Thumb Code     0  libinit2.o(.ARM.Collect$$libinit$$00000021)
    __rt_lib_init_cpp_1                      0x0000027b   Thumb Code     0  libinit2.o(.ARM.Collect$$libinit$$00000032)
    __rt_lib_init_exceptions_1               0x0000027b   Thumb Code     0  libinit2.o(.ARM.Collect$$libinit$$00000030)
    __rt_lib_init_fp_trap_1                  0x0000027b   Thumb Code     0  libinit2.o(.ARM.Collect$$libinit$$0000001F)
    __rt_lib_init_getenv_1                   0x0000027b   Thumb Code     0  libinit2.o(.ARM.Collect$$libinit$$00000023)
    __rt_lib_init_heap_1                     0x0000027b   Thumb Code     0  libinit2.o(.ARM.Collect$$libinit$$0000000A)
    __rt_lib_init_lc_collate_1               0x0000027b   Thumb Code     0  libinit2.o(.ARM.Collect$$libinit$$00000011)
    __rt_lib_init_lc_ctype_1                 0x0000027b   Thumb Code     0  libinit2.o(.ARM.Collect$$libinit$$00000013)
    __rt_lib_init_lc_monetary_1              0x0000027b   Thumb Code     0  libinit2.o(.ARM.Collect$$libinit$$00000015)
    __rt_lib_init_lc_numeric_1               0x0000027b   Thumb Code     0  libinit2.o(.ARM.Collect$$libinit$$00000017)
    __rt_lib_init_lc_time_1                  0x0000027b   Thumb Code     0  libinit2.o(.ARM.Collect$$libinit$$00000019)
    __rt_lib_init_preinit_1                  0x0000027b   Thumb Code     0  libinit2.o(.ARM.Collect$$libinit$$00000004)
    __rt_lib_init_rand_1                     0x0000027b   Thumb Code     0  libinit2.o(.ARM.Collect$$libinit$$0000000E)
    __rt_lib_init_return                     0x0000027b   Thumb Code     0  libinit2.o(.ARM.Collect$$libinit$$00000033)
    __rt_lib_init_signal_1                   0x0000027b   Thumb Code     0  libinit2.o(.ARM.Collect$$libinit$$0000001D)
    __rt_lib_init_stdio_1                    0x0000027b   Thumb Code     0  libinit2.o(.ARM.Collect$$libinit$$00000025)
    __rt_lib_init_user_alloc_1               0x0000027b   Thumb Code     0  libinit2.o(.ARM.Collect$$libinit$$0000000C)
    __rt_lib_shutdown                        0x0000027d   Thumb Code     0  libshutdown.o(.ARM.Collect$$libshutdown$$00000000)
    __rt_lib_shutdown_cpp_1                  0x0000027f   Thumb Code     0  libshutdown2.o(.ARM.Collect$$libshutdown$$00000002)
    __rt_lib_shutdown_fp_trap_1              0x0000027f   Thumb Code     0  libshutdown2.o(.ARM.Collect$$libshutdown$$00000007)
    __rt_lib_shutdown_heap_1                 0x0000027f   Thumb Code     0  libshutdown2.o(.ARM.Collect$$libshutdown$$0000000F)
    __rt_lib_shutdown_return                 0x0000027f   Thumb Code     0  libshutdown2.o(.ARM.Collect$$libshutdown$$00000010)
    __rt_lib_shutdown_signal_1               0x0000027f   Thumb Code     0  libshutdown2.o(.ARM.Collect$$libshutdown$$0000000A)
    __rt_lib_shutdown_stdio_1                0x0000027f   Thumb Code     0  libshutdown2.o(.ARM.Collect$$libshutdown$$00000004)
    __rt_lib_shutdown_user_alloc_1           0x0000027f   Thumb Code     0  libshutdown2.o(.ARM.Collect$$libshutdown$$0000000C)
    __rt_entry                               0x00000281   Thumb Code     0  __rtentry.o(.ARM.Collect$$rtentry$$00000000)
    __rt_entry_presh_1                       0x00000281   Thumb Code     0  __rtentry2.o(.ARM.Collect$$rtentry$$00000002)
    __rt_entry_sh                            0x00000281   Thumb Code     0  __rtentry4.o(.ARM.Collect$$rtentry$$00000004)
    __rt_entry_li                            0x00000287   Thumb Code     0  __rtentry2.o(.ARM.Collect$$rtentry$$0000000A)
    __rt_entry_postsh_1                      0x00000287   Thumb Code     0  __rtentry2.o(.ARM.Collect$$rtentry$$00000009)
    __rt_entry_main                          0x0000028b   Thumb Code     0  __rtentry2.o(.ARM.Collect$$rtentry$$0000000D)
    __rt_entry_postli_1                      0x0000028b   Thumb Code     0  __rtentry2.o(.ARM.Collect$$rtentry$$0000000C)
    __rt_exit                                0x00000293   Thumb Code     0  rtexit.o(.ARM.Collect$$rtexit$$00000000)
    __rt_exit_ls                             0x00000295   Thumb Code     0  rtexit2.o(.ARM.Collect$$rtexit$$00000003)
    __rt_exit_prels_1                        0x00000295   Thumb Code     0  rtexit2.o(.ARM.Collect$$rtexit$$00000002)
    __rt_exit_exit                           0x00000299   Thumb Code     0  rtexit2.o(.ARM.Collect$$rtexit$$00000004)
    Reset_Handler                            0x000002a1   Thumb Code     8  startup_tm4c129.o(.text)
    NMI_Handler                              0x000002a9   Thumb Code     2  startup_tm4c129.o(.text)
    HardFault_Handler                        0x000002ab   Thumb Code     2  startup_tm4c129.o(.text)
    MemManage_Handler                        0x000002ad   Thumb Code     2  startup_tm4c129.o(.text)
    BusFault_Handler                         0x000002af   Thumb Code     2  startup_tm4c129.o(.text)
    UsageFault_Handler                       0x000002b1   Thumb Code     2  startup_tm4c129.o(.text)
    SVC_Handler                              0x000002b3   Thumb Code     2  startup_tm4c129.o(.text)
    DebugMon_Handler                         0x000002b5   Thumb Code     2  startup_tm4c129.o(.text)
    PendSV_Handler                           0x000002b7   Thumb Code     2  startup_tm4c129.o(.text)
    SysTick_Handler                          0x000002b9   Thumb Code     2  startup_tm4c129.o(.text)
    GPIOA_Handler                            0x000002bb   Thumb Code     2  startup_tm4c129.o(.text)
    GPIOB_Handler                            0x000002bd   Thumb Code     2  startup_tm4c129.o(.text)
    GPIOC_Handler                            0x000002bf   Thumb Code     2  startup_tm4c129.o(.text)
    GPIOD_Handler                            0x000002c1   Thumb Code     2  startup_tm4c129.o(.text)
    GPIOE_Handler                            0x000002c3   Thumb Code     2  startup_tm4c129.o(.text)
    UART0_Handler                            0x000002c5   Thumb Code     2  startup_tm4c129.o(.text)
    UART1_Handler                            0x000002c7   Thumb Code     2  startup_tm4c129.o(.text)
    SSI0_Handler                             0x000002c9   Thumb Code     2  startup_tm4c129.o(.text)
    I2C0_Handler                             0x000002cb   Thumb Code     2  startup_tm4c129.o(.text)
    PMW0_FAULT_Handler                       0x000002cd   Thumb Code     2  startup_tm4c129.o(.text)
    PWM0_0_Handler                           0x000002cf   Thumb Code     2  startup_tm4c129.o(.text)
    PWM0_1_Handler                           0x000002d1   Thumb Code     2  startup_tm4c129.o(.text)
    PWM0_2_Handler                           0x000002d3   Thumb Code     2  startup_tm4c129.o(.text)
    QEI0_Handler                             0x000002d5   Thumb Code     2  startup_tm4c129.o(.text)
    ADC0SS1_Handler                          0x000002d9   Thumb Code     2  startup_tm4c129.o(.text)
    ADC0SS2_Handler                          0x000002db   Thumb Code     2  startup_tm4c129.o(.text)
    ADC0SS3_Handler                          0x000002dd   Thumb Code     2  startup_tm4c129.o(.text)
    WDT0_Handler                             0x000002df   Thumb Code     2  startup_tm4c129.o(.text)
    TIMER0A_Handler                          0x000002e1   Thumb Code     2  startup_tm4c129.o(.text)
    TIMER0B_Handler                          0x000002e3   Thumb Code     2  startup_tm4c129.o(.text)
    TIMER1A_Handler                          0x000002e5   Thumb Code     2  startup_tm4c129.o(.text)
    TIMER1B_Handler                          0x000002e7   Thumb Code     2  startup_tm4c129.o(.text)
    TIMER2A_Handler                          0x000002e9   Thumb Code     2  startup_tm4c129.o(.text)
    TIMER2B_Handler                          0x000002eb   Thumb Code     2  startup_tm4c129.o(.text)
    COMP0_Handler                            0x000002ed   Thumb Code     2  startup_tm4c129.o(.text)
    COMP1_Handler                            0x000002ef   Thumb Code     2  startup_tm4c129.o(.text)
    COMP2_Handler                            0x000002f1   Thumb Code     2  startup_tm4c129.o(.text)
    SYSCTL_Handler                           0x000002f3   Thumb Code     2  startup_tm4c129.o(.text)
    FLASH_Handler                            0x000002f5   Thumb Code     2  startup_tm4c129.o(.text)
    GPIOF_Handler                            0x000002f7   Thumb Code     2  startup_tm4c129.o(.text)
    GPIOG_Handler                            0x000002f9   Thumb Code     2  startup_tm4c129.o(.text)
    GPIOH_Handler                            0x000002fb   Thumb Code     2  startup_tm4c129.o(.text)
    UART2_Handler                            0x000002fd   Thumb Code     2  startup_tm4c129.o(.text)
    SSI1_Handler                             0x000002ff   Thumb Code     2  startup_tm4c129.o(.text)
    TIMER3A_Handler                          0x00000301   Thumb Code     2  startup_tm4c129.o(.text)
    TIMER3B_Handler                          0x00000303   Thumb Code     2  startup_tm4c129.o(.text)
    I2C1_Handler                             0x00000305   Thumb Code     2  startup_tm4c129.o(.text)
    CAN0_Handler                             0x00000307   Thumb Code     2  startup_tm4c129.o(.text)
    CAN1_Handler                             0x00000309   Thumb Code     2  startup_tm4c129.o(.text)
    ETH_Handler                              0x0000030b   Thumb Code     2  startup_tm4c129.o(.text)
    HIB_Handler                              0x0000030d   Thumb Code     2  startup_tm4c129.o(.text)
    USB0_Handler                             0x0000030f   Thumb Code     2  startup_tm4c129.o(.text)
    PWM0_3_Handler                           0x00000311   Thumb Code     2  startup_tm4c129.o(.text)
    UDMA_Handler                             0x00000313   Thumb Code     2  startup_tm4c129.o(.text)
    UDMAERR_Handler                          0x00000315   Thumb Code     2  startup_tm4c129.o(.text)
    ADC1SS0_Handler                          0x00000317   Thumb Code     2  startup_tm4c129.o(.text)
    ADC1SS1_Handler                          0x00000319   Thumb Code     2  startup_tm4c129.o(.text)
    ADC1SS2_Handler                          0x0000031b   Thumb Code     2  startup_tm4c129.o(.text)
    ADC1SS3_Handler                          0x0000031d   Thumb Code     2  startup_tm4c129.o(.text)
    EBI0_Handler                             0x0000031f   Thumb Code     2  startup_tm4c129.o(.text)
    GPIOJ_Handler                            0x00000321   Thumb Code     2  startup_tm4c129.o(.text)
    GPIOK_Handler                            0x00000323   Thumb Code     2  startup_tm4c129.o(.text)
    GPIOL_Handler                            0x00000325   Thumb Code     2  startup_tm4c129.o(.text)
    SSI2_Handler                             0x00000327   Thumb Code     2  startup_tm4c129.o(.text)
    SSI3_Handler                             0x00000329   Thumb Code     2  startup_tm4c129.o(.text)
    UART3_Handler                            0x0000032b   Thumb Code     2  startup_tm4c129.o(.text)
    UART4_Handler                            0x0000032d   Thumb Code     2  startup_tm4c129.o(.text)
    UART5_Handler                            0x0000032f   Thumb Code     2  startup_tm4c129.o(.text)
    UART6_Handler                            0x00000331   Thumb Code     2  startup_tm4c129.o(.text)
    UART7_Handler                            0x00000333   Thumb Code     2  startup_tm4c129.o(.text)
    I2C2_Handler                             0x00000335   Thumb Code     2  startup_tm4c129.o(.text)
    I2C3_Handler                             0x00000337   Thumb Code     2  startup_tm4c129.o(.text)
    TIMER4A_Handler                          0x00000339   Thumb Code     2  startup_tm4c129.o(.text)
    TIMER4B_Handler                          0x0000033b   Thumb Code     2  startup_tm4c129.o(.text)
    TIMER5A_Handler                          0x0000033d   Thumb Code     2  startup_tm4c129.o(.text)
    TIMER5B_Handler                          0x0000033f   Thumb Code     2  startup_tm4c129.o(.text)
    WTIMER0A_Handler                         0x00000341   Thumb Code     2  startup_tm4c129.o(.text)
    WTIMER0B_Handler                         0x00000343   Thumb Code     2  startup_tm4c129.o(.text)
    WTIMER1A_Handler                         0x00000345   Thumb Code     2  startup_tm4c129.o(.text)
    WTIMER1B_Handler                         0x00000347   Thumb Code     2  startup_tm4c129.o(.text)
    WTIMER2A_Handler                         0x00000349   Thumb Code     2  startup_tm4c129.o(.text)
    WTIMER2B_Handler                         0x0000034b   Thumb Code     2  startup_tm4c129.o(.text)
    WTIMER3A_Handler                         0x0000034d   Thumb Code     2  startup_tm4c129.o(.text)
    WTIMER3B_Handler                         0x0000034f   Thumb Code     2  startup_tm4c129.o(.text)
    WTIMER4A_Handler                         0x00000351   Thumb Code     2  startup_tm4c129.o(.text)
    WTIMER4B_Handler                         0x00000353   Thumb Code     2  startup_tm4c129.o(.text)
    WTIMER5A_Handler                         0x00000355   Thumb Code     2  startup_tm4c129.o(.text)
    WTIMER5B_Handler                         0x00000357   Thumb Code     2  startup_tm4c129.o(.text)
    FPU_Handler                              0x00000359   Thumb Code     2  startup_tm4c129.o(.text)
    I2C4_Handler                             0x0000035b   Thumb Code     2  startup_tm4c129.o(.text)
    I2C5_Handler                             0x0000035d   Thumb Code     2  startup_tm4c129.o(.text)
    GPIOM_Handler                            0x0000035f   Thumb Code     2  startup_tm4c129.o(.text)
    GPION_Handler                            0x00000361   Thumb Code     2  startup_tm4c129.o(.text)
    TAMPER_Handler                           0x00000363   Thumb Code     2  startup_tm4c129.o(.text)
    GPIOP0_Handler                           0x00000365   Thumb Code     2  startup_tm4c129.o(.text)
    GPIOP1_Handler                           0x00000367   Thumb Code     2  startup_tm4c129.o(.text)
    GPIOP2_Handler                           0x00000369   Thumb Code     2  startup_tm4c129.o(.text)
    GPIOP3_Handler                           0x0000036b   Thumb Code     2  startup_tm4c129.o(.text)
    GPIOP4_Handler                           0x0000036d   Thumb Code     2  startup_tm4c129.o(.text)
    GPIOP5_Handler                           0x0000036f   Thumb Code     2  startup_tm4c129.o(.text)
    GPIOP6_Handler                           0x00000371   Thumb Code     2  startup_tm4c129.o(.text)
    GPIOP7_Handler                           0x00000373   Thumb Code     2  startup_tm4c129.o(.text)
    GPIOQ0_Handler                           0x00000375   Thumb Code     2  startup_tm4c129.o(.text)
    GPIOQ1_Handler                           0x00000377   Thumb Code     2  startup_tm4c129.o(.text)
    GPIOQ2_Handler                           0x00000379   Thumb Code     2  startup_tm4c129.o(.text)
    GPIOQ3_Handler                           0x0000037b   Thumb Code     2  startup_tm4c129.o(.text)
    GPIOQ4_Handler                           0x0000037d   Thumb Code     2  startup_tm4c129.o(.text)
    GPIOQ5_Handler                           0x0000037f   Thumb Code     2  startup_tm4c129.o(.text)
    GPIOQ6_Handler                           0x00000381   Thumb Code     2  startup_tm4c129.o(.text)
    GPIOQ7_Handler                           0x00000383   Thumb Code     2  startup_tm4c129.o(.text)
    GPIOR_Handler                            0x00000385   Thumb Code     2  startup_tm4c129.o(.text)
    GPIOS_Handler                            0x00000387   Thumb Code     2  startup_tm4c129.o(.text)
    SHAMD5_Handler                           0x00000389   Thumb Code     2  startup_tm4c129.o(.text)
    AES_Handler                              0x0000038b   Thumb Code     2  startup_tm4c129.o(.text)
    DES3DES_Handler                          0x0000038d   Thumb Code     2  startup_tm4c129.o(.text)
    LCDCONTROLLER_Handler                    0x0000038f   Thumb Code     2  startup_tm4c129.o(.text)
    TIMER6A_Handler                          0x00000391   Thumb Code     2  startup_tm4c129.o(.text)
    TIMER6B_Handler                          0x00000393   Thumb Code     2  startup_tm4c129.o(.text)
    TIMER7A_Handler                          0x00000395   Thumb Code     2  startup_tm4c129.o(.text)
    TIMER7B_Handler                          0x00000397   Thumb Code     2  startup_tm4c129.o(.text)
    I2C6_Handler                             0x00000399   Thumb Code     2  startup_tm4c129.o(.text)
    I2C7_Handler                             0x0000039b   Thumb Code     2  startup_tm4c129.o(.text)
    HIMSCANKEYBOARD_Handler                  0x0000039d   Thumb Code     2  startup_tm4c129.o(.text)
    ONEWIRE_Handler                          0x0000039f   Thumb Code     2  startup_tm4c129.o(.text)
    HIMPS2_Handler                           0x000003a1   Thumb Code     2  startup_tm4c129.o(.text)
    HIMLEDSEQUENCER_Handler                  0x000003a3   Thumb Code     2  startup_tm4c129.o(.text)
    HIMCONSUMERIR_Handler                    0x000003a5   Thumb Code     2  startup_tm4c129.o(.text)
    I2C8_Handler                             0x000003a7   Thumb Code     2  startup_tm4c129.o(.text)
    I2C9_Handler                             0x000003a9   Thumb Code     2  startup_tm4c129.o(.text)
    GPIOT_Handler                            0x000003ab   Thumb Code     2  startup_tm4c129.o(.text)
    __user_initial_stackheap                 0x000003ad   Thumb Code     0  startup_tm4c129.o(.text)
    __use_two_region_memory                  0x000003cd   Thumb Code     2  heapauxi.o(.text)
    __rt_heap_escrow$2region                 0x000003cf   Thumb Code     2  heapauxi.o(.text)
    __rt_heap_expand$2region                 0x000003d1   Thumb Code     2  heapauxi.o(.text)
    __user_setup_stackheap                   0x000003d3   Thumb Code    74  sys_stackheap_outer.o(.text)
    exit                                     0x0000041d   Thumb Code    18  exit.o(.text)
    __user_libspace                          0x00000431   Thumb Code     8  libspace.o(.text)
    __user_perproc_libspace                  0x00000431   Thumb Code     0  libspace.o(.text)
    __user_perthread_libspace                0x00000431   Thumb Code     0  libspace.o(.text)
    _sys_exit                                0x00000439   Thumb Code     8  sys_exit.o(.text)
    __I$use$semihosting                      0x00000445   Thumb Code     0  use_no_semi.o(.text)
    __use_no_semihosting_swi                 0x00000445   Thumb Code     2  use_no_semi.o(.text)
    __semihosting_library_function           0x00000447   Thumb Code     0  indicate_semi.o(.text)
    ADC0SS0_Handler                          0x00000449   Thumb Code   176  bsp_adc.o(.text.ADC0SS0_Handler)
    ADCClockConfigSet                        0x000004f9   Thumb Code    24  adc.o(.text.ADCClockConfigSet)
    ADCIntDisable                            0x00000511   Thumb Code    16  adc.o(.text.ADCIntDisable)
    ADCIntEnableEx                           0x00000521   Thumb Code     8  adc.o(.text.ADCIntEnableEx)
    ADCSequenceConfigure                     0x00000529   Thumb Code    90  adc.o(.text.ADCSequenceConfigure)
    ADCSequenceDMAEnable                     0x00000585   Thumb Code    16  adc.o(.text.ADCSequenceDMAEnable)
    ADCSequenceDisable                       0x00000595   Thumb Code    16  adc.o(.text.ADCSequenceDisable)
    ADCSequenceEnable                        0x000005a5   Thumb Code    14  adc.o(.text.ADCSequenceEnable)
    ADCSequenceStepConfigure                 0x000005b5   Thumb Code   152  adc.o(.text.ADCSequenceStepConfigure)
    CPUcpsie                                 0x0000064d   Thumb Code    12  cpu.o(.text.CPUcpsie)
    GPIODirModeSet                           0x00000659   Thumb Code    44  gpio.o(.text.GPIODirModeSet)
    GPIOPadConfigSet                         0x00000685   Thumb Code   380  gpio.o(.text.GPIOPadConfigSet)
    GPIOPinTypeADC                           0x00000801   Thumb Code    26  gpio.o(.text.GPIOPinTypeADC)
    GPIOPinTypeGPIOOutput                    0x0000081d   Thumb Code    26  gpio.o(.text.GPIOPinTypeGPIOOutput)
    IntDisable                               0x00000839   Thumb Code   124  interrupt.o(.text.IntDisable)
    IntEnable                                0x000008c9   Thumb Code   130  interrupt.o(.text.IntEnable)
    IntMasterEnable                          0x0000094d   Thumb Code    14  interrupt.o(.text.IntMasterEnable)
    SysCtlClockFreqSet                       0x0000095d   Thumb Code   536  sysctl.o(.text.SysCtlClockFreqSet)
    SysCtlDelay                              0x00000b7d   Thumb Code    10  sysctl.o(.text.SysCtlDelay)
    SysCtlPeripheralEnable                   0x00000b89   Thumb Code    28  sysctl.o(.text.SysCtlPeripheralEnable)
    SystemInit                               0x00000ba5   Thumb Code    36  system_tm4c129.o(.text.SystemInit)
    TimerConfigure                           0x00000bc9   Thumb Code    86  timer.o(.text.TimerConfigure)
    TimerControlTrigger                      0x00000c21   Thumb Code    88  timer.o(.text.TimerControlTrigger)
    TimerEnable                              0x00000c79   Thumb Code    14  timer.o(.text.TimerEnable)
    TimerLoadSet                             0x00000c89   Thumb Code    16  timer.o(.text.TimerLoadSet)
    bsp_InitAdc0                             0x00000d19   Thumb Code   376  bsp_adc.o(.text.bsp_InitAdc0)
    bsp_InitDWT                              0x00000e91   Thumb Code    38  bsp_dwt.o(.text.bsp_InitDWT)
    bsp_InitLed                              0x00000eb9   Thumb Code    30  bsp_led.o(.text.bsp_InitLed)
    main                                     0x00000ed9   Thumb Code    46  main.o(.text.main)
    uDMAChannelAttributeDisable              0x00000f09   Thumb Code    56  udma.o(.text.uDMAChannelAttributeDisable)
    uDMAChannelAttributeEnable               0x00000f41   Thumb Code    56  udma.o(.text.uDMAChannelAttributeEnable)
    uDMAChannelControlSet                    0x00000f79   Thumb Code    36  udma.o(.text.uDMAChannelControlSet)
    uDMAChannelEnable                        0x00000f9d   Thumb Code    22  udma.o(.text.uDMAChannelEnable)
    uDMAChannelModeGet                       0x00000fb5   Thumb Code    34  udma.o(.text.uDMAChannelModeGet)
    uDMAChannelTransferSet                   0x00000fd9   Thumb Code   148  udma.o(.text.uDMAChannelTransferSet)
    uDMAControlBaseSet                       0x0000106d   Thumb Code    12  udma.o(.text.uDMAControlBaseSet)
    uDMAEnable                               0x00001079   Thumb Code    14  udma.o(.text.uDMAEnable)
    _fp_init                                 0x00001087   Thumb Code    26  fpinit.o(x$fpl$fpinit)
    __fplib_config_fpu_vfp                   0x0000109f   Thumb Code     0  fpinit.o(x$fpl$fpinit)
    __fplib_config_pureend_doubles           0x0000109f   Thumb Code     0  fpinit.o(x$fpl$fpinit)
    Region$$Table$$Base                      0x00001300   Number         0  anon$$obj.o(Region$$Table)
    Region$$Table$$Limit                     0x00001320   Number         0  anon$$obj.o(Region$$Table)
    SystemCoreClock                          0x20000000   Data           4  system_tm4c129.o(.data.SystemCoreClock)
    __libspace_start                         0x20000400   Data          96  libspace.o(.bss)
    ADCBuffer1                               0x20000460   Data        2000  bsp_adc.o(.bss.ADCBuffer1)
    __temporary_stack_top$libspace           0x20000460   Data           0  libspace.o(.bss)
    ADCBuffer2                               0x20000c30   Data        2000  bsp_adc.o(.bss.ADCBuffer2)
    adc_int_count                            0x20001c00   Data           4  bsp_adc.o(.bss.adc_int_count)



==============================================================================

Memory Map of the image

  Image Entry point : 0x00000201

  Load Region LR_IROM1 (Base: 0x00000000, Size: 0x00001800, Max: 0x00100000, ABSOLUTE)

    Execution Region ER_IROM1 (Exec base: 0x00000000, Load base: 0x00000000, Size: 0x00001320, Max: 0x00100000, ABSOLUTE)

    Exec Addr    Load Addr    Size         Type   Attr      Idx    E Section Name        Object

    0x00000000   0x00000000   0x00000200   Data   RO         2213    RESET               startup_tm4c129.o
    0x00000200   0x00000200   0x00000008   Code   RO         2236  * !!!main             c_w.l(__main.o)
    0x00000208   0x00000208   0x00000034   Code   RO         2399    !!!scatter          c_w.l(__scatter.o)
    0x0000023c   0x0000023c   0x0000001a   Code   RO         2401    !!handler_copy      c_w.l(__scatter_copy.o)
    0x00000256   0x00000256   0x00000002   PAD
    0x00000258   0x00000258   0x0000001c   Code   RO         2403    !!handler_zi        c_w.l(__scatter_zi.o)
    0x00000274   0x00000274   0x00000002   Code   RO         2263    .ARM.Collect$$libinit$$00000000  c_w.l(libinit.o)
    0x00000276   0x00000276   0x00000004   Code   RO         2269    .ARM.Collect$$libinit$$00000001  c_w.l(libinit2.o)
    0x0000027a   0x0000027a   0x00000000   Code   RO         2272    .ARM.Collect$$libinit$$00000004  c_w.l(libinit2.o)
    0x0000027a   0x0000027a   0x00000000   Code   RO         2275    .ARM.Collect$$libinit$$0000000A  c_w.l(libinit2.o)
    0x0000027a   0x0000027a   0x00000000   Code   RO         2277    .ARM.Collect$$libinit$$0000000C  c_w.l(libinit2.o)
    0x0000027a   0x0000027a   0x00000000   Code   RO         2279    .ARM.Collect$$libinit$$0000000E  c_w.l(libinit2.o)
    0x0000027a   0x0000027a   0x00000000   Code   RO         2282    .ARM.Collect$$libinit$$00000011  c_w.l(libinit2.o)
    0x0000027a   0x0000027a   0x00000000   Code   RO         2284    .ARM.Collect$$libinit$$00000013  c_w.l(libinit2.o)
    0x0000027a   0x0000027a   0x00000000   Code   RO         2286    .ARM.Collect$$libinit$$00000015  c_w.l(libinit2.o)
    0x0000027a   0x0000027a   0x00000000   Code   RO         2288    .ARM.Collect$$libinit$$00000017  c_w.l(libinit2.o)
    0x0000027a   0x0000027a   0x00000000   Code   RO         2290    .ARM.Collect$$libinit$$00000019  c_w.l(libinit2.o)
    0x0000027a   0x0000027a   0x00000000   Code   RO         2292    .ARM.Collect$$libinit$$0000001B  c_w.l(libinit2.o)
    0x0000027a   0x0000027a   0x00000000   Code   RO         2294    .ARM.Collect$$libinit$$0000001D  c_w.l(libinit2.o)
    0x0000027a   0x0000027a   0x00000000   Code   RO         2296    .ARM.Collect$$libinit$$0000001F  c_w.l(libinit2.o)
    0x0000027a   0x0000027a   0x00000000   Code   RO         2298    .ARM.Collect$$libinit$$00000021  c_w.l(libinit2.o)
    0x0000027a   0x0000027a   0x00000000   Code   RO         2300    .ARM.Collect$$libinit$$00000023  c_w.l(libinit2.o)
    0x0000027a   0x0000027a   0x00000000   Code   RO         2302    .ARM.Collect$$libinit$$00000025  c_w.l(libinit2.o)
    0x0000027a   0x0000027a   0x00000000   Code   RO         2306    .ARM.Collect$$libinit$$0000002C  c_w.l(libinit2.o)
    0x0000027a   0x0000027a   0x00000000   Code   RO         2308    .ARM.Collect$$libinit$$0000002E  c_w.l(libinit2.o)
    0x0000027a   0x0000027a   0x00000000   Code   RO         2310    .ARM.Collect$$libinit$$00000030  c_w.l(libinit2.o)
    0x0000027a   0x0000027a   0x00000000   Code   RO         2312    .ARM.Collect$$libinit$$00000032  c_w.l(libinit2.o)
    0x0000027a   0x0000027a   0x00000002   Code   RO         2313    .ARM.Collect$$libinit$$00000033  c_w.l(libinit2.o)
    0x0000027c   0x0000027c   0x00000002   Code   RO         2335    .ARM.Collect$$libshutdown$$00000000  c_w.l(libshutdown.o)
    0x0000027e   0x0000027e   0x00000000   Code   RO         2350    .ARM.Collect$$libshutdown$$00000002  c_w.l(libshutdown2.o)
    0x0000027e   0x0000027e   0x00000000   Code   RO         2352    .ARM.Collect$$libshutdown$$00000004  c_w.l(libshutdown2.o)
    0x0000027e   0x0000027e   0x00000000   Code   RO         2355    .ARM.Collect$$libshutdown$$00000007  c_w.l(libshutdown2.o)
    0x0000027e   0x0000027e   0x00000000   Code   RO         2358    .ARM.Collect$$libshutdown$$0000000A  c_w.l(libshutdown2.o)
    0x0000027e   0x0000027e   0x00000000   Code   RO         2360    .ARM.Collect$$libshutdown$$0000000C  c_w.l(libshutdown2.o)
    0x0000027e   0x0000027e   0x00000000   Code   RO         2363    .ARM.Collect$$libshutdown$$0000000F  c_w.l(libshutdown2.o)
    0x0000027e   0x0000027e   0x00000002   Code   RO         2364    .ARM.Collect$$libshutdown$$00000010  c_w.l(libshutdown2.o)
    0x00000280   0x00000280   0x00000000   Code   RO         2238    .ARM.Collect$$rtentry$$00000000  c_w.l(__rtentry.o)
    0x00000280   0x00000280   0x00000000   Code   RO         2240    .ARM.Collect$$rtentry$$00000002  c_w.l(__rtentry2.o)
    0x00000280   0x00000280   0x00000006   Code   RO         2252    .ARM.Collect$$rtentry$$00000004  c_w.l(__rtentry4.o)
    0x00000286   0x00000286   0x00000000   Code   RO         2242    .ARM.Collect$$rtentry$$00000009  c_w.l(__rtentry2.o)
    0x00000286   0x00000286   0x00000004   Code   RO         2243    .ARM.Collect$$rtentry$$0000000A  c_w.l(__rtentry2.o)
    0x0000028a   0x0000028a   0x00000000   Code   RO         2245    .ARM.Collect$$rtentry$$0000000C  c_w.l(__rtentry2.o)
    0x0000028a   0x0000028a   0x00000008   Code   RO         2246    .ARM.Collect$$rtentry$$0000000D  c_w.l(__rtentry2.o)
    0x00000292   0x00000292   0x00000002   Code   RO         2267    .ARM.Collect$$rtexit$$00000000  c_w.l(rtexit.o)
    0x00000294   0x00000294   0x00000000   Code   RO         2315    .ARM.Collect$$rtexit$$00000002  c_w.l(rtexit2.o)
    0x00000294   0x00000294   0x00000004   Code   RO         2316    .ARM.Collect$$rtexit$$00000003  c_w.l(rtexit2.o)
    0x00000298   0x00000298   0x00000006   Code   RO         2317    .ARM.Collect$$rtexit$$00000004  c_w.l(rtexit2.o)
    0x0000029e   0x0000029e   0x00000002   PAD
    0x000002a0   0x000002a0   0x0000012c   Code   RO         2214    .text               startup_tm4c129.o
    0x000003cc   0x000003cc   0x00000006   Code   RO         2234    .text               c_w.l(heapauxi.o)
    0x000003d2   0x000003d2   0x0000004a   Code   RO         2254    .text               c_w.l(sys_stackheap_outer.o)
    0x0000041c   0x0000041c   0x00000012   Code   RO         2256    .text               c_w.l(exit.o)
    0x0000042e   0x0000042e   0x00000002   PAD
    0x00000430   0x00000430   0x00000008   Code   RO         2264    .text               c_w.l(libspace.o)
    0x00000438   0x00000438   0x0000000c   Code   RO         2325    .text               c_w.l(sys_exit.o)
    0x00000444   0x00000444   0x00000002   Code   RO         2340    .text               c_w.l(use_no_semi.o)
    0x00000446   0x00000446   0x00000000   Code   RO         2342    .text               c_w.l(indicate_semi.o)
    0x00000446   0x00000446   0x00000002   PAD
    0x00000448   0x00000448   0x000000b0   Code   RO         2195    .text.ADC0SS0_Handler  bsp_adc.o
    0x000004f8   0x000004f8   0x00000018   Code   RO           89    .text.ADCClockConfigSet  adc.o
    0x00000510   0x00000510   0x00000010   Code   RO           17    .text.ADCIntDisable  adc.o
    0x00000520   0x00000520   0x00000008   Code   RO           69    .text.ADCIntEnableEx  adc.o
    0x00000528   0x00000528   0x0000005a   Code   RO           29    .text.ADCSequenceConfigure  adc.o
    0x00000582   0x00000582   0x00000002   PAD
    0x00000584   0x00000584   0x00000010   Code   RO           83    .text.ADCSequenceDMAEnable  adc.o
    0x00000594   0x00000594   0x00000010   Code   RO           27    .text.ADCSequenceDisable  adc.o
    0x000005a4   0x000005a4   0x0000000e   Code   RO           25    .text.ADCSequenceEnable  adc.o
    0x000005b2   0x000005b2   0x00000002   PAD
    0x000005b4   0x000005b4   0x00000098   Code   RO           31    .text.ADCSequenceStepConfigure  adc.o
    0x0000064c   0x0000064c   0x0000000c   Code   RO          242    .text.CPUcpsie      cpu.o
    0x00000658   0x00000658   0x0000002c   Code   RO          688    .text.GPIODirModeSet  gpio.o
    0x00000684   0x00000684   0x0000017c   Code   RO          696    .text.GPIOPadConfigSet  gpio.o
    0x00000800   0x00000800   0x0000001a   Code   RO          722    .text.GPIOPinTypeADC  gpio.o
    0x0000081a   0x0000081a   0x00000002   PAD
    0x0000081c   0x0000081c   0x0000001a   Code   RO          740    .text.GPIOPinTypeGPIOOutput  gpio.o
    0x00000836   0x00000836   0x00000002   PAD
    0x00000838   0x00000838   0x00000090   Code   RO         1055    .text.IntDisable    interrupt.o
    0x000008c8   0x000008c8   0x00000082   Code   RO         1053    .text.IntEnable     interrupt.o
    0x0000094a   0x0000094a   0x00000002   PAD
    0x0000094c   0x0000094c   0x0000000e   Code   RO         1035    .text.IntMasterEnable  interrupt.o
    0x0000095a   0x0000095a   0x00000002   PAD
    0x0000095c   0x0000095c   0x00000220   Code   RO         1551    .text.SysCtlClockFreqSet  sysctl.o
    0x00000b7c   0x00000b7c   0x0000000a   Code   RO         1541    .text.SysCtlDelay   sysctl.o
    0x00000b86   0x00000b86   0x00000002   PAD
    0x00000b88   0x00000b88   0x0000001c   Code   RO         1493    .text.SysCtlPeripheralEnable  sysctl.o
    0x00000ba4   0x00000ba4   0x00000024   Code   RO         2223    .text.SystemInit    system_tm4c129.o
    0x00000bc8   0x00000bc8   0x00000056   Code   RO         1656    .text.TimerConfigure  timer.o
    0x00000c1e   0x00000c1e   0x00000002   PAD
    0x00000c20   0x00000c20   0x00000058   Code   RO         1660    .text.TimerControlTrigger  timer.o
    0x00000c78   0x00000c78   0x0000000e   Code   RO         1652    .text.TimerEnable   timer.o
    0x00000c86   0x00000c86   0x00000002   PAD
    0x00000c88   0x00000c88   0x00000010   Code   RO         1684    .text.TimerLoadSet  timer.o
    0x00000c98   0x00000c98   0x00000058   Code   RO         1555    .text._SysCtlFrequencyGet  sysctl.o
    0x00000cf0   0x00000cf0   0x00000028   Code   RO         1553    .text._SysCtlMemTimingGet  sysctl.o
    0x00000d18   0x00000d18   0x00000178   Code   RO         2197    .text.bsp_InitAdc0  bsp_adc.o
    0x00000e90   0x00000e90   0x00000026   Code   RO         2166    .text.bsp_InitDWT   bsp_dwt.o
    0x00000eb6   0x00000eb6   0x00000002   PAD
    0x00000eb8   0x00000eb8   0x0000001e   Code   RO         2180    .text.bsp_InitLed   bsp_led.o
    0x00000ed6   0x00000ed6   0x00000002   PAD
    0x00000ed8   0x00000ed8   0x0000002e   Code   RO            2    .text.main          main.o
    0x00000f06   0x00000f06   0x00000002   PAD
    0x00000f08   0x00000f08   0x00000038   Code   RO         1870    .text.uDMAChannelAttributeDisable  udma.o
    0x00000f40   0x00000f40   0x00000038   Code   RO         1868    .text.uDMAChannelAttributeEnable  udma.o
    0x00000f78   0x00000f78   0x00000024   Code   RO         1874    .text.uDMAChannelControlSet  udma.o
    0x00000f9c   0x00000f9c   0x00000016   Code   RO         1854    .text.uDMAChannelEnable  udma.o
    0x00000fb2   0x00000fb2   0x00000002   PAD
    0x00000fb4   0x00000fb4   0x00000022   Code   RO         1882    .text.uDMAChannelModeGet  udma.o
    0x00000fd6   0x00000fd6   0x00000002   PAD
    0x00000fd8   0x00000fd8   0x00000094   Code   RO         1876    .text.uDMAChannelTransferSet  udma.o
    0x0000106c   0x0000106c   0x0000000c   Code   RO         1860    .text.uDMAControlBaseSet  udma.o
    0x00001078   0x00001078   0x0000000e   Code   RO         1846    .text.uDMAEnable    udma.o
    0x00001086   0x00001086   0x0000001a   Code   RO         2323    x$fpl$fpinit        fz_wm.l(fpinit.o)
    0x000010a0   0x000010a0   0x000001b0   Data   RO         1594    .rodata.g_pppui32XTALtoVCO  sysctl.o
    0x00001250   0x00001250   0x00000014   Data   RO         1072    .rodata.g_pui32EnRegs  interrupt.o
    0x00001264   0x00001264   0x0000006c   Data   RO         1593    .rodata.g_pui32Xtals  sysctl.o
    0x000012d0   0x000012d0   0x00000030   Data   RO         1595    .rodata.g_sXTALtoMEMTIM  sysctl.o
    0x00001300   0x00001300   0x00000020   Data   RO         2398    Region$$Table       anon$$obj.o


    Execution Region RW_IRAM1 (Exec base: 0x20000000, Load base: 0x00001400, Size: 0x00001e08, Max: 0x00040000, ABSOLUTE)

    Exec Addr    Load Addr    Size         Type   Attr      Idx    E Section Name        Object

    0x20000000   0x00001400   0x00000004   Data   RW         2225    .data.SystemCoreClock  system_tm4c129.o
    0x20000004   0x00001404   0x000003fc   PAD
    0x20000400        -       0x00000060   Zero   RW         2265    .bss                c_w.l(libspace.o)
    0x20000460        -       0x000007d0   Zero   RW         2200    .bss.ADCBuffer1     bsp_adc.o
    0x20000c30        -       0x000007d0   Zero   RW         2201    .bss.ADCBuffer2     bsp_adc.o
    0x20001400        -       0x00000001   Zero   RW         2203    .bss.BufferStatus.0  bsp_adc.o
    0x20001401        -       0x00000001   Zero   RW         2204    .bss.BufferStatus.1  bsp_adc.o
    0x20001402   0x00001404   0x000003fe   PAD
    0x20001800        -       0x00000400   Zero   RW         2202    .bss.ControlTable   bsp_adc.o
    0x20001c00        -       0x00000004   Zero   RW         2199    .bss.adc_int_count  bsp_adc.o
    0x20001c04   0x00001404   0x00000004   PAD
    0x20001c08        -       0x00000000   Zero   RW         2212    HEAP                startup_tm4c129.o
    0x20001c08        -       0x00000200   Zero   RW         2211    STACK               startup_tm4c129.o


==============================================================================

Image component sizes


      Code (inc. data)   RO Data    RW Data    ZI Data      Debug   Object Name

       336          0          0          0          0      10774   adc.o
       552          0          0          0       5030       1339   bsp_adc.o
        38          0          0          0          0       1094   bsp_dwt.o
        30          0          0          0          0        682   bsp_led.o
        12          0          0          0          0       1043   cpu.o
       476          0          0          0          0      12659   gpio.o
       288         44         20          0          0       4785   interrupt.o
        46          0          0          0          0        385   main.o
       300         22        512          0        512       6072   startup_tm4c129.o
       710         16        588          0          0      13359   sysctl.o
        36          0          0          4          0       1411   system_tm4c129.o
       204          0          0          0          0       8303   timer.o
       378          0          0          0          0       6319   udma.o

    ----------------------------------------------------------------------
      3434         82       1152          4       7588      68225   Object Totals
         0          0         32          0          0          0   (incl. Generated)
        28          0          0          0       2046          0   (incl. Padding)

    ----------------------------------------------------------------------

      Code (inc. data)   RO Data    RW Data    ZI Data      Debug   Library Member Name

         8          0          0          0          0         68   __main.o
         0          0          0          0          0          0   __rtentry.o
        12          0          0          0          0          0   __rtentry2.o
         6          0          0          0          0          0   __rtentry4.o
        52          8          0          0          0          0   __scatter.o
        26          0          0          0          0          0   __scatter_copy.o
        28          0          0          0          0          0   __scatter_zi.o
        18          0          0          0          0         80   exit.o
         6          0          0          0          0        152   heapauxi.o
         0          0          0          0          0          0   indicate_semi.o
         2          0          0          0          0          0   libinit.o
         6          0          0          0          0          0   libinit2.o
         2          0          0          0          0          0   libshutdown.o
         2          0          0          0          0          0   libshutdown2.o
         8          4          0          0         96         68   libspace.o
         2          0          0          0          0          0   rtexit.o
        10          0          0          0          0          0   rtexit2.o
        12          4          0          0          0         68   sys_exit.o
        74          0          0          0          0         80   sys_stackheap_outer.o
         2          0          0          0          0         68   use_no_semi.o
        26          0          0          0          0        116   fpinit.o

    ----------------------------------------------------------------------
       310         16          0          0         96        700   Library Totals
         8          0          0          0          0          0   (incl. Padding)

    ----------------------------------------------------------------------

      Code (inc. data)   RO Data    RW Data    ZI Data      Debug   Library Name

       276         16          0          0         96        584   c_w.l
        26          0          0          0          0        116   fz_wm.l

    ----------------------------------------------------------------------
       310         16          0          0         96        700   Library Totals

    ----------------------------------------------------------------------

==============================================================================


      Code (inc. data)   RO Data    RW Data    ZI Data      Debug   

      3744         98       1152          4       7684      68549   Grand Totals
      3744         98       1152          4       7684      68549   ELF Image Totals
      3744         98       1152          4          0          0   ROM Totals

==============================================================================

    Total RO  Size (Code + RO Data)                 4896 (   4.78kB)
    Total RW  Size (RW Data + ZI Data)              7688 (   7.51kB)
    Total ROM Size (Code + RO Data + RW Data)       4900 (   4.79kB)

==============================================================================

