<html>
<body>
<pre>
<h1>µVision Build Log</h1>
<h2>Tool Versions:</h2>
IDE-Version: ¦ÌVision V5.36.0.0
Copyright (C) 2021 ARM Ltd and ARM Germany GmbH. All rights reserved.
License Information:  ,   , LIC=TIVNB-2MBM9-HLWCL-0P0NT-Z4PUP-WJSZY
 
Tool Versions:
Toolchain:       MDK-ARM Plus  Version: 5.36.0.0
Toolchain Path:  C:\Keil_v5\ARM\ARMCC\Bin
C Compiler:      Armcc.exe V5.06 update 7 (build 960)
Assembler:       Armasm.exe V5.06 update 7 (build 960)
Linker/Locator:  ArmLink.exe V5.06 update 7 (build 960)
Library Manager: ArmAr.exe V5.06 update 7 (build 960)
Hex Converter:   FromElf.exe V5.06 update 7 (build 960)
CPU DLL:         SARMCM3.DLL V5.36.0.0
Dialog DLL:      DCM.DLL V1.17.3.0
Target DLL:      lmidk-agdi.dll V???
Dialog DLL:      TCM.DLL V1.53.0.0
 
<h2>Project:</h2>
F:\tm4c23gh6pm\Á÷Ë®µÆ\tm4c\OBJ\Template.uvprojx
Project File Date:  02/25/2024

<h2>Output:</h2>
*** Using Compiler 'V5.06 update 7 (build 960)', folder: 'C:\Keil_v5\ARM\ARMCC\Bin'
Rebuild target 'Template'
compiling adc.c...
compiling crc.c...
compiling can.c...
compiling epi.c...
compiling comp.c...
compiling des.c...
compiling aes.c...
compiling eeprom.c...
compiling main.c...
..\USER\main.c(62): warning:  #1-D: last line of file ends without a newline
  	}
..\USER\main.c: 1 warning, 0 errors
compiling cpu.c...
compiling flash.c...
compiling emac.c...
compiling fpu.c...
compiling interrupt.c...
compiling shamd5.c...
compiling lcd.c...
compiling mpu.c...
compiling gpio.c...
compiling i2c.c...
compiling onewire.c...
compiling qei.c...
compiling pwm.c...
compiling hibernate.c...
compiling ssi.c...
compiling sw_crc.c...
assembling startup_rvmdk.S...
compiling sysexc.c...
compiling systick.c...
compiling udma.c...
compiling watchdog.c...
compiling timer.c...
compiling uart.c...
compiling sysctl.c...
compiling usb.c...
linking...
Program Size: Code=2436 RO-data=612 RW-data=0 ZI-data=352  
".\Objects\Template.axf" - 0 Error(s), 1 Warning(s).

<h2>Software Packages used:</h2>

Package Vendor: Keil
                http://www.keil.com/pack/Keil.TM4C_DFP.1.1.0.pack
                Keil.TM4C_DFP.1.1.0
                Texas Instruments Tiva C Series Device Support and Examples

<h2>Collection of Component include folders:</h2>
  C:\Users\Â¬ÏþÑî\AppData\Local\Arm\Packs\Keil\TM4C_DFP\1.1.0\Device\Include\TM4C123

<h2>Collection of Component Files used:</h2>
Build Time Elapsed:  00:00:01
</pre>
</body>
</html>
