<html>
<body>
<pre>
<h1>µVision Build Log</h1>
<h2>Tool Versions:</h2>
IDE-Version: ¦ÌVision V5.36.0.0
Copyright (C) 2021 ARM Ltd and ARM Germany GmbH. All rights reserved.
License Information:  ,   , LIC=TIVNB-2MBM9-HLWCL-0P0NT-Z4PUP-WJSZY
 
Tool Versions:
Toolchain:       MDK-ARM Plus  Version: 5.36.0.0
Toolchain Path:  C:\Keil_v5\ARM\ARMCC\Bin
C Compiler:      Armcc.exe V5.06 update 7 (build 960)
Assembler:       Armasm.exe V5.06 update 7 (build 960)
Linker/Locator:  ArmLink.exe V5.06 update 7 (build 960)
Library Manager: ArmAr.exe V5.06 update 7 (build 960)
Hex Converter:   FromElf.exe V5.06 update 7 (build 960)
CPU DLL:         SARMCM3.DLL V5.36.0.0
Dialog DLL:      DCM.DLL V1.17.3.0
Target DLL:      lmidk-agdi.dll V???
Dialog DLL:      TCM.DLL V1.53.0.0
 
<h2>Project:</h2>
F:\tm4c23gh6pm\tm4c\tm4c23gh6pm\ADCµ÷ÊÔ\tm4c\OBJ\Template.uvprojx
Project File Date:  07/03/2024

<h2>Output:</h2>
*** Using Compiler 'V5.06 update 7 (build 960)', folder: 'C:\Keil_v5\ARM\ARMCC\Bin'
Rebuild target 'Template'
compiling LED.c...
compiling adc.c...
compiling aes.c...
compiling comp.c...
compiling start.c...
compiling lxy_dac.c...
..\USER\lxy_dac.h(47): warning:  #1295-D: Deprecated declaration GPIO_INIT - give arg types
  extern void GPIO_INIT();
..\USER\lxy_dac.c: 1 warning, 0 errors
compiling can.c...
compiling lxy_uart.c...
compiling time0.c...
compiling key.c...
compiling cpu.c...
compiling lxy_ADC.c...
..\USER\lxy_ADC.c(240): warning:  #1-D: last line of file ends without a newline
  }
..\USER\lxy_ADC.c: 1 warning, 0 errors
compiling lxy_PWM.c...
compiling crc.c...
compiling main.c...
..\USER\main.c(35): warning:  #14-D: extra text after expected end of preprocessing directive
  #include "driverlib/uart.h"a
..\USER\main.c(67): warning:  #177-D: variable "sum"  was declared but never referenced
  	int sum,i=0,cnt=0;
..\USER\main.c: 2 warnings, 0 errors
compiling des.c...
compiling eeprom.c...
compiling fpu.c...
compiling flash.c...
compiling interrupt.c...
compiling epi.c...
compiling emac.c...
compiling i2c.c...
compiling mpu.c...
compiling gpio.c...
compiling hibernate.c...
compiling lcd.c...
compiling onewire.c...
compiling qei.c...
compiling shamd5.c...
compiling pwm.c...
compiling ssi.c...
compiling sw_crc.c...
compiling systick.c...
compiling sysexc.c...
compiling timer.c...
compiling uart.c...
compiling udma.c...
compiling watchdog.c...
compiling sysctl.c...
assembling startup_rvmdk.S...
compiling uartstdio.c...
compiling uc1701.c...
compiling usb.c...
compiling pcf8575.c...
linking...
Program Size: Code=4104 RO-data=1228 RW-data=8 ZI-data=9464  
FromELF: creating hex file...
".\Template.axf" - 0 Error(s), 4 Warning(s).

<h2>Software Packages used:</h2>

Package Vendor: Keil
                http://www.keil.com/pack/Keil.TM4C_DFP.1.1.0.pack
                Keil.TM4C_DFP.1.1.0
                Texas Instruments Tiva C Series Device Support and Examples

<h2>Collection of Component include folders:</h2>
  C:\Users\Â¬ÏþÑî\AppData\Local\Arm\Packs\Keil\TM4C_DFP\1.1.0\Device\Include\TM4C123

<h2>Collection of Component Files used:</h2>
Build Time Elapsed:  00:00:02
</pre>
</body>
</html>
