<!doctype html public "-//w3c//dtd html 4.0 transitional//en">
<html><head>
<title>Static Call Graph - [.\Objects\Template.axf]</title></head>
<body><HR>
<H1>Static Call Graph for image .\Objects\Template.axf</H1><HR>
<BR><P>#&#060CALLGRAPH&#062# ARM Linker, 5060960: Last Updated: Thu May 16 22:24:18 2024
<BR><P>
<H3>Maximum Stack Usage =        160 bytes + Unknown(Functions without stacksize, Cycles, Untraceable Function Pointers)</H3><H3>
Call chain for Maximum Stack Depth:</H3>
main &rArr; DC_3 &rArr; __aeabi_dadd &rArr; _double_epilogue &rArr; _double_round
<P>
<H3>
Functions with no stack information
</H3><UL>
 <LI><a href="#[0]">Reset_Handler</a>
 <LI><a href="#[1]">NmiSR</a>
 <LI><a href="#[2]">FaultISR</a>
 <LI><a href="#[3]">IntDefaultHandler</a>
</UL>
</UL>
<P>
<H3>
Mutually Recursive functions
</H3> <LI><a href="#[c]">SysCtlDelay</a>&nbsp;&nbsp;&nbsp;&rArr;&nbsp;&nbsp;&nbsp;<a href="#[c]">SysCtlDelay</a><BR>
 <LI><a href="#[1]">NmiSR</a>&nbsp;&nbsp;&nbsp;&rArr;&nbsp;&nbsp;&nbsp;<a href="#[1]">NmiSR</a><BR>
 <LI><a href="#[2]">FaultISR</a>&nbsp;&nbsp;&nbsp;&rArr;&nbsp;&nbsp;&nbsp;<a href="#[2]">FaultISR</a><BR>
 <LI><a href="#[3]">IntDefaultHandler</a>&nbsp;&nbsp;&nbsp;&rArr;&nbsp;&nbsp;&nbsp;<a href="#[3]">IntDefaultHandler</a><BR>
</UL>
<P>
<H3>
Function Pointers
</H3><UL>
 <LI><a href="#[2]">FaultISR</a> from startup_rvmdk.o(RESET) referenced from startup_rvmdk.o(RESET)
 <LI><a href="#[3]">IntDefaultHandler</a> from startup_rvmdk.o(RESET) referenced 116 times from startup_rvmdk.o(RESET)
 <LI><a href="#[1]">NmiSR</a> from startup_rvmdk.o(RESET) referenced from startup_rvmdk.o(RESET)
 <LI><a href="#[0]">Reset_Handler</a> from startup_rvmdk.o(RESET) referenced from startup_rvmdk.o(RESET)
 <LI><a href="#[5]">_sputc</a> from printf6.o(i._sputc) referenced from printf6.o(i.__0sprintf$6)
 <LI><a href="#[7]">down1</a> from main.o(i.down1) referenced from main.o(i.main)
 <LI><a href="#[8]">enter1</a> from main.o(i.enter1) referenced from main.o(i.main)
 <LI><a href="#[4]">main</a> from main.o(i.main) referenced from entry9a.o(.ARM.Collect$$$$0000000B)
 <LI><a href="#[6]">up1</a> from main.o(i.up1) referenced from main.o(i.main)
</UL>
<P>
<H3>
Global Symbols
</H3>
<P><STRONG><a name="[0]"></a>Reset_Handler</STRONG> (Thumb, 0 bytes, Stack size unknown bytes, startup_rvmdk.o(RESET))
<BR><BR>[Calls]<UL><LI><a href="#[9]">&gt;&gt;</a>&nbsp;&nbsp;&nbsp;__main
</UL>
<BR>[Address Reference Count : 1]<UL><LI> startup_rvmdk.o(RESET)
</UL>
<P><STRONG><a name="[9]"></a>__main</STRONG> (Thumb, 0 bytes, Stack size unknown bytes, entry.o(.ARM.Collect$$$$00000000))
<BR><BR>[Called By]<UL><LI><a href="#[0]">&gt;&gt;</a>&nbsp;&nbsp;&nbsp;Reset_Handler
</UL>

<P><STRONG><a name="[60]"></a>_main_stk</STRONG> (Thumb, 0 bytes, Stack size unknown bytes, entry2.o(.ARM.Collect$$$$00000001))

<P><STRONG><a name="[a]"></a>_main_scatterload</STRONG> (Thumb, 0 bytes, Stack size unknown bytes, entry5.o(.ARM.Collect$$$$00000004))
<BR><BR>[Calls]<UL><LI><a href="#[b]">&gt;&gt;</a>&nbsp;&nbsp;&nbsp;__scatterload
</UL>

<P><STRONG><a name="[19]"></a>__main_after_scatterload</STRONG> (Thumb, 0 bytes, Stack size unknown bytes, entry5.o(.ARM.Collect$$$$00000004))
<BR><BR>[Called By]<UL><LI><a href="#[b]">&gt;&gt;</a>&nbsp;&nbsp;&nbsp;__scatterload
</UL>

<P><STRONG><a name="[61]"></a>_main_clock</STRONG> (Thumb, 0 bytes, Stack size unknown bytes, entry7b.o(.ARM.Collect$$$$00000008))

<P><STRONG><a name="[62]"></a>_main_cpp_init</STRONG> (Thumb, 0 bytes, Stack size unknown bytes, entry8b.o(.ARM.Collect$$$$0000000A))

<P><STRONG><a name="[63]"></a>_main_init</STRONG> (Thumb, 0 bytes, Stack size unknown bytes, entry9a.o(.ARM.Collect$$$$0000000B))

<P><STRONG><a name="[64]"></a>__rt_lib_shutdown_fini</STRONG> (Thumb, 0 bytes, Stack size unknown bytes, entry12b.o(.ARM.Collect$$$$0000000E))

<P><STRONG><a name="[65]"></a>__rt_final_cpp</STRONG> (Thumb, 0 bytes, Stack size unknown bytes, entry10a.o(.ARM.Collect$$$$0000000F))

<P><STRONG><a name="[66]"></a>__rt_final_exit</STRONG> (Thumb, 0 bytes, Stack size unknown bytes, entry11a.o(.ARM.Collect$$$$00000011))

<P><STRONG><a name="[67]"></a>CPUcpsid</STRONG> (Thumb, 8 bytes, Stack size 0 bytes, cpu.o(.emb_text), UNUSED)

<P><STRONG><a name="[68]"></a>CPUprimask</STRONG> (Thumb, 6 bytes, Stack size 0 bytes, cpu.o(.emb_text), UNUSED)

<P><STRONG><a name="[3d]"></a>CPUcpsie</STRONG> (Thumb, 8 bytes, Stack size 0 bytes, cpu.o(.emb_text))
<BR><BR>[Called By]<UL><LI><a href="#[3c]">&gt;&gt;</a>&nbsp;&nbsp;&nbsp;IntMasterEnable
</UL>

<P><STRONG><a name="[69]"></a>CPUwfi</STRONG> (Thumb, 4 bytes, Stack size 0 bytes, cpu.o(.emb_text), UNUSED)

<P><STRONG><a name="[6a]"></a>CPUbasepriSet</STRONG> (Thumb, 6 bytes, Stack size 0 bytes, cpu.o(.emb_text), UNUSED)

<P><STRONG><a name="[6b]"></a>CPUbasepriGet</STRONG> (Thumb, 6 bytes, Stack size 0 bytes, cpu.o(.emb_text), UNUSED)

<P><STRONG><a name="[c]"></a>SysCtlDelay</STRONG> (Thumb, 6 bytes, Stack size 0 bytes, sysctl.o(.emb_text))
<BR><BR>[Calls]<UL><LI><a href="#[c]">&gt;&gt;</a>&nbsp;&nbsp;&nbsp;SysCtlDelay
</UL>
<BR>[Called By]<UL><LI><a href="#[c]">&gt;&gt;</a>&nbsp;&nbsp;&nbsp;SysCtlDelay
<LI><a href="#[41]">&gt;&gt;</a>&nbsp;&nbsp;&nbsp;SysCtlClockSet
<LI><a href="#[4]">&gt;&gt;</a>&nbsp;&nbsp;&nbsp;main
<LI><a href="#[4f]">&gt;&gt;</a>&nbsp;&nbsp;&nbsp;delay_ms
</UL>

<P><STRONG><a name="[d]"></a>__aeabi_dadd</STRONG> (Thumb, 322 bytes, Stack size 48 bytes, dadd.o(.text))
<BR><BR>[Stack]<UL><LI>Max Depth = 88<LI>Call Chain = __aeabi_dadd &rArr; _double_epilogue &rArr; _double_round
</UL>
<BR>[Calls]<UL><LI><a href="#[f]">&gt;&gt;</a>&nbsp;&nbsp;&nbsp;__aeabi_lasr
<LI><a href="#[e]">&gt;&gt;</a>&nbsp;&nbsp;&nbsp;__aeabi_llsl
<LI><a href="#[11]">&gt;&gt;</a>&nbsp;&nbsp;&nbsp;_double_round
<LI><a href="#[10]">&gt;&gt;</a>&nbsp;&nbsp;&nbsp;_double_epilogue
</UL>
<BR>[Called By]<UL><LI><a href="#[12]">&gt;&gt;</a>&nbsp;&nbsp;&nbsp;__aeabi_dsub
<LI><a href="#[30]">&gt;&gt;</a>&nbsp;&nbsp;&nbsp;DC_3
<LI><a href="#[2f]">&gt;&gt;</a>&nbsp;&nbsp;&nbsp;DC_2
<LI><a href="#[2c]">&gt;&gt;</a>&nbsp;&nbsp;&nbsp;DC_1
<LI><a href="#[13]">&gt;&gt;</a>&nbsp;&nbsp;&nbsp;__aeabi_drsub
</UL>

<P><STRONG><a name="[12]"></a>__aeabi_dsub</STRONG> (Thumb, 6 bytes, Stack size 0 bytes, dadd.o(.text), UNUSED)
<BR><BR>[Calls]<UL><LI><a href="#[d]">&gt;&gt;</a>&nbsp;&nbsp;&nbsp;__aeabi_dadd
</UL>

<P><STRONG><a name="[13]"></a>__aeabi_drsub</STRONG> (Thumb, 6 bytes, Stack size 0 bytes, dadd.o(.text), UNUSED)
<BR><BR>[Calls]<UL><LI><a href="#[d]">&gt;&gt;</a>&nbsp;&nbsp;&nbsp;__aeabi_dadd
</UL>

<P><STRONG><a name="[14]"></a>__aeabi_ddiv</STRONG> (Thumb, 222 bytes, Stack size 32 bytes, ddiv.o(.text))
<BR><BR>[Stack]<UL><LI>Max Depth = 40<LI>Call Chain = __aeabi_ddiv &rArr; _double_round
</UL>
<BR>[Calls]<UL><LI><a href="#[11]">&gt;&gt;</a>&nbsp;&nbsp;&nbsp;_double_round
</UL>
<BR>[Called By]<UL><LI><a href="#[30]">&gt;&gt;</a>&nbsp;&nbsp;&nbsp;DC_3
<LI><a href="#[2f]">&gt;&gt;</a>&nbsp;&nbsp;&nbsp;DC_2
<LI><a href="#[2c]">&gt;&gt;</a>&nbsp;&nbsp;&nbsp;DC_1
</UL>

<P><STRONG><a name="[15]"></a>__aeabi_i2d</STRONG> (Thumb, 34 bytes, Stack size 16 bytes, dflti.o(.text))
<BR><BR>[Stack]<UL><LI>Max Depth = 56<LI>Call Chain = __aeabi_i2d &rArr; _double_epilogue &rArr; _double_round
</UL>
<BR>[Calls]<UL><LI><a href="#[10]">&gt;&gt;</a>&nbsp;&nbsp;&nbsp;_double_epilogue
</UL>
<BR>[Called By]<UL><LI><a href="#[30]">&gt;&gt;</a>&nbsp;&nbsp;&nbsp;DC_3
<LI><a href="#[2f]">&gt;&gt;</a>&nbsp;&nbsp;&nbsp;DC_2
<LI><a href="#[2c]">&gt;&gt;</a>&nbsp;&nbsp;&nbsp;DC_1
</UL>

<P><STRONG><a name="[16]"></a>__aeabi_d2iz</STRONG> (Thumb, 62 bytes, Stack size 16 bytes, dfixi.o(.text))
<BR><BR>[Stack]<UL><LI>Max Depth = 16<LI>Call Chain = __aeabi_d2iz
</UL>
<BR>[Calls]<UL><LI><a href="#[17]">&gt;&gt;</a>&nbsp;&nbsp;&nbsp;__aeabi_llsr
</UL>
<BR>[Called By]<UL><LI><a href="#[30]">&gt;&gt;</a>&nbsp;&nbsp;&nbsp;DC_3
<LI><a href="#[2f]">&gt;&gt;</a>&nbsp;&nbsp;&nbsp;DC_2
<LI><a href="#[2c]">&gt;&gt;</a>&nbsp;&nbsp;&nbsp;DC_1
</UL>

<P><STRONG><a name="[6c]"></a>__aeabi_cdcmpeq</STRONG> (Thumb, 0 bytes, Stack size 0 bytes, cdcmple.o(.text), UNUSED)

<P><STRONG><a name="[31]"></a>__aeabi_cdcmple</STRONG> (Thumb, 48 bytes, Stack size 0 bytes, cdcmple.o(.text))
<BR><BR>[Called By]<UL><LI><a href="#[30]">&gt;&gt;</a>&nbsp;&nbsp;&nbsp;DC_3
</UL>

<P><STRONG><a name="[6d]"></a>__aeabi_uidiv</STRONG> (Thumb, 0 bytes, Stack size 12 bytes, uidiv.o(.text), UNUSED)

<P><STRONG><a name="[54]"></a>__aeabi_uidivmod</STRONG> (Thumb, 44 bytes, Stack size 12 bytes, uidiv.o(.text), UNUSED)
<BR><BR>[Called By]<UL><LI><a href="#[51]">&gt;&gt;</a>&nbsp;&nbsp;&nbsp;_printf_core
</UL>

<P><STRONG><a name="[e]"></a>__aeabi_llsl</STRONG> (Thumb, 30 bytes, Stack size 0 bytes, llshl.o(.text))
<BR><BR>[Called By]<UL><LI><a href="#[d]">&gt;&gt;</a>&nbsp;&nbsp;&nbsp;__aeabi_dadd
<LI><a href="#[10]">&gt;&gt;</a>&nbsp;&nbsp;&nbsp;_double_epilogue
</UL>

<P><STRONG><a name="[6e]"></a>_ll_shift_l</STRONG> (Thumb, 0 bytes, Stack size 0 bytes, llshl.o(.text), UNUSED)

<P><STRONG><a name="[17]"></a>__aeabi_llsr</STRONG> (Thumb, 32 bytes, Stack size 0 bytes, llushr.o(.text))
<BR><BR>[Called By]<UL><LI><a href="#[16]">&gt;&gt;</a>&nbsp;&nbsp;&nbsp;__aeabi_d2iz
<LI><a href="#[18]">&gt;&gt;</a>&nbsp;&nbsp;&nbsp;_dsqrt
<LI><a href="#[10]">&gt;&gt;</a>&nbsp;&nbsp;&nbsp;_double_epilogue
</UL>

<P><STRONG><a name="[6f]"></a>_ll_ushift_r</STRONG> (Thumb, 0 bytes, Stack size 0 bytes, llushr.o(.text), UNUSED)

<P><STRONG><a name="[f]"></a>__aeabi_lasr</STRONG> (Thumb, 36 bytes, Stack size 0 bytes, llsshr.o(.text))
<BR><BR>[Called By]<UL><LI><a href="#[d]">&gt;&gt;</a>&nbsp;&nbsp;&nbsp;__aeabi_dadd
</UL>

<P><STRONG><a name="[70]"></a>_ll_sshift_r</STRONG> (Thumb, 0 bytes, Stack size 0 bytes, llsshr.o(.text), UNUSED)

<P><STRONG><a name="[71]"></a>__I$use$fp</STRONG> (Thumb, 0 bytes, Stack size 8 bytes, iusefp.o(.text), UNUSED)

<P><STRONG><a name="[11]"></a>_double_round</STRONG> (Thumb, 30 bytes, Stack size 8 bytes, depilogue.o(.text))
<BR><BR>[Stack]<UL><LI>Max Depth = 8<LI>Call Chain = _double_round
</UL>
<BR>[Called By]<UL><LI><a href="#[14]">&gt;&gt;</a>&nbsp;&nbsp;&nbsp;__aeabi_ddiv
<LI><a href="#[d]">&gt;&gt;</a>&nbsp;&nbsp;&nbsp;__aeabi_dadd
<LI><a href="#[18]">&gt;&gt;</a>&nbsp;&nbsp;&nbsp;_dsqrt
<LI><a href="#[10]">&gt;&gt;</a>&nbsp;&nbsp;&nbsp;_double_epilogue
</UL>

<P><STRONG><a name="[10]"></a>_double_epilogue</STRONG> (Thumb, 156 bytes, Stack size 32 bytes, depilogue.o(.text))
<BR><BR>[Stack]<UL><LI>Max Depth = 40<LI>Call Chain = _double_epilogue &rArr; _double_round
</UL>
<BR>[Calls]<UL><LI><a href="#[17]">&gt;&gt;</a>&nbsp;&nbsp;&nbsp;__aeabi_llsr
<LI><a href="#[e]">&gt;&gt;</a>&nbsp;&nbsp;&nbsp;__aeabi_llsl
<LI><a href="#[11]">&gt;&gt;</a>&nbsp;&nbsp;&nbsp;_double_round
</UL>
<BR>[Called By]<UL><LI><a href="#[15]">&gt;&gt;</a>&nbsp;&nbsp;&nbsp;__aeabi_i2d
<LI><a href="#[d]">&gt;&gt;</a>&nbsp;&nbsp;&nbsp;__aeabi_dadd
</UL>

<P><STRONG><a name="[18]"></a>_dsqrt</STRONG> (Thumb, 162 bytes, Stack size 32 bytes, dsqrt.o(.text))
<BR><BR>[Stack]<UL><LI>Max Depth = 40<LI>Call Chain = _dsqrt &rArr; _double_round
</UL>
<BR>[Calls]<UL><LI><a href="#[17]">&gt;&gt;</a>&nbsp;&nbsp;&nbsp;__aeabi_llsr
<LI><a href="#[11]">&gt;&gt;</a>&nbsp;&nbsp;&nbsp;_double_round
</UL>
<BR>[Called By]<UL><LI><a href="#[2e]">&gt;&gt;</a>&nbsp;&nbsp;&nbsp;__hardfp_sqrt
</UL>

<P><STRONG><a name="[b]"></a>__scatterload</STRONG> (Thumb, 28 bytes, Stack size 0 bytes, init.o(.text))
<BR><BR>[Calls]<UL><LI><a href="#[19]">&gt;&gt;</a>&nbsp;&nbsp;&nbsp;__main_after_scatterload
</UL>
<BR>[Called By]<UL><LI><a href="#[a]">&gt;&gt;</a>&nbsp;&nbsp;&nbsp;_main_scatterload
</UL>

<P><STRONG><a name="[72]"></a>__scatterload_rt2</STRONG> (Thumb, 0 bytes, Stack size 0 bytes, init.o(.text), UNUSED)

<P><STRONG><a name="[73]"></a>__decompress</STRONG> (Thumb, 0 bytes, Stack size unknown bytes, __dczerorl2.o(.text), UNUSED)

<P><STRONG><a name="[74]"></a>__decompress1</STRONG> (Thumb, 86 bytes, Stack size unknown bytes, __dczerorl2.o(.text), UNUSED)

<P><STRONG><a name="[1a]"></a>AC_1</STRONG> (Thumb, 166 bytes, Stack size 40 bytes, main.o(i.AC_1))
<BR><BR>[Stack]<UL><LI>Max Depth = 120<LI>Call Chain = AC_1 &rArr; UC1701CharDispaly &rArr; UC1701Dispaly &rArr; UC1701AddressSet &rArr; UC1701CmdWrite
</UL>
<BR>[Calls]<UL><LI><a href="#[23]">&gt;&gt;</a>&nbsp;&nbsp;&nbsp;UC1701Clear
<LI><a href="#[24]">&gt;&gt;</a>&nbsp;&nbsp;&nbsp;UC1701CharDispaly
<LI><a href="#[1f]">&gt;&gt;</a>&nbsp;&nbsp;&nbsp;TimerEnable
<LI><a href="#[20]">&gt;&gt;</a>&nbsp;&nbsp;&nbsp;TimerControlTrigger
<LI><a href="#[1e]">&gt;&gt;</a>&nbsp;&nbsp;&nbsp;TimerConfigure
<LI><a href="#[1b]">&gt;&gt;</a>&nbsp;&nbsp;&nbsp;GPIOPinWrite
<LI><a href="#[1c]">&gt;&gt;</a>&nbsp;&nbsp;&nbsp;ADC_init_SS3
<LI><a href="#[1d]">&gt;&gt;</a>&nbsp;&nbsp;&nbsp;ADC_SS3_SET
<LI><a href="#[21]">&gt;&gt;</a>&nbsp;&nbsp;&nbsp;ADCSequenceDataGet
<LI><a href="#[22]">&gt;&gt;</a>&nbsp;&nbsp;&nbsp;secernprintf
</UL>
<BR>[Called By]<UL><LI><a href="#[4]">&gt;&gt;</a>&nbsp;&nbsp;&nbsp;main
</UL>

<P><STRONG><a name="[25]"></a>AC_2</STRONG> (Thumb, 146 bytes, Stack size 40 bytes, main.o(i.AC_2))
<BR><BR>[Stack]<UL><LI>Max Depth = 120<LI>Call Chain = AC_2 &rArr; UC1701CharDispaly &rArr; UC1701Dispaly &rArr; UC1701AddressSet &rArr; UC1701CmdWrite
</UL>
<BR>[Calls]<UL><LI><a href="#[23]">&gt;&gt;</a>&nbsp;&nbsp;&nbsp;UC1701Clear
<LI><a href="#[24]">&gt;&gt;</a>&nbsp;&nbsp;&nbsp;UC1701CharDispaly
<LI><a href="#[1f]">&gt;&gt;</a>&nbsp;&nbsp;&nbsp;TimerEnable
<LI><a href="#[20]">&gt;&gt;</a>&nbsp;&nbsp;&nbsp;TimerControlTrigger
<LI><a href="#[1e]">&gt;&gt;</a>&nbsp;&nbsp;&nbsp;TimerConfigure
<LI><a href="#[1b]">&gt;&gt;</a>&nbsp;&nbsp;&nbsp;GPIOPinWrite
<LI><a href="#[1c]">&gt;&gt;</a>&nbsp;&nbsp;&nbsp;ADC_init_SS3
<LI><a href="#[1d]">&gt;&gt;</a>&nbsp;&nbsp;&nbsp;ADC_SS3_SET
<LI><a href="#[21]">&gt;&gt;</a>&nbsp;&nbsp;&nbsp;ADCSequenceDataGet
<LI><a href="#[22]">&gt;&gt;</a>&nbsp;&nbsp;&nbsp;secernprintf
</UL>
<BR>[Called By]<UL><LI><a href="#[4]">&gt;&gt;</a>&nbsp;&nbsp;&nbsp;main
</UL>

<P><STRONG><a name="[26]"></a>AC_3</STRONG> (Thumb, 166 bytes, Stack size 40 bytes, main.o(i.AC_3))
<BR><BR>[Stack]<UL><LI>Max Depth = 120<LI>Call Chain = AC_3 &rArr; UC1701CharDispaly &rArr; UC1701Dispaly &rArr; UC1701AddressSet &rArr; UC1701CmdWrite
</UL>
<BR>[Calls]<UL><LI><a href="#[23]">&gt;&gt;</a>&nbsp;&nbsp;&nbsp;UC1701Clear
<LI><a href="#[24]">&gt;&gt;</a>&nbsp;&nbsp;&nbsp;UC1701CharDispaly
<LI><a href="#[1f]">&gt;&gt;</a>&nbsp;&nbsp;&nbsp;TimerEnable
<LI><a href="#[20]">&gt;&gt;</a>&nbsp;&nbsp;&nbsp;TimerControlTrigger
<LI><a href="#[1e]">&gt;&gt;</a>&nbsp;&nbsp;&nbsp;TimerConfigure
<LI><a href="#[1b]">&gt;&gt;</a>&nbsp;&nbsp;&nbsp;GPIOPinWrite
<LI><a href="#[1c]">&gt;&gt;</a>&nbsp;&nbsp;&nbsp;ADC_init_SS3
<LI><a href="#[1d]">&gt;&gt;</a>&nbsp;&nbsp;&nbsp;ADC_SS3_SET
<LI><a href="#[21]">&gt;&gt;</a>&nbsp;&nbsp;&nbsp;ADCSequenceDataGet
<LI><a href="#[22]">&gt;&gt;</a>&nbsp;&nbsp;&nbsp;secernprintf
</UL>
<BR>[Called By]<UL><LI><a href="#[4]">&gt;&gt;</a>&nbsp;&nbsp;&nbsp;main
</UL>

<P><STRONG><a name="[27]"></a>ADCSequenceConfigure</STRONG> (Thumb, 78 bytes, Stack size 16 bytes, adc_1.o(i.ADCSequenceConfigure))
<BR><BR>[Stack]<UL><LI>Max Depth = 16<LI>Call Chain = ADCSequenceConfigure
</UL>
<BR>[Called By]<UL><LI><a href="#[1d]">&gt;&gt;</a>&nbsp;&nbsp;&nbsp;ADC_SS3_SET
</UL>

<P><STRONG><a name="[21]"></a>ADCSequenceDataGet</STRONG> (Thumb, 34 bytes, Stack size 8 bytes, adc_1.o(i.ADCSequenceDataGet))
<BR><BR>[Stack]<UL><LI>Max Depth = 8<LI>Call Chain = ADCSequenceDataGet
</UL>
<BR>[Called By]<UL><LI><a href="#[40]">&gt;&gt;</a>&nbsp;&nbsp;&nbsp;R_3
<LI><a href="#[3f]">&gt;&gt;</a>&nbsp;&nbsp;&nbsp;R_2
<LI><a href="#[3e]">&gt;&gt;</a>&nbsp;&nbsp;&nbsp;R_1
<LI><a href="#[30]">&gt;&gt;</a>&nbsp;&nbsp;&nbsp;DC_3
<LI><a href="#[2f]">&gt;&gt;</a>&nbsp;&nbsp;&nbsp;DC_2
<LI><a href="#[2c]">&gt;&gt;</a>&nbsp;&nbsp;&nbsp;DC_1
<LI><a href="#[26]">&gt;&gt;</a>&nbsp;&nbsp;&nbsp;AC_3
<LI><a href="#[25]">&gt;&gt;</a>&nbsp;&nbsp;&nbsp;AC_2
<LI><a href="#[1a]">&gt;&gt;</a>&nbsp;&nbsp;&nbsp;AC_1
</UL>

<P><STRONG><a name="[2b]"></a>ADCSequenceEnable</STRONG> (Thumb, 12 bytes, Stack size 0 bytes, adc_1.o(i.ADCSequenceEnable))
<BR><BR>[Called By]<UL><LI><a href="#[1c]">&gt;&gt;</a>&nbsp;&nbsp;&nbsp;ADC_init_SS3
</UL>

<P><STRONG><a name="[28]"></a>ADCSequenceStepConfigure</STRONG> (Thumb, 136 bytes, Stack size 16 bytes, adc_1.o(i.ADCSequenceStepConfigure))
<BR><BR>[Stack]<UL><LI>Max Depth = 16<LI>Call Chain = ADCSequenceStepConfigure
</UL>
<BR>[Called By]<UL><LI><a href="#[1d]">&gt;&gt;</a>&nbsp;&nbsp;&nbsp;ADC_SS3_SET
</UL>

<P><STRONG><a name="[1d]"></a>ADC_SS3_SET</STRONG> (Thumb, 32 bytes, Stack size 16 bytes, lxy_adc.o(i.ADC_SS3_SET))
<BR><BR>[Stack]<UL><LI>Max Depth = 32<LI>Call Chain = ADC_SS3_SET &rArr; ADCSequenceStepConfigure
</UL>
<BR>[Calls]<UL><LI><a href="#[28]">&gt;&gt;</a>&nbsp;&nbsp;&nbsp;ADCSequenceStepConfigure
<LI><a href="#[27]">&gt;&gt;</a>&nbsp;&nbsp;&nbsp;ADCSequenceConfigure
</UL>
<BR>[Called By]<UL><LI><a href="#[40]">&gt;&gt;</a>&nbsp;&nbsp;&nbsp;R_3
<LI><a href="#[3f]">&gt;&gt;</a>&nbsp;&nbsp;&nbsp;R_2
<LI><a href="#[3e]">&gt;&gt;</a>&nbsp;&nbsp;&nbsp;R_1
<LI><a href="#[30]">&gt;&gt;</a>&nbsp;&nbsp;&nbsp;DC_3
<LI><a href="#[2f]">&gt;&gt;</a>&nbsp;&nbsp;&nbsp;DC_2
<LI><a href="#[2c]">&gt;&gt;</a>&nbsp;&nbsp;&nbsp;DC_1
<LI><a href="#[26]">&gt;&gt;</a>&nbsp;&nbsp;&nbsp;AC_3
<LI><a href="#[25]">&gt;&gt;</a>&nbsp;&nbsp;&nbsp;AC_2
<LI><a href="#[1a]">&gt;&gt;</a>&nbsp;&nbsp;&nbsp;AC_1
</UL>

<P><STRONG><a name="[1c]"></a>ADC_init_SS3</STRONG> (Thumb, 42 bytes, Stack size 8 bytes, lxy_adc.o(i.ADC_init_SS3))
<BR><BR>[Stack]<UL><LI>Max Depth = 40<LI>Call Chain = ADC_init_SS3 &rArr; GPIOPinTypeADC &rArr; GPIOPadConfigSet
</UL>
<BR>[Calls]<UL><LI><a href="#[2a]">&gt;&gt;</a>&nbsp;&nbsp;&nbsp;GPIOPinTypeADC
<LI><a href="#[2b]">&gt;&gt;</a>&nbsp;&nbsp;&nbsp;ADCSequenceEnable
<LI><a href="#[29]">&gt;&gt;</a>&nbsp;&nbsp;&nbsp;SysCtlPeripheralEnable
</UL>
<BR>[Called By]<UL><LI><a href="#[40]">&gt;&gt;</a>&nbsp;&nbsp;&nbsp;R_3
<LI><a href="#[3f]">&gt;&gt;</a>&nbsp;&nbsp;&nbsp;R_2
<LI><a href="#[3e]">&gt;&gt;</a>&nbsp;&nbsp;&nbsp;R_1
<LI><a href="#[30]">&gt;&gt;</a>&nbsp;&nbsp;&nbsp;DC_3
<LI><a href="#[2f]">&gt;&gt;</a>&nbsp;&nbsp;&nbsp;DC_2
<LI><a href="#[2c]">&gt;&gt;</a>&nbsp;&nbsp;&nbsp;DC_1
<LI><a href="#[26]">&gt;&gt;</a>&nbsp;&nbsp;&nbsp;AC_3
<LI><a href="#[25]">&gt;&gt;</a>&nbsp;&nbsp;&nbsp;AC_2
<LI><a href="#[1a]">&gt;&gt;</a>&nbsp;&nbsp;&nbsp;AC_1
</UL>

<P><STRONG><a name="[2c]"></a>DC_1</STRONG> (Thumb, 274 bytes, Stack size 72 bytes, main.o(i.DC_1))
<BR><BR>[Stack]<UL><LI>Max Depth = 160<LI>Call Chain = DC_1 &rArr; __aeabi_dadd &rArr; _double_epilogue &rArr; _double_round
</UL>
<BR>[Calls]<UL><LI><a href="#[15]">&gt;&gt;</a>&nbsp;&nbsp;&nbsp;__aeabi_i2d
<LI><a href="#[14]">&gt;&gt;</a>&nbsp;&nbsp;&nbsp;__aeabi_ddiv
<LI><a href="#[d]">&gt;&gt;</a>&nbsp;&nbsp;&nbsp;__aeabi_dadd
<LI><a href="#[16]">&gt;&gt;</a>&nbsp;&nbsp;&nbsp;__aeabi_d2iz
<LI><a href="#[23]">&gt;&gt;</a>&nbsp;&nbsp;&nbsp;UC1701Clear
<LI><a href="#[24]">&gt;&gt;</a>&nbsp;&nbsp;&nbsp;UC1701CharDispaly
<LI><a href="#[1f]">&gt;&gt;</a>&nbsp;&nbsp;&nbsp;TimerEnable
<LI><a href="#[20]">&gt;&gt;</a>&nbsp;&nbsp;&nbsp;TimerControlTrigger
<LI><a href="#[1e]">&gt;&gt;</a>&nbsp;&nbsp;&nbsp;TimerConfigure
<LI><a href="#[2d]">&gt;&gt;</a>&nbsp;&nbsp;&nbsp;SysCtlPeripheralPowerOff
<LI><a href="#[1c]">&gt;&gt;</a>&nbsp;&nbsp;&nbsp;ADC_init_SS3
<LI><a href="#[1d]">&gt;&gt;</a>&nbsp;&nbsp;&nbsp;ADC_SS3_SET
<LI><a href="#[21]">&gt;&gt;</a>&nbsp;&nbsp;&nbsp;ADCSequenceDataGet
<LI><a href="#[22]">&gt;&gt;</a>&nbsp;&nbsp;&nbsp;secernprintf
<LI><a href="#[2e]">&gt;&gt;</a>&nbsp;&nbsp;&nbsp;__hardfp_sqrt
</UL>
<BR>[Called By]<UL><LI><a href="#[4]">&gt;&gt;</a>&nbsp;&nbsp;&nbsp;main
</UL>

<P><STRONG><a name="[2f]"></a>DC_2</STRONG> (Thumb, 278 bytes, Stack size 72 bytes, main.o(i.DC_2))
<BR><BR>[Stack]<UL><LI>Max Depth = 160<LI>Call Chain = DC_2 &rArr; __aeabi_dadd &rArr; _double_epilogue &rArr; _double_round
</UL>
<BR>[Calls]<UL><LI><a href="#[15]">&gt;&gt;</a>&nbsp;&nbsp;&nbsp;__aeabi_i2d
<LI><a href="#[14]">&gt;&gt;</a>&nbsp;&nbsp;&nbsp;__aeabi_ddiv
<LI><a href="#[d]">&gt;&gt;</a>&nbsp;&nbsp;&nbsp;__aeabi_dadd
<LI><a href="#[16]">&gt;&gt;</a>&nbsp;&nbsp;&nbsp;__aeabi_d2iz
<LI><a href="#[23]">&gt;&gt;</a>&nbsp;&nbsp;&nbsp;UC1701Clear
<LI><a href="#[24]">&gt;&gt;</a>&nbsp;&nbsp;&nbsp;UC1701CharDispaly
<LI><a href="#[1f]">&gt;&gt;</a>&nbsp;&nbsp;&nbsp;TimerEnable
<LI><a href="#[20]">&gt;&gt;</a>&nbsp;&nbsp;&nbsp;TimerControlTrigger
<LI><a href="#[1e]">&gt;&gt;</a>&nbsp;&nbsp;&nbsp;TimerConfigure
<LI><a href="#[2d]">&gt;&gt;</a>&nbsp;&nbsp;&nbsp;SysCtlPeripheralPowerOff
<LI><a href="#[1c]">&gt;&gt;</a>&nbsp;&nbsp;&nbsp;ADC_init_SS3
<LI><a href="#[1d]">&gt;&gt;</a>&nbsp;&nbsp;&nbsp;ADC_SS3_SET
<LI><a href="#[21]">&gt;&gt;</a>&nbsp;&nbsp;&nbsp;ADCSequenceDataGet
<LI><a href="#[22]">&gt;&gt;</a>&nbsp;&nbsp;&nbsp;secernprintf
<LI><a href="#[2e]">&gt;&gt;</a>&nbsp;&nbsp;&nbsp;__hardfp_sqrt
</UL>
<BR>[Called By]<UL><LI><a href="#[4]">&gt;&gt;</a>&nbsp;&nbsp;&nbsp;main
</UL>

<P><STRONG><a name="[30]"></a>DC_3</STRONG> (Thumb, 262 bytes, Stack size 72 bytes, main.o(i.DC_3))
<BR><BR>[Stack]<UL><LI>Max Depth = 160<LI>Call Chain = DC_3 &rArr; __aeabi_dadd &rArr; _double_epilogue &rArr; _double_round
</UL>
<BR>[Calls]<UL><LI><a href="#[15]">&gt;&gt;</a>&nbsp;&nbsp;&nbsp;__aeabi_i2d
<LI><a href="#[14]">&gt;&gt;</a>&nbsp;&nbsp;&nbsp;__aeabi_ddiv
<LI><a href="#[d]">&gt;&gt;</a>&nbsp;&nbsp;&nbsp;__aeabi_dadd
<LI><a href="#[16]">&gt;&gt;</a>&nbsp;&nbsp;&nbsp;__aeabi_d2iz
<LI><a href="#[31]">&gt;&gt;</a>&nbsp;&nbsp;&nbsp;__aeabi_cdcmple
<LI><a href="#[23]">&gt;&gt;</a>&nbsp;&nbsp;&nbsp;UC1701Clear
<LI><a href="#[24]">&gt;&gt;</a>&nbsp;&nbsp;&nbsp;UC1701CharDispaly
<LI><a href="#[1f]">&gt;&gt;</a>&nbsp;&nbsp;&nbsp;TimerEnable
<LI><a href="#[20]">&gt;&gt;</a>&nbsp;&nbsp;&nbsp;TimerControlTrigger
<LI><a href="#[1e]">&gt;&gt;</a>&nbsp;&nbsp;&nbsp;TimerConfigure
<LI><a href="#[2d]">&gt;&gt;</a>&nbsp;&nbsp;&nbsp;SysCtlPeripheralPowerOff
<LI><a href="#[1c]">&gt;&gt;</a>&nbsp;&nbsp;&nbsp;ADC_init_SS3
<LI><a href="#[1d]">&gt;&gt;</a>&nbsp;&nbsp;&nbsp;ADC_SS3_SET
<LI><a href="#[21]">&gt;&gt;</a>&nbsp;&nbsp;&nbsp;ADCSequenceDataGet
<LI><a href="#[22]">&gt;&gt;</a>&nbsp;&nbsp;&nbsp;secernprintf
</UL>
<BR>[Called By]<UL><LI><a href="#[4]">&gt;&gt;</a>&nbsp;&nbsp;&nbsp;main
</UL>

<P><STRONG><a name="[36]"></a>GPIODirModeSet</STRONG> (Thumb, 50 bytes, Stack size 0 bytes, gpio.o(i.GPIODirModeSet))
<BR><BR>[Called By]<UL><LI><a href="#[3b]">&gt;&gt;</a>&nbsp;&nbsp;&nbsp;GPIOPinTypeUART
<LI><a href="#[2a]">&gt;&gt;</a>&nbsp;&nbsp;&nbsp;GPIOPinTypeADC
<LI><a href="#[38]">&gt;&gt;</a>&nbsp;&nbsp;&nbsp;GPIOPinTypeGPIOInput
<LI><a href="#[39]">&gt;&gt;</a>&nbsp;&nbsp;&nbsp;GPIOPinTypeGPIOOutput
<LI><a href="#[3a]">&gt;&gt;</a>&nbsp;&nbsp;&nbsp;GPIOPinTypeSSI
</UL>

<P><STRONG><a name="[57]"></a>GPIOIntClear</STRONG> (Thumb, 6 bytes, Stack size 0 bytes, gpio.o(i.GPIOIntClear))
<BR><BR>[Called By]<UL><LI><a href="#[6]">&gt;&gt;</a>&nbsp;&nbsp;&nbsp;up1
<LI><a href="#[8]">&gt;&gt;</a>&nbsp;&nbsp;&nbsp;enter1
<LI><a href="#[7]">&gt;&gt;</a>&nbsp;&nbsp;&nbsp;down1
</UL>

<P><STRONG><a name="[5e]"></a>GPIOIntEnable</STRONG> (Thumb, 12 bytes, Stack size 0 bytes, gpio.o(i.GPIOIntEnable))
<BR><BR>[Called By]<UL><LI><a href="#[5d]">&gt;&gt;</a>&nbsp;&nbsp;&nbsp;key_enable
</UL>

<P><STRONG><a name="[32]"></a>GPIOIntRegister</STRONG> (Thumb, 30 bytes, Stack size 16 bytes, gpio.o(i.GPIOIntRegister))
<BR><BR>[Stack]<UL><LI>Max Depth = 28<LI>Call Chain = GPIOIntRegister &rArr; IntRegister
</UL>
<BR>[Calls]<UL><LI><a href="#[34]">&gt;&gt;</a>&nbsp;&nbsp;&nbsp;IntRegister
<LI><a href="#[35]">&gt;&gt;</a>&nbsp;&nbsp;&nbsp;IntEnable
<LI><a href="#[33]">&gt;&gt;</a>&nbsp;&nbsp;&nbsp;_GPIOIntNumberGet
</UL>
<BR>[Called By]<UL><LI><a href="#[4]">&gt;&gt;</a>&nbsp;&nbsp;&nbsp;main
</UL>

<P><STRONG><a name="[56]"></a>GPIOIntStatus</STRONG> (Thumb, 16 bytes, Stack size 0 bytes, gpio.o(i.GPIOIntStatus))
<BR><BR>[Called By]<UL><LI><a href="#[6]">&gt;&gt;</a>&nbsp;&nbsp;&nbsp;up1
<LI><a href="#[8]">&gt;&gt;</a>&nbsp;&nbsp;&nbsp;enter1
<LI><a href="#[7]">&gt;&gt;</a>&nbsp;&nbsp;&nbsp;down1
</UL>

<P><STRONG><a name="[5c]"></a>GPIOIntTypeSet</STRONG> (Thumb, 102 bytes, Stack size 0 bytes, gpio.o(i.GPIOIntTypeSet))
<BR><BR>[Called By]<UL><LI><a href="#[5b]">&gt;&gt;</a>&nbsp;&nbsp;&nbsp;key_INT
</UL>

<P><STRONG><a name="[37]"></a>GPIOPadConfigSet</STRONG> (Thumb, 384 bytes, Stack size 20 bytes, gpio.o(i.GPIOPadConfigSet))
<BR><BR>[Stack]<UL><LI>Max Depth = 20<LI>Call Chain = GPIOPadConfigSet
</UL>
<BR>[Called By]<UL><LI><a href="#[3b]">&gt;&gt;</a>&nbsp;&nbsp;&nbsp;GPIOPinTypeUART
<LI><a href="#[2a]">&gt;&gt;</a>&nbsp;&nbsp;&nbsp;GPIOPinTypeADC
<LI><a href="#[38]">&gt;&gt;</a>&nbsp;&nbsp;&nbsp;GPIOPinTypeGPIOInput
<LI><a href="#[39]">&gt;&gt;</a>&nbsp;&nbsp;&nbsp;GPIOPinTypeGPIOOutput
<LI><a href="#[3a]">&gt;&gt;</a>&nbsp;&nbsp;&nbsp;GPIOPinTypeSSI
</UL>

<P><STRONG><a name="[43]"></a>GPIOPinConfigure</STRONG> (Thumb, 70 bytes, Stack size 8 bytes, gpio.o(i.GPIOPinConfigure))
<BR><BR>[Stack]<UL><LI>Max Depth = 8<LI>Call Chain = GPIOPinConfigure
</UL>
<BR>[Called By]<UL><LI><a href="#[4c]">&gt;&gt;</a>&nbsp;&nbsp;&nbsp;UC1701Init
<LI><a href="#[42]">&gt;&gt;</a>&nbsp;&nbsp;&nbsp;UART0_INT
</UL>

<P><STRONG><a name="[2a]"></a>GPIOPinTypeADC</STRONG> (Thumb, 30 bytes, Stack size 12 bytes, gpio.o(i.GPIOPinTypeADC))
<BR><BR>[Stack]<UL><LI>Max Depth = 32<LI>Call Chain = GPIOPinTypeADC &rArr; GPIOPadConfigSet
</UL>
<BR>[Calls]<UL><LI><a href="#[37]">&gt;&gt;</a>&nbsp;&nbsp;&nbsp;GPIOPadConfigSet
<LI><a href="#[36]">&gt;&gt;</a>&nbsp;&nbsp;&nbsp;GPIODirModeSet
</UL>
<BR>[Called By]<UL><LI><a href="#[1c]">&gt;&gt;</a>&nbsp;&nbsp;&nbsp;ADC_init_SS3
</UL>

<P><STRONG><a name="[38]"></a>GPIOPinTypeGPIOInput</STRONG> (Thumb, 30 bytes, Stack size 12 bytes, gpio.o(i.GPIOPinTypeGPIOInput))
<BR><BR>[Stack]<UL><LI>Max Depth = 32<LI>Call Chain = GPIOPinTypeGPIOInput &rArr; GPIOPadConfigSet
</UL>
<BR>[Calls]<UL><LI><a href="#[37]">&gt;&gt;</a>&nbsp;&nbsp;&nbsp;GPIOPadConfigSet
<LI><a href="#[36]">&gt;&gt;</a>&nbsp;&nbsp;&nbsp;GPIODirModeSet
</UL>
<BR>[Called By]<UL><LI><a href="#[5b]">&gt;&gt;</a>&nbsp;&nbsp;&nbsp;key_INT
</UL>

<P><STRONG><a name="[39]"></a>GPIOPinTypeGPIOOutput</STRONG> (Thumb, 30 bytes, Stack size 12 bytes, gpio.o(i.GPIOPinTypeGPIOOutput))
<BR><BR>[Stack]<UL><LI>Max Depth = 32<LI>Call Chain = GPIOPinTypeGPIOOutput &rArr; GPIOPadConfigSet
</UL>
<BR>[Calls]<UL><LI><a href="#[37]">&gt;&gt;</a>&nbsp;&nbsp;&nbsp;GPIOPadConfigSet
<LI><a href="#[36]">&gt;&gt;</a>&nbsp;&nbsp;&nbsp;GPIODirModeSet
</UL>
<BR>[Called By]<UL><LI><a href="#[4c]">&gt;&gt;</a>&nbsp;&nbsp;&nbsp;UC1701Init
<LI><a href="#[58]">&gt;&gt;</a>&nbsp;&nbsp;&nbsp;gpioinit
</UL>

<P><STRONG><a name="[3a]"></a>GPIOPinTypeSSI</STRONG> (Thumb, 30 bytes, Stack size 12 bytes, gpio.o(i.GPIOPinTypeSSI))
<BR><BR>[Stack]<UL><LI>Max Depth = 32<LI>Call Chain = GPIOPinTypeSSI &rArr; GPIOPadConfigSet
</UL>
<BR>[Calls]<UL><LI><a href="#[37]">&gt;&gt;</a>&nbsp;&nbsp;&nbsp;GPIOPadConfigSet
<LI><a href="#[36]">&gt;&gt;</a>&nbsp;&nbsp;&nbsp;GPIODirModeSet
</UL>
<BR>[Called By]<UL><LI><a href="#[4c]">&gt;&gt;</a>&nbsp;&nbsp;&nbsp;UC1701Init
</UL>

<P><STRONG><a name="[3b]"></a>GPIOPinTypeUART</STRONG> (Thumb, 30 bytes, Stack size 12 bytes, gpio.o(i.GPIOPinTypeUART))
<BR><BR>[Stack]<UL><LI>Max Depth = 32<LI>Call Chain = GPIOPinTypeUART &rArr; GPIOPadConfigSet
</UL>
<BR>[Calls]<UL><LI><a href="#[37]">&gt;&gt;</a>&nbsp;&nbsp;&nbsp;GPIOPadConfigSet
<LI><a href="#[36]">&gt;&gt;</a>&nbsp;&nbsp;&nbsp;GPIODirModeSet
</UL>
<BR>[Called By]<UL><LI><a href="#[42]">&gt;&gt;</a>&nbsp;&nbsp;&nbsp;UART0_INT
</UL>

<P><STRONG><a name="[1b]"></a>GPIOPinWrite</STRONG> (Thumb, 10 bytes, Stack size 0 bytes, gpio.o(i.GPIOPinWrite))
<BR><BR>[Called By]<UL><LI><a href="#[4c]">&gt;&gt;</a>&nbsp;&nbsp;&nbsp;UC1701Init
<LI><a href="#[4]">&gt;&gt;</a>&nbsp;&nbsp;&nbsp;main
<LI><a href="#[26]">&gt;&gt;</a>&nbsp;&nbsp;&nbsp;AC_3
<LI><a href="#[25]">&gt;&gt;</a>&nbsp;&nbsp;&nbsp;AC_2
<LI><a href="#[1a]">&gt;&gt;</a>&nbsp;&nbsp;&nbsp;AC_1
<LI><a href="#[49]">&gt;&gt;</a>&nbsp;&nbsp;&nbsp;UC1701DataWrite
<LI><a href="#[47]">&gt;&gt;</a>&nbsp;&nbsp;&nbsp;UC1701CmdWrite
</UL>

<P><STRONG><a name="[35]"></a>IntEnable</STRONG> (Thumb, 108 bytes, Stack size 0 bytes, interrupt.o(i.IntEnable))
<BR><BR>[Called By]<UL><LI><a href="#[5d]">&gt;&gt;</a>&nbsp;&nbsp;&nbsp;key_enable
<LI><a href="#[32]">&gt;&gt;</a>&nbsp;&nbsp;&nbsp;GPIOIntRegister
</UL>

<P><STRONG><a name="[3c]"></a>IntMasterEnable</STRONG> (Thumb, 16 bytes, Stack size 8 bytes, interrupt.o(i.IntMasterEnable))
<BR><BR>[Stack]<UL><LI>Max Depth = 8<LI>Call Chain = IntMasterEnable
</UL>
<BR>[Calls]<UL><LI><a href="#[3d]">&gt;&gt;</a>&nbsp;&nbsp;&nbsp;CPUcpsie
</UL>
<BR>[Called By]<UL><LI><a href="#[5d]">&gt;&gt;</a>&nbsp;&nbsp;&nbsp;key_enable
</UL>

<P><STRONG><a name="[34]"></a>IntRegister</STRONG> (Thumb, 52 bytes, Stack size 12 bytes, interrupt.o(i.IntRegister))
<BR><BR>[Stack]<UL><LI>Max Depth = 12<LI>Call Chain = IntRegister
</UL>
<BR>[Called By]<UL><LI><a href="#[32]">&gt;&gt;</a>&nbsp;&nbsp;&nbsp;GPIOIntRegister
</UL>

<P><STRONG><a name="[3e]"></a>R_1</STRONG> (Thumb, 132 bytes, Stack size 40 bytes, main.o(i.R_1))
<BR><BR>[Stack]<UL><LI>Max Depth = 120<LI>Call Chain = R_1 &rArr; UC1701CharDispaly &rArr; UC1701Dispaly &rArr; UC1701AddressSet &rArr; UC1701CmdWrite
</UL>
<BR>[Calls]<UL><LI><a href="#[23]">&gt;&gt;</a>&nbsp;&nbsp;&nbsp;UC1701Clear
<LI><a href="#[24]">&gt;&gt;</a>&nbsp;&nbsp;&nbsp;UC1701CharDispaly
<LI><a href="#[1f]">&gt;&gt;</a>&nbsp;&nbsp;&nbsp;TimerEnable
<LI><a href="#[20]">&gt;&gt;</a>&nbsp;&nbsp;&nbsp;TimerControlTrigger
<LI><a href="#[1e]">&gt;&gt;</a>&nbsp;&nbsp;&nbsp;TimerConfigure
<LI><a href="#[1c]">&gt;&gt;</a>&nbsp;&nbsp;&nbsp;ADC_init_SS3
<LI><a href="#[1d]">&gt;&gt;</a>&nbsp;&nbsp;&nbsp;ADC_SS3_SET
<LI><a href="#[21]">&gt;&gt;</a>&nbsp;&nbsp;&nbsp;ADCSequenceDataGet
<LI><a href="#[22]">&gt;&gt;</a>&nbsp;&nbsp;&nbsp;secernprintf
</UL>
<BR>[Called By]<UL><LI><a href="#[4]">&gt;&gt;</a>&nbsp;&nbsp;&nbsp;main
</UL>

<P><STRONG><a name="[3f]"></a>R_2</STRONG> (Thumb, 132 bytes, Stack size 40 bytes, main.o(i.R_2))
<BR><BR>[Stack]<UL><LI>Max Depth = 120<LI>Call Chain = R_2 &rArr; UC1701CharDispaly &rArr; UC1701Dispaly &rArr; UC1701AddressSet &rArr; UC1701CmdWrite
</UL>
<BR>[Calls]<UL><LI><a href="#[23]">&gt;&gt;</a>&nbsp;&nbsp;&nbsp;UC1701Clear
<LI><a href="#[24]">&gt;&gt;</a>&nbsp;&nbsp;&nbsp;UC1701CharDispaly
<LI><a href="#[1f]">&gt;&gt;</a>&nbsp;&nbsp;&nbsp;TimerEnable
<LI><a href="#[20]">&gt;&gt;</a>&nbsp;&nbsp;&nbsp;TimerControlTrigger
<LI><a href="#[1e]">&gt;&gt;</a>&nbsp;&nbsp;&nbsp;TimerConfigure
<LI><a href="#[1c]">&gt;&gt;</a>&nbsp;&nbsp;&nbsp;ADC_init_SS3
<LI><a href="#[1d]">&gt;&gt;</a>&nbsp;&nbsp;&nbsp;ADC_SS3_SET
<LI><a href="#[21]">&gt;&gt;</a>&nbsp;&nbsp;&nbsp;ADCSequenceDataGet
<LI><a href="#[22]">&gt;&gt;</a>&nbsp;&nbsp;&nbsp;secernprintf
</UL>
<BR>[Called By]<UL><LI><a href="#[4]">&gt;&gt;</a>&nbsp;&nbsp;&nbsp;main
</UL>

<P><STRONG><a name="[40]"></a>R_3</STRONG> (Thumb, 120 bytes, Stack size 40 bytes, main.o(i.R_3))
<BR><BR>[Stack]<UL><LI>Max Depth = 120<LI>Call Chain = R_3 &rArr; UC1701CharDispaly &rArr; UC1701Dispaly &rArr; UC1701AddressSet &rArr; UC1701CmdWrite
</UL>
<BR>[Calls]<UL><LI><a href="#[23]">&gt;&gt;</a>&nbsp;&nbsp;&nbsp;UC1701Clear
<LI><a href="#[24]">&gt;&gt;</a>&nbsp;&nbsp;&nbsp;UC1701CharDispaly
<LI><a href="#[1f]">&gt;&gt;</a>&nbsp;&nbsp;&nbsp;TimerEnable
<LI><a href="#[20]">&gt;&gt;</a>&nbsp;&nbsp;&nbsp;TimerControlTrigger
<LI><a href="#[1e]">&gt;&gt;</a>&nbsp;&nbsp;&nbsp;TimerConfigure
<LI><a href="#[1c]">&gt;&gt;</a>&nbsp;&nbsp;&nbsp;ADC_init_SS3
<LI><a href="#[1d]">&gt;&gt;</a>&nbsp;&nbsp;&nbsp;ADC_SS3_SET
<LI><a href="#[21]">&gt;&gt;</a>&nbsp;&nbsp;&nbsp;ADCSequenceDataGet
<LI><a href="#[22]">&gt;&gt;</a>&nbsp;&nbsp;&nbsp;secernprintf
</UL>
<BR>[Called By]<UL><LI><a href="#[4]">&gt;&gt;</a>&nbsp;&nbsp;&nbsp;main
</UL>

<P><STRONG><a name="[4b]"></a>SSIBusy</STRONG> (Thumb, 10 bytes, Stack size 0 bytes, ssi.o(i.SSIBusy))
<BR><BR>[Called By]<UL><LI><a href="#[49]">&gt;&gt;</a>&nbsp;&nbsp;&nbsp;UC1701DataWrite
<LI><a href="#[47]">&gt;&gt;</a>&nbsp;&nbsp;&nbsp;UC1701CmdWrite
</UL>

<P><STRONG><a name="[4d]"></a>SSIConfigSetExpClk</STRONG> (Thumb, 86 bytes, Stack size 36 bytes, ssi.o(i.SSIConfigSetExpClk))
<BR><BR>[Stack]<UL><LI>Max Depth = 36<LI>Call Chain = SSIConfigSetExpClk
</UL>
<BR>[Called By]<UL><LI><a href="#[4c]">&gt;&gt;</a>&nbsp;&nbsp;&nbsp;UC1701Init
</UL>

<P><STRONG><a name="[4a]"></a>SSIDataPut</STRONG> (Thumb, 16 bytes, Stack size 0 bytes, ssi.o(i.SSIDataPut))
<BR><BR>[Called By]<UL><LI><a href="#[49]">&gt;&gt;</a>&nbsp;&nbsp;&nbsp;UC1701DataWrite
<LI><a href="#[47]">&gt;&gt;</a>&nbsp;&nbsp;&nbsp;UC1701CmdWrite
</UL>

<P><STRONG><a name="[4e]"></a>SSIEnable</STRONG> (Thumb, 10 bytes, Stack size 0 bytes, ssi.o(i.SSIEnable))
<BR><BR>[Called By]<UL><LI><a href="#[4c]">&gt;&gt;</a>&nbsp;&nbsp;&nbsp;UC1701Init
</UL>

<P><STRONG><a name="[44]"></a>SysCtlClockGet</STRONG> (Thumb, 324 bytes, Stack size 20 bytes, sysctl.o(i.SysCtlClockGet))
<BR><BR>[Stack]<UL><LI>Max Depth = 20<LI>Call Chain = SysCtlClockGet
</UL>
<BR>[Called By]<UL><LI><a href="#[4c]">&gt;&gt;</a>&nbsp;&nbsp;&nbsp;UC1701Init
<LI><a href="#[42]">&gt;&gt;</a>&nbsp;&nbsp;&nbsp;UART0_INT
<LI><a href="#[4]">&gt;&gt;</a>&nbsp;&nbsp;&nbsp;main
<LI><a href="#[4f]">&gt;&gt;</a>&nbsp;&nbsp;&nbsp;delay_ms
</UL>

<P><STRONG><a name="[41]"></a>SysCtlClockSet</STRONG> (Thumb, 280 bytes, Stack size 24 bytes, sysctl.o(i.SysCtlClockSet))
<BR><BR>[Stack]<UL><LI>Max Depth = 24<LI>Call Chain = SysCtlClockSet
</UL>
<BR>[Calls]<UL><LI><a href="#[c]">&gt;&gt;</a>&nbsp;&nbsp;&nbsp;SysCtlDelay
</UL>
<BR>[Called By]<UL><LI><a href="#[4]">&gt;&gt;</a>&nbsp;&nbsp;&nbsp;main
</UL>

<P><STRONG><a name="[5a]"></a>SysCtlPWMClockSet</STRONG> (Thumb, 16 bytes, Stack size 0 bytes, sysctl.o(i.SysCtlPWMClockSet))
<BR><BR>[Called By]<UL><LI><a href="#[59]">&gt;&gt;</a>&nbsp;&nbsp;&nbsp;init
</UL>

<P><STRONG><a name="[29]"></a>SysCtlPeripheralEnable</STRONG> (Thumb, 46 bytes, Stack size 8 bytes, sysctl.o(i.SysCtlPeripheralEnable))
<BR><BR>[Stack]<UL><LI>Max Depth = 8<LI>Call Chain = SysCtlPeripheralEnable
</UL>
<BR>[Called By]<UL><LI><a href="#[4c]">&gt;&gt;</a>&nbsp;&nbsp;&nbsp;UC1701Init
<LI><a href="#[42]">&gt;&gt;</a>&nbsp;&nbsp;&nbsp;UART0_INT
<LI><a href="#[1c]">&gt;&gt;</a>&nbsp;&nbsp;&nbsp;ADC_init_SS3
<LI><a href="#[59]">&gt;&gt;</a>&nbsp;&nbsp;&nbsp;init
</UL>

<P><STRONG><a name="[2d]"></a>SysCtlPeripheralPowerOff</STRONG> (Thumb, 46 bytes, Stack size 8 bytes, sysctl.o(i.SysCtlPeripheralPowerOff))
<BR><BR>[Stack]<UL><LI>Max Depth = 8<LI>Call Chain = SysCtlPeripheralPowerOff
</UL>
<BR>[Called By]<UL><LI><a href="#[30]">&gt;&gt;</a>&nbsp;&nbsp;&nbsp;DC_3
<LI><a href="#[2f]">&gt;&gt;</a>&nbsp;&nbsp;&nbsp;DC_2
<LI><a href="#[2c]">&gt;&gt;</a>&nbsp;&nbsp;&nbsp;DC_1
</UL>

<P><STRONG><a name="[1e]"></a>TimerConfigure</STRONG> (Thumb, 84 bytes, Stack size 0 bytes, timer.o(i.TimerConfigure))
<BR><BR>[Called By]<UL><LI><a href="#[40]">&gt;&gt;</a>&nbsp;&nbsp;&nbsp;R_3
<LI><a href="#[3f]">&gt;&gt;</a>&nbsp;&nbsp;&nbsp;R_2
<LI><a href="#[3e]">&gt;&gt;</a>&nbsp;&nbsp;&nbsp;R_1
<LI><a href="#[30]">&gt;&gt;</a>&nbsp;&nbsp;&nbsp;DC_3
<LI><a href="#[2f]">&gt;&gt;</a>&nbsp;&nbsp;&nbsp;DC_2
<LI><a href="#[2c]">&gt;&gt;</a>&nbsp;&nbsp;&nbsp;DC_1
<LI><a href="#[26]">&gt;&gt;</a>&nbsp;&nbsp;&nbsp;AC_3
<LI><a href="#[25]">&gt;&gt;</a>&nbsp;&nbsp;&nbsp;AC_2
<LI><a href="#[1a]">&gt;&gt;</a>&nbsp;&nbsp;&nbsp;AC_1
</UL>

<P><STRONG><a name="[20]"></a>TimerControlTrigger</STRONG> (Thumb, 60 bytes, Stack size 8 bytes, timer.o(i.TimerControlTrigger))
<BR><BR>[Stack]<UL><LI>Max Depth = 8<LI>Call Chain = TimerControlTrigger
</UL>
<BR>[Called By]<UL><LI><a href="#[40]">&gt;&gt;</a>&nbsp;&nbsp;&nbsp;R_3
<LI><a href="#[3f]">&gt;&gt;</a>&nbsp;&nbsp;&nbsp;R_2
<LI><a href="#[3e]">&gt;&gt;</a>&nbsp;&nbsp;&nbsp;R_1
<LI><a href="#[30]">&gt;&gt;</a>&nbsp;&nbsp;&nbsp;DC_3
<LI><a href="#[2f]">&gt;&gt;</a>&nbsp;&nbsp;&nbsp;DC_2
<LI><a href="#[2c]">&gt;&gt;</a>&nbsp;&nbsp;&nbsp;DC_1
<LI><a href="#[26]">&gt;&gt;</a>&nbsp;&nbsp;&nbsp;AC_3
<LI><a href="#[25]">&gt;&gt;</a>&nbsp;&nbsp;&nbsp;AC_2
<LI><a href="#[1a]">&gt;&gt;</a>&nbsp;&nbsp;&nbsp;AC_1
</UL>

<P><STRONG><a name="[1f]"></a>TimerEnable</STRONG> (Thumb, 14 bytes, Stack size 0 bytes, timer.o(i.TimerEnable))
<BR><BR>[Called By]<UL><LI><a href="#[40]">&gt;&gt;</a>&nbsp;&nbsp;&nbsp;R_3
<LI><a href="#[3f]">&gt;&gt;</a>&nbsp;&nbsp;&nbsp;R_2
<LI><a href="#[3e]">&gt;&gt;</a>&nbsp;&nbsp;&nbsp;R_1
<LI><a href="#[30]">&gt;&gt;</a>&nbsp;&nbsp;&nbsp;DC_3
<LI><a href="#[2f]">&gt;&gt;</a>&nbsp;&nbsp;&nbsp;DC_2
<LI><a href="#[2c]">&gt;&gt;</a>&nbsp;&nbsp;&nbsp;DC_1
<LI><a href="#[26]">&gt;&gt;</a>&nbsp;&nbsp;&nbsp;AC_3
<LI><a href="#[25]">&gt;&gt;</a>&nbsp;&nbsp;&nbsp;AC_2
<LI><a href="#[1a]">&gt;&gt;</a>&nbsp;&nbsp;&nbsp;AC_1
</UL>

<P><STRONG><a name="[42]"></a>UART0_INT</STRONG> (Thumb, 68 bytes, Stack size 8 bytes, lxy_uart.o(i.UART0_INT))
<BR><BR>[Stack]<UL><LI>Max Depth = 40<LI>Call Chain = UART0_INT &rArr; GPIOPinTypeUART &rArr; GPIOPadConfigSet
</UL>
<BR>[Calls]<UL><LI><a href="#[45]">&gt;&gt;</a>&nbsp;&nbsp;&nbsp;UARTStdioConfig
<LI><a href="#[3b]">&gt;&gt;</a>&nbsp;&nbsp;&nbsp;GPIOPinTypeUART
<LI><a href="#[43]">&gt;&gt;</a>&nbsp;&nbsp;&nbsp;GPIOPinConfigure
<LI><a href="#[29]">&gt;&gt;</a>&nbsp;&nbsp;&nbsp;SysCtlPeripheralEnable
<LI><a href="#[44]">&gt;&gt;</a>&nbsp;&nbsp;&nbsp;SysCtlClockGet
</UL>
<BR>[Called By]<UL><LI><a href="#[4]">&gt;&gt;</a>&nbsp;&nbsp;&nbsp;main
</UL>

<P><STRONG><a name="[45]"></a>UARTStdioConfig</STRONG> (Thumb, 96 bytes, Stack size 24 bytes, uartstdio.o(i.UARTStdioConfig))
<BR><BR>[Stack]<UL><LI>Max Depth = 24<LI>Call Chain = UARTStdioConfig
</UL>
<BR>[Called By]<UL><LI><a href="#[42]">&gt;&gt;</a>&nbsp;&nbsp;&nbsp;UART0_INT
</UL>

<P><STRONG><a name="[46]"></a>UC1701AddressSet</STRONG> (Thumb, 42 bytes, Stack size 16 bytes, uc1701.o(i.UC1701AddressSet))
<BR><BR>[Stack]<UL><LI>Max Depth = 32<LI>Call Chain = UC1701AddressSet &rArr; UC1701CmdWrite
</UL>
<BR>[Calls]<UL><LI><a href="#[47]">&gt;&gt;</a>&nbsp;&nbsp;&nbsp;UC1701CmdWrite
</UL>
<BR>[Called By]<UL><LI><a href="#[48]">&gt;&gt;</a>&nbsp;&nbsp;&nbsp;UC1701Dispaly
</UL>

<P><STRONG><a name="[24]"></a>UC1701CharDispaly</STRONG> (Thumb, 52 bytes, Stack size 16 bytes, uc1701.o(i.UC1701CharDispaly))
<BR><BR>[Stack]<UL><LI>Max Depth = 80<LI>Call Chain = UC1701CharDispaly &rArr; UC1701Dispaly &rArr; UC1701AddressSet &rArr; UC1701CmdWrite
</UL>
<BR>[Calls]<UL><LI><a href="#[48]">&gt;&gt;</a>&nbsp;&nbsp;&nbsp;UC1701Dispaly
</UL>
<BR>[Called By]<UL><LI><a href="#[4]">&gt;&gt;</a>&nbsp;&nbsp;&nbsp;main
<LI><a href="#[40]">&gt;&gt;</a>&nbsp;&nbsp;&nbsp;R_3
<LI><a href="#[3f]">&gt;&gt;</a>&nbsp;&nbsp;&nbsp;R_2
<LI><a href="#[3e]">&gt;&gt;</a>&nbsp;&nbsp;&nbsp;R_1
<LI><a href="#[30]">&gt;&gt;</a>&nbsp;&nbsp;&nbsp;DC_3
<LI><a href="#[2f]">&gt;&gt;</a>&nbsp;&nbsp;&nbsp;DC_2
<LI><a href="#[2c]">&gt;&gt;</a>&nbsp;&nbsp;&nbsp;DC_1
<LI><a href="#[26]">&gt;&gt;</a>&nbsp;&nbsp;&nbsp;AC_3
<LI><a href="#[25]">&gt;&gt;</a>&nbsp;&nbsp;&nbsp;AC_2
<LI><a href="#[1a]">&gt;&gt;</a>&nbsp;&nbsp;&nbsp;AC_1
</UL>

<P><STRONG><a name="[23]"></a>UC1701Clear</STRONG> (Thumb, 56 bytes, Stack size 16 bytes, uc1701.o(i.UC1701Clear))
<BR><BR>[Stack]<UL><LI>Max Depth = 32<LI>Call Chain = UC1701Clear &rArr; UC1701DataWrite
</UL>
<BR>[Calls]<UL><LI><a href="#[49]">&gt;&gt;</a>&nbsp;&nbsp;&nbsp;UC1701DataWrite
<LI><a href="#[47]">&gt;&gt;</a>&nbsp;&nbsp;&nbsp;UC1701CmdWrite
</UL>
<BR>[Called By]<UL><LI><a href="#[4]">&gt;&gt;</a>&nbsp;&nbsp;&nbsp;main
<LI><a href="#[40]">&gt;&gt;</a>&nbsp;&nbsp;&nbsp;R_3
<LI><a href="#[3f]">&gt;&gt;</a>&nbsp;&nbsp;&nbsp;R_2
<LI><a href="#[3e]">&gt;&gt;</a>&nbsp;&nbsp;&nbsp;R_1
<LI><a href="#[30]">&gt;&gt;</a>&nbsp;&nbsp;&nbsp;DC_3
<LI><a href="#[2f]">&gt;&gt;</a>&nbsp;&nbsp;&nbsp;DC_2
<LI><a href="#[2c]">&gt;&gt;</a>&nbsp;&nbsp;&nbsp;DC_1
<LI><a href="#[26]">&gt;&gt;</a>&nbsp;&nbsp;&nbsp;AC_3
<LI><a href="#[25]">&gt;&gt;</a>&nbsp;&nbsp;&nbsp;AC_2
<LI><a href="#[1a]">&gt;&gt;</a>&nbsp;&nbsp;&nbsp;AC_1
</UL>

<P><STRONG><a name="[47]"></a>UC1701CmdWrite</STRONG> (Thumb, 62 bytes, Stack size 16 bytes, uc1701.o(i.UC1701CmdWrite))
<BR><BR>[Stack]<UL><LI>Max Depth = 16<LI>Call Chain = UC1701CmdWrite
</UL>
<BR>[Calls]<UL><LI><a href="#[1b]">&gt;&gt;</a>&nbsp;&nbsp;&nbsp;GPIOPinWrite
<LI><a href="#[4a]">&gt;&gt;</a>&nbsp;&nbsp;&nbsp;SSIDataPut
<LI><a href="#[4b]">&gt;&gt;</a>&nbsp;&nbsp;&nbsp;SSIBusy
</UL>
<BR>[Called By]<UL><LI><a href="#[4c]">&gt;&gt;</a>&nbsp;&nbsp;&nbsp;UC1701Init
<LI><a href="#[23]">&gt;&gt;</a>&nbsp;&nbsp;&nbsp;UC1701Clear
<LI><a href="#[46]">&gt;&gt;</a>&nbsp;&nbsp;&nbsp;UC1701AddressSet
</UL>

<P><STRONG><a name="[49]"></a>UC1701DataWrite</STRONG> (Thumb, 62 bytes, Stack size 16 bytes, uc1701.o(i.UC1701DataWrite))
<BR><BR>[Stack]<UL><LI>Max Depth = 16<LI>Call Chain = UC1701DataWrite
</UL>
<BR>[Calls]<UL><LI><a href="#[1b]">&gt;&gt;</a>&nbsp;&nbsp;&nbsp;GPIOPinWrite
<LI><a href="#[4a]">&gt;&gt;</a>&nbsp;&nbsp;&nbsp;SSIDataPut
<LI><a href="#[4b]">&gt;&gt;</a>&nbsp;&nbsp;&nbsp;SSIBusy
</UL>
<BR>[Called By]<UL><LI><a href="#[23]">&gt;&gt;</a>&nbsp;&nbsp;&nbsp;UC1701Clear
<LI><a href="#[48]">&gt;&gt;</a>&nbsp;&nbsp;&nbsp;UC1701Dispaly
</UL>

<P><STRONG><a name="[48]"></a>UC1701Dispaly</STRONG> (Thumb, 120 bytes, Stack size 32 bytes, uc1701.o(i.UC1701Dispaly))
<BR><BR>[Stack]<UL><LI>Max Depth = 64<LI>Call Chain = UC1701Dispaly &rArr; UC1701AddressSet &rArr; UC1701CmdWrite
</UL>
<BR>[Calls]<UL><LI><a href="#[49]">&gt;&gt;</a>&nbsp;&nbsp;&nbsp;UC1701DataWrite
<LI><a href="#[46]">&gt;&gt;</a>&nbsp;&nbsp;&nbsp;UC1701AddressSet
</UL>
<BR>[Called By]<UL><LI><a href="#[24]">&gt;&gt;</a>&nbsp;&nbsp;&nbsp;UC1701CharDispaly
</UL>

<P><STRONG><a name="[4c]"></a>UC1701Init</STRONG> (Thumb, 180 bytes, Stack size 24 bytes, uc1701.o(i.UC1701Init))
<BR><BR>[Stack]<UL><LI>Max Depth = 60<LI>Call Chain = UC1701Init &rArr; SSIConfigSetExpClk
</UL>
<BR>[Calls]<UL><LI><a href="#[43]">&gt;&gt;</a>&nbsp;&nbsp;&nbsp;GPIOPinConfigure
<LI><a href="#[29]">&gt;&gt;</a>&nbsp;&nbsp;&nbsp;SysCtlPeripheralEnable
<LI><a href="#[44]">&gt;&gt;</a>&nbsp;&nbsp;&nbsp;SysCtlClockGet
<LI><a href="#[1b]">&gt;&gt;</a>&nbsp;&nbsp;&nbsp;GPIOPinWrite
<LI><a href="#[39]">&gt;&gt;</a>&nbsp;&nbsp;&nbsp;GPIOPinTypeGPIOOutput
<LI><a href="#[3a]">&gt;&gt;</a>&nbsp;&nbsp;&nbsp;GPIOPinTypeSSI
<LI><a href="#[4e]">&gt;&gt;</a>&nbsp;&nbsp;&nbsp;SSIEnable
<LI><a href="#[4d]">&gt;&gt;</a>&nbsp;&nbsp;&nbsp;SSIConfigSetExpClk
<LI><a href="#[47]">&gt;&gt;</a>&nbsp;&nbsp;&nbsp;UC1701CmdWrite
<LI><a href="#[4f]">&gt;&gt;</a>&nbsp;&nbsp;&nbsp;delay_ms
</UL>
<BR>[Called By]<UL><LI><a href="#[4]">&gt;&gt;</a>&nbsp;&nbsp;&nbsp;main
</UL>

<P><STRONG><a name="[50]"></a>__0sprintf$6</STRONG> (Thumb, 34 bytes, Stack size 24 bytes, printf6.o(i.__0sprintf$6), UNUSED)
<BR><BR>[Calls]<UL><LI><a href="#[5]">&gt;&gt;</a>&nbsp;&nbsp;&nbsp;_sputc
<LI><a href="#[51]">&gt;&gt;</a>&nbsp;&nbsp;&nbsp;_printf_core
</UL>

<P><STRONG><a name="[75]"></a>__1sprintf$6</STRONG> (Thumb, 0 bytes, Stack size 24 bytes, printf6.o(i.__0sprintf$6), UNUSED)

<P><STRONG><a name="[5f]"></a>__2sprintf</STRONG> (Thumb, 0 bytes, Stack size 24 bytes, printf6.o(i.__0sprintf$6))
<BR><BR>[Stack]<UL><LI>Max Depth = 24<LI>Call Chain = __2sprintf
</UL>
<BR>[Called By]<UL><LI><a href="#[22]">&gt;&gt;</a>&nbsp;&nbsp;&nbsp;secernprintf
</UL>

<P><STRONG><a name="[2e]"></a>__hardfp_sqrt</STRONG> (Thumb, 122 bytes, Stack size 32 bytes, sqrt.o(i.__hardfp_sqrt))
<BR><BR>[Stack]<UL><LI>Max Depth = 72<LI>Call Chain = __hardfp_sqrt &rArr; _dsqrt &rArr; _double_round
</UL>
<BR>[Calls]<UL><LI><a href="#[18]">&gt;&gt;</a>&nbsp;&nbsp;&nbsp;_dsqrt
<LI><a href="#[52]">&gt;&gt;</a>&nbsp;&nbsp;&nbsp;__set_errno
</UL>
<BR>[Called By]<UL><LI><a href="#[2f]">&gt;&gt;</a>&nbsp;&nbsp;&nbsp;DC_2
<LI><a href="#[2c]">&gt;&gt;</a>&nbsp;&nbsp;&nbsp;DC_1
</UL>

<P><STRONG><a name="[76]"></a>__scatterload_copy</STRONG> (Thumb, 14 bytes, Stack size unknown bytes, handlers.o(i.__scatterload_copy), UNUSED)

<P><STRONG><a name="[77]"></a>__scatterload_null</STRONG> (Thumb, 2 bytes, Stack size unknown bytes, handlers.o(i.__scatterload_null), UNUSED)

<P><STRONG><a name="[78]"></a>__scatterload_zeroinit</STRONG> (Thumb, 14 bytes, Stack size unknown bytes, handlers.o(i.__scatterload_zeroinit), UNUSED)

<P><STRONG><a name="[52]"></a>__set_errno</STRONG> (Thumb, 6 bytes, Stack size 0 bytes, errno.o(i.__set_errno))
<BR><BR>[Called By]<UL><LI><a href="#[2e]">&gt;&gt;</a>&nbsp;&nbsp;&nbsp;__hardfp_sqrt
</UL>

<P><STRONG><a name="[7]"></a>down1</STRONG> (Thumb, 46 bytes, Stack size 8 bytes, main.o(i.down1))
<BR><BR>[Stack]<UL><LI>Max Depth = 8<LI>Call Chain = down1
</UL>
<BR>[Calls]<UL><LI><a href="#[56]">&gt;&gt;</a>&nbsp;&nbsp;&nbsp;GPIOIntStatus
<LI><a href="#[57]">&gt;&gt;</a>&nbsp;&nbsp;&nbsp;GPIOIntClear
</UL>
<BR>[Address Reference Count : 1]<UL><LI> main.o(i.main)
</UL>
<P><STRONG><a name="[8]"></a>enter1</STRONG> (Thumb, 50 bytes, Stack size 8 bytes, main.o(i.enter1))
<BR><BR>[Stack]<UL><LI>Max Depth = 8<LI>Call Chain = enter1
</UL>
<BR>[Calls]<UL><LI><a href="#[56]">&gt;&gt;</a>&nbsp;&nbsp;&nbsp;GPIOIntStatus
<LI><a href="#[57]">&gt;&gt;</a>&nbsp;&nbsp;&nbsp;GPIOIntClear
</UL>
<BR>[Address Reference Count : 1]<UL><LI> main.o(i.main)
</UL>
<P><STRONG><a name="[58]"></a>gpioinit</STRONG> (Thumb, 36 bytes, Stack size 8 bytes, main.o(i.gpioinit))
<BR><BR>[Stack]<UL><LI>Max Depth = 40<LI>Call Chain = gpioinit &rArr; GPIOPinTypeGPIOOutput &rArr; GPIOPadConfigSet
</UL>
<BR>[Calls]<UL><LI><a href="#[39]">&gt;&gt;</a>&nbsp;&nbsp;&nbsp;GPIOPinTypeGPIOOutput
</UL>
<BR>[Called By]<UL><LI><a href="#[4]">&gt;&gt;</a>&nbsp;&nbsp;&nbsp;main
</UL>

<P><STRONG><a name="[59]"></a>init</STRONG> (Thumb, 66 bytes, Stack size 8 bytes, main.o(i.init))
<BR><BR>[Stack]<UL><LI>Max Depth = 16<LI>Call Chain = init &rArr; SysCtlPeripheralEnable
</UL>
<BR>[Calls]<UL><LI><a href="#[29]">&gt;&gt;</a>&nbsp;&nbsp;&nbsp;SysCtlPeripheralEnable
<LI><a href="#[5a]">&gt;&gt;</a>&nbsp;&nbsp;&nbsp;SysCtlPWMClockSet
</UL>
<BR>[Called By]<UL><LI><a href="#[4]">&gt;&gt;</a>&nbsp;&nbsp;&nbsp;main
</UL>

<P><STRONG><a name="[5b]"></a>key_INT</STRONG> (Thumb, 120 bytes, Stack size 8 bytes, key.o(i.key_INT))
<BR><BR>[Stack]<UL><LI>Max Depth = 40<LI>Call Chain = key_INT &rArr; GPIOPinTypeGPIOInput &rArr; GPIOPadConfigSet
</UL>
<BR>[Calls]<UL><LI><a href="#[38]">&gt;&gt;</a>&nbsp;&nbsp;&nbsp;GPIOPinTypeGPIOInput
<LI><a href="#[5c]">&gt;&gt;</a>&nbsp;&nbsp;&nbsp;GPIOIntTypeSet
</UL>
<BR>[Called By]<UL><LI><a href="#[4]">&gt;&gt;</a>&nbsp;&nbsp;&nbsp;main
</UL>

<P><STRONG><a name="[5d]"></a>key_enable</STRONG> (Thumb, 60 bytes, Stack size 8 bytes, key.o(i.key_enable))
<BR><BR>[Stack]<UL><LI>Max Depth = 16<LI>Call Chain = key_enable &rArr; IntMasterEnable
</UL>
<BR>[Calls]<UL><LI><a href="#[3c]">&gt;&gt;</a>&nbsp;&nbsp;&nbsp;IntMasterEnable
<LI><a href="#[35]">&gt;&gt;</a>&nbsp;&nbsp;&nbsp;IntEnable
<LI><a href="#[5e]">&gt;&gt;</a>&nbsp;&nbsp;&nbsp;GPIOIntEnable
</UL>
<BR>[Called By]<UL><LI><a href="#[4]">&gt;&gt;</a>&nbsp;&nbsp;&nbsp;main
</UL>

<P><STRONG><a name="[4]"></a>main</STRONG> (Thumb, 940 bytes, Stack size 0 bytes, main.o(i.main))
<BR><BR>[Stack]<UL><LI>Max Depth = 160<LI>Call Chain = main &rArr; DC_3 &rArr; __aeabi_dadd &rArr; _double_epilogue &rArr; _double_round
</UL>
<BR>[Calls]<UL><LI><a href="#[5d]">&gt;&gt;</a>&nbsp;&nbsp;&nbsp;key_enable
<LI><a href="#[5b]">&gt;&gt;</a>&nbsp;&nbsp;&nbsp;key_INT
<LI><a href="#[4c]">&gt;&gt;</a>&nbsp;&nbsp;&nbsp;UC1701Init
<LI><a href="#[23]">&gt;&gt;</a>&nbsp;&nbsp;&nbsp;UC1701Clear
<LI><a href="#[24]">&gt;&gt;</a>&nbsp;&nbsp;&nbsp;UC1701CharDispaly
<LI><a href="#[42]">&gt;&gt;</a>&nbsp;&nbsp;&nbsp;UART0_INT
<LI><a href="#[c]">&gt;&gt;</a>&nbsp;&nbsp;&nbsp;SysCtlDelay
<LI><a href="#[41]">&gt;&gt;</a>&nbsp;&nbsp;&nbsp;SysCtlClockSet
<LI><a href="#[44]">&gt;&gt;</a>&nbsp;&nbsp;&nbsp;SysCtlClockGet
<LI><a href="#[1b]">&gt;&gt;</a>&nbsp;&nbsp;&nbsp;GPIOPinWrite
<LI><a href="#[32]">&gt;&gt;</a>&nbsp;&nbsp;&nbsp;GPIOIntRegister
<LI><a href="#[59]">&gt;&gt;</a>&nbsp;&nbsp;&nbsp;init
<LI><a href="#[58]">&gt;&gt;</a>&nbsp;&nbsp;&nbsp;gpioinit
<LI><a href="#[40]">&gt;&gt;</a>&nbsp;&nbsp;&nbsp;R_3
<LI><a href="#[3f]">&gt;&gt;</a>&nbsp;&nbsp;&nbsp;R_2
<LI><a href="#[3e]">&gt;&gt;</a>&nbsp;&nbsp;&nbsp;R_1
<LI><a href="#[30]">&gt;&gt;</a>&nbsp;&nbsp;&nbsp;DC_3
<LI><a href="#[2f]">&gt;&gt;</a>&nbsp;&nbsp;&nbsp;DC_2
<LI><a href="#[2c]">&gt;&gt;</a>&nbsp;&nbsp;&nbsp;DC_1
<LI><a href="#[26]">&gt;&gt;</a>&nbsp;&nbsp;&nbsp;AC_3
<LI><a href="#[25]">&gt;&gt;</a>&nbsp;&nbsp;&nbsp;AC_2
<LI><a href="#[1a]">&gt;&gt;</a>&nbsp;&nbsp;&nbsp;AC_1
</UL>
<BR>[Address Reference Count : 1]<UL><LI> entry9a.o(.ARM.Collect$$$$0000000B)
</UL>
<P><STRONG><a name="[22]"></a>secernprintf</STRONG> (Thumb, 44 bytes, Stack size 24 bytes, main.o(i.secernprintf))
<BR><BR>[Stack]<UL><LI>Max Depth = 48<LI>Call Chain = secernprintf &rArr; __2sprintf
</UL>
<BR>[Calls]<UL><LI><a href="#[5f]">&gt;&gt;</a>&nbsp;&nbsp;&nbsp;__2sprintf
</UL>
<BR>[Called By]<UL><LI><a href="#[40]">&gt;&gt;</a>&nbsp;&nbsp;&nbsp;R_3
<LI><a href="#[3f]">&gt;&gt;</a>&nbsp;&nbsp;&nbsp;R_2
<LI><a href="#[3e]">&gt;&gt;</a>&nbsp;&nbsp;&nbsp;R_1
<LI><a href="#[30]">&gt;&gt;</a>&nbsp;&nbsp;&nbsp;DC_3
<LI><a href="#[2f]">&gt;&gt;</a>&nbsp;&nbsp;&nbsp;DC_2
<LI><a href="#[2c]">&gt;&gt;</a>&nbsp;&nbsp;&nbsp;DC_1
<LI><a href="#[26]">&gt;&gt;</a>&nbsp;&nbsp;&nbsp;AC_3
<LI><a href="#[25]">&gt;&gt;</a>&nbsp;&nbsp;&nbsp;AC_2
<LI><a href="#[1a]">&gt;&gt;</a>&nbsp;&nbsp;&nbsp;AC_1
</UL>

<P><STRONG><a name="[6]"></a>up1</STRONG> (Thumb, 46 bytes, Stack size 8 bytes, main.o(i.up1))
<BR><BR>[Stack]<UL><LI>Max Depth = 8<LI>Call Chain = up1
</UL>
<BR>[Calls]<UL><LI><a href="#[56]">&gt;&gt;</a>&nbsp;&nbsp;&nbsp;GPIOIntStatus
<LI><a href="#[57]">&gt;&gt;</a>&nbsp;&nbsp;&nbsp;GPIOIntClear
</UL>
<BR>[Address Reference Count : 1]<UL><LI> main.o(i.main)
</UL><P>
<H3>
Local Symbols
</H3>
<P><STRONG><a name="[33]"></a>_GPIOIntNumberGet</STRONG> (Thumb, 56 bytes, Stack size 12 bytes, gpio.o(i._GPIOIntNumberGet))
<BR><BR>[Stack]<UL><LI>Max Depth = 12<LI>Call Chain = _GPIOIntNumberGet
</UL>
<BR>[Called By]<UL><LI><a href="#[32]">&gt;&gt;</a>&nbsp;&nbsp;&nbsp;GPIOIntRegister
</UL>

<P><STRONG><a name="[4f]"></a>delay_ms</STRONG> (Thumb, 26 bytes, Stack size 16 bytes, uc1701.o(i.delay_ms))
<BR><BR>[Stack]<UL><LI>Max Depth = 36<LI>Call Chain = delay_ms &rArr; SysCtlClockGet
</UL>
<BR>[Calls]<UL><LI><a href="#[c]">&gt;&gt;</a>&nbsp;&nbsp;&nbsp;SysCtlDelay
<LI><a href="#[44]">&gt;&gt;</a>&nbsp;&nbsp;&nbsp;SysCtlClockGet
</UL>
<BR>[Called By]<UL><LI><a href="#[4c]">&gt;&gt;</a>&nbsp;&nbsp;&nbsp;UC1701Init
</UL>

<P><STRONG><a name="[1]"></a>NmiSR</STRONG> (Thumb, 0 bytes, Stack size unknown bytes, startup_rvmdk.o(RESET))
<BR><BR>[Calls]<UL><LI><a href="#[1]">&gt;&gt;</a>&nbsp;&nbsp;&nbsp;NmiSR
</UL>
<BR>[Called By]<UL><LI><a href="#[1]">&gt;&gt;</a>&nbsp;&nbsp;&nbsp;NmiSR
</UL>
<BR>[Address Reference Count : 1]<UL><LI> startup_rvmdk.o(RESET)
</UL>
<P><STRONG><a name="[2]"></a>FaultISR</STRONG> (Thumb, 0 bytes, Stack size unknown bytes, startup_rvmdk.o(RESET))
<BR><BR>[Calls]<UL><LI><a href="#[2]">&gt;&gt;</a>&nbsp;&nbsp;&nbsp;FaultISR
</UL>
<BR>[Called By]<UL><LI><a href="#[2]">&gt;&gt;</a>&nbsp;&nbsp;&nbsp;FaultISR
</UL>
<BR>[Address Reference Count : 1]<UL><LI> startup_rvmdk.o(RESET)
</UL>
<P><STRONG><a name="[3]"></a>IntDefaultHandler</STRONG> (Thumb, 0 bytes, Stack size unknown bytes, startup_rvmdk.o(RESET))
<BR><BR>[Calls]<UL><LI><a href="#[3]">&gt;&gt;</a>&nbsp;&nbsp;&nbsp;IntDefaultHandler
</UL>
<BR>[Called By]<UL><LI><a href="#[3]">&gt;&gt;</a>&nbsp;&nbsp;&nbsp;IntDefaultHandler
</UL>
<BR>[Address Reference Count : 1]<UL><LI> startup_rvmdk.o(RESET)
</UL>
<P><STRONG><a name="[51]"></a>_printf_core</STRONG> (Thumb, 748 bytes, Stack size 96 bytes, printf6.o(i._printf_core), UNUSED)
<BR><BR>[Calls]<UL><LI><a href="#[54]">&gt;&gt;</a>&nbsp;&nbsp;&nbsp;__aeabi_uidivmod
<LI><a href="#[53]">&gt;&gt;</a>&nbsp;&nbsp;&nbsp;_printf_pre_padding
<LI><a href="#[55]">&gt;&gt;</a>&nbsp;&nbsp;&nbsp;_printf_post_padding
</UL>
<BR>[Called By]<UL><LI><a href="#[50]">&gt;&gt;</a>&nbsp;&nbsp;&nbsp;__0sprintf$6
</UL>

<P><STRONG><a name="[55]"></a>_printf_post_padding</STRONG> (Thumb, 36 bytes, Stack size 24 bytes, printf6.o(i._printf_post_padding), UNUSED)
<BR><BR>[Called By]<UL><LI><a href="#[51]">&gt;&gt;</a>&nbsp;&nbsp;&nbsp;_printf_core
</UL>

<P><STRONG><a name="[53]"></a>_printf_pre_padding</STRONG> (Thumb, 46 bytes, Stack size 24 bytes, printf6.o(i._printf_pre_padding), UNUSED)
<BR><BR>[Called By]<UL><LI><a href="#[51]">&gt;&gt;</a>&nbsp;&nbsp;&nbsp;_printf_core
</UL>

<P><STRONG><a name="[5]"></a>_sputc</STRONG> (Thumb, 10 bytes, Stack size 0 bytes, printf6.o(i._sputc))
<BR><BR>[Called By]<UL><LI><a href="#[50]">&gt;&gt;</a>&nbsp;&nbsp;&nbsp;__0sprintf$6
</UL>
<BR>[Address Reference Count : 1]<UL><LI> printf6.o(i.__0sprintf$6)
</UL><P>
<H3>
Undefined Global Symbols
</H3><HR></body></html>
