<html>
<body>
<pre>
<h1>µVision Build Log</h1>
<h2>Tool Versions:</h2>
IDE-Version: ¦ÌVision V5.36.0.0
Copyright (C) 2021 ARM Ltd and ARM Germany GmbH. All rights reserved.
License Information:  ,   , LIC=TIVNB-2MBM9-HLWCL-0P0NT-Z4PUP-WJSZY
 
Tool Versions:
Toolchain:       MDK-ARM Plus  Version: 5.36.0.0
Toolchain Path:  C:\Keil_v5\ARM\ARMCC\Bin
C Compiler:      Armcc.exe V5.06 update 7 (build 960)
Assembler:       Armasm.exe V5.06 update 7 (build 960)
Linker/Locator:  ArmLink.exe V5.06 update 7 (build 960)
Library Manager: ArmAr.exe V5.06 update 7 (build 960)
Hex Converter:   FromElf.exe V5.06 update 7 (build 960)
CPU DLL:         SARMCM3.DLL V5.36.0.0
Dialog DLL:      DCM.DLL V1.17.3.0
Target DLL:      lmidk-agdi.dll V???
Dialog DLL:      TCM.DLL V1.53.0.0
 
<h2>Project:</h2>
F:\tm4c23gh6pm\tm4c\tm4c23gh6pm\AD9033\tm4c\OBJ\Template.uvprojx
Project File Date:  07/09/2024

<h2>Output:</h2>
*** Using Compiler 'V5.06 update 7 (build 960)', folder: 'C:\Keil_v5\ARM\ARMCC\Bin'
Rebuild target 'Template'
compiling des.c...
compiling crc.c...
compiling comp.c...
compiling emac.c...
compiling eeprom.c...
compiling aes.c...
compiling adc.c...
compiling can.c...
compiling cpu.c...
compiling main.c...
..\USER\start.h(18): warning:  #1-D: last line of file ends without a newline
  #endif
..\USER\lxy_AD9833.h(52): warning:  #1295-D: Deprecated declaration GPIO_INIT - give arg types
  extern void GPIO_INIT();
..\USER\lxy_AD9833.h(57): warning:  #1-D: last line of file ends without a newline
  #endif
..\USER\main.c(42): warning:  #177-D: variable "i"  was declared but never referenced
  { int i,y;
..\USER\main.c(42): warning:  #177-D: variable "y"  was declared but never referenced
  { int i,y;
..\USER\main.c: 5 warnings, 0 errors
compiling lxy_AD9833.c...
..\USER\start.h(18): warning:  #1-D: last line of file ends without a newline
  #endif
..\USER\lxy_AD9833.h(52): warning:  #1295-D: Deprecated declaration GPIO_INIT - give arg types
  extern void GPIO_INIT();
..\USER\lxy_AD9833.h(57): warning:  #1-D: last line of file ends without a newline
  #endif
..\USER\lxy_AD9833.c(169): warning:  #1-D: last line of file ends without a newline
  }
..\USER\lxy_AD9833.c: 4 warnings, 0 errors
compiling fpu.c...
compiling epi.c...
compiling flash.c...
compiling gpio.c...
compiling hibernate.c...
compiling i2c.c...
compiling mpu.c...
compiling interrupt.c...
compiling lcd.c...
compiling onewire.c...
compiling shamd5.c...
compiling qei.c...
compiling sw_crc.c...
compiling ssi.c...
compiling pwm.c...
compiling sysexc.c...
compiling systick.c...
compiling uart.c...
compiling timer.c...
compiling udma.c...
compiling sysctl.c...
assembling startup_rvmdk.S...
compiling watchdog.c...
compiling usb.c...
compiling uc1701.c...
compiling uartstdio.c...
compiling pcf8575.c...
linking...
Program Size: Code=3372 RO-data=612 RW-data=0 ZI-data=256  
".\Objects\Template.axf" - 0 Error(s), 9 Warning(s).

<h2>Software Packages used:</h2>

Package Vendor: Keil
                http://www.keil.com/pack/Keil.TM4C_DFP.1.1.0.pack
                Keil.TM4C_DFP.1.1.0
                Texas Instruments Tiva C Series Device Support and Examples

<h2>Collection of Component include folders:</h2>
  C:\Users\Â¬ÏþÑî\AppData\Local\Arm\Packs\Keil\TM4C_DFP\1.1.0\Device\Include\TM4C123

<h2>Collection of Component Files used:</h2>
Build Time Elapsed:  00:00:04
</pre>
</body>
</html>
