<!doctype html public "-//w3c//dtd html 4.0 transitional//en">
<html><head>
<title>Static Call Graph - [.\Objects\Template.axf]</title></head>
<body><HR>
<H1>Static Call Graph for image .\Objects\Template.axf</H1><HR>
<BR><P>#&#060CALLGRAPH&#062# ARM Linker, 5060960: Last Updated: Sun Feb 25 18:07:27 2024
<BR><P>
<H3>Maximum Stack Usage =         60 bytes + Unknown(Functions without stacksize, Cycles, Untraceable Function Pointers)</H3><H3>
Call chain for Maximum Stack Depth:</H3>
main &rArr; UC1701Init &rArr; SSIConfigSetExpClk
<P>
<H3>
Functions with no stack information
</H3><UL>
 <LI><a href="#[0]">Reset_Handler</a>
 <LI><a href="#[1]">NmiSR</a>
 <LI><a href="#[2]">FaultISR</a>
 <LI><a href="#[3]">IntDefaultHandler</a>
</UL>
</UL>
<P>
<H3>
Mutually Recursive functions
</H3> <LI><a href="#[c]">SysCtlDelay</a>&nbsp;&nbsp;&nbsp;&rArr;&nbsp;&nbsp;&nbsp;<a href="#[c]">SysCtlDelay</a><BR>
 <LI><a href="#[1]">NmiSR</a>&nbsp;&nbsp;&nbsp;&rArr;&nbsp;&nbsp;&nbsp;<a href="#[1]">NmiSR</a><BR>
 <LI><a href="#[2]">FaultISR</a>&nbsp;&nbsp;&nbsp;&rArr;&nbsp;&nbsp;&nbsp;<a href="#[2]">FaultISR</a><BR>
 <LI><a href="#[3]">IntDefaultHandler</a>&nbsp;&nbsp;&nbsp;&rArr;&nbsp;&nbsp;&nbsp;<a href="#[3]">IntDefaultHandler</a><BR>
</UL>
<P>
<H3>
Function Pointers
</H3><UL>
 <LI><a href="#[2]">FaultISR</a> from startup_rvmdk.o(RESET) referenced from startup_rvmdk.o(RESET)
 <LI><a href="#[3]">IntDefaultHandler</a> from startup_rvmdk.o(RESET) referenced 116 times from startup_rvmdk.o(RESET)
 <LI><a href="#[5]">K_1</a> from main.o(i.K_1) referenced from main.o(i.main)
 <LI><a href="#[6]">K_2</a> from main.o(i.K_2) referenced from main.o(i.main)
 <LI><a href="#[7]">K_3</a> from main.o(i.K_3) referenced from main.o(i.main)
 <LI><a href="#[1]">NmiSR</a> from startup_rvmdk.o(RESET) referenced from startup_rvmdk.o(RESET)
 <LI><a href="#[0]">Reset_Handler</a> from startup_rvmdk.o(RESET) referenced from startup_rvmdk.o(RESET)
 <LI><a href="#[8]">TIMER</a> from main.o(i.TIMER) referenced from main.o(i.main)
 <LI><a href="#[4]">main</a> from main.o(i.main) referenced from entry9a.o(.ARM.Collect$$$$0000000B)
</UL>
<P>
<H3>
Global Symbols
</H3>
<P><STRONG><a name="[0]"></a>Reset_Handler</STRONG> (Thumb, 0 bytes, Stack size unknown bytes, startup_rvmdk.o(RESET))
<BR><BR>[Calls]<UL><LI><a href="#[9]">&gt;&gt;</a>&nbsp;&nbsp;&nbsp;__main
</UL>
<BR>[Address Reference Count : 1]<UL><LI> startup_rvmdk.o(RESET)
</UL>
<P><STRONG><a name="[9]"></a>__main</STRONG> (Thumb, 0 bytes, Stack size unknown bytes, entry.o(.ARM.Collect$$$$00000000))
<BR><BR>[Called By]<UL><LI><a href="#[0]">&gt;&gt;</a>&nbsp;&nbsp;&nbsp;Reset_Handler
</UL>

<P><STRONG><a name="[40]"></a>_main_stk</STRONG> (Thumb, 0 bytes, Stack size unknown bytes, entry2.o(.ARM.Collect$$$$00000001))

<P><STRONG><a name="[a]"></a>_main_scatterload</STRONG> (Thumb, 0 bytes, Stack size unknown bytes, entry5.o(.ARM.Collect$$$$00000004))
<BR><BR>[Calls]<UL><LI><a href="#[b]">&gt;&gt;</a>&nbsp;&nbsp;&nbsp;__scatterload
</UL>

<P><STRONG><a name="[d]"></a>__main_after_scatterload</STRONG> (Thumb, 0 bytes, Stack size unknown bytes, entry5.o(.ARM.Collect$$$$00000004))
<BR><BR>[Called By]<UL><LI><a href="#[b]">&gt;&gt;</a>&nbsp;&nbsp;&nbsp;__scatterload
</UL>

<P><STRONG><a name="[41]"></a>_main_clock</STRONG> (Thumb, 0 bytes, Stack size unknown bytes, entry7b.o(.ARM.Collect$$$$00000008))

<P><STRONG><a name="[42]"></a>_main_cpp_init</STRONG> (Thumb, 0 bytes, Stack size unknown bytes, entry8b.o(.ARM.Collect$$$$0000000A))

<P><STRONG><a name="[43]"></a>_main_init</STRONG> (Thumb, 0 bytes, Stack size unknown bytes, entry9a.o(.ARM.Collect$$$$0000000B))

<P><STRONG><a name="[44]"></a>__rt_lib_shutdown_fini</STRONG> (Thumb, 0 bytes, Stack size unknown bytes, entry12b.o(.ARM.Collect$$$$0000000E))

<P><STRONG><a name="[45]"></a>__rt_final_cpp</STRONG> (Thumb, 0 bytes, Stack size unknown bytes, entry10a.o(.ARM.Collect$$$$0000000F))

<P><STRONG><a name="[46]"></a>__rt_final_exit</STRONG> (Thumb, 0 bytes, Stack size unknown bytes, entry11a.o(.ARM.Collect$$$$00000011))

<P><STRONG><a name="[47]"></a>CPUcpsid</STRONG> (Thumb, 8 bytes, Stack size 0 bytes, cpu.o(.emb_text), UNUSED)

<P><STRONG><a name="[48]"></a>CPUprimask</STRONG> (Thumb, 6 bytes, Stack size 0 bytes, cpu.o(.emb_text), UNUSED)

<P><STRONG><a name="[19]"></a>CPUcpsie</STRONG> (Thumb, 8 bytes, Stack size 0 bytes, cpu.o(.emb_text))
<BR><BR>[Called By]<UL><LI><a href="#[18]">&gt;&gt;</a>&nbsp;&nbsp;&nbsp;IntMasterEnable
</UL>

<P><STRONG><a name="[49]"></a>CPUwfi</STRONG> (Thumb, 4 bytes, Stack size 0 bytes, cpu.o(.emb_text), UNUSED)

<P><STRONG><a name="[4a]"></a>CPUbasepriSet</STRONG> (Thumb, 6 bytes, Stack size 0 bytes, cpu.o(.emb_text), UNUSED)

<P><STRONG><a name="[4b]"></a>CPUbasepriGet</STRONG> (Thumb, 6 bytes, Stack size 0 bytes, cpu.o(.emb_text), UNUSED)

<P><STRONG><a name="[c]"></a>SysCtlDelay</STRONG> (Thumb, 6 bytes, Stack size 0 bytes, sysctl.o(.emb_text))
<BR><BR>[Calls]<UL><LI><a href="#[c]">&gt;&gt;</a>&nbsp;&nbsp;&nbsp;SysCtlDelay
</UL>
<BR>[Called By]<UL><LI><a href="#[23]">&gt;&gt;</a>&nbsp;&nbsp;&nbsp;SysCtlClockSet
<LI><a href="#[c]">&gt;&gt;</a>&nbsp;&nbsp;&nbsp;SysCtlDelay
<LI><a href="#[3b]">&gt;&gt;</a>&nbsp;&nbsp;&nbsp;delay_ms
</UL>

<P><STRONG><a name="[b]"></a>__scatterload</STRONG> (Thumb, 28 bytes, Stack size 0 bytes, init.o(.text))
<BR><BR>[Calls]<UL><LI><a href="#[d]">&gt;&gt;</a>&nbsp;&nbsp;&nbsp;__main_after_scatterload
</UL>
<BR>[Called By]<UL><LI><a href="#[a]">&gt;&gt;</a>&nbsp;&nbsp;&nbsp;_main_scatterload
</UL>

<P><STRONG><a name="[4c]"></a>__scatterload_rt2</STRONG> (Thumb, 0 bytes, Stack size 0 bytes, init.o(.text), UNUSED)

<P><STRONG><a name="[4d]"></a>__decompress</STRONG> (Thumb, 0 bytes, Stack size unknown bytes, __dczerorl.o(.text), UNUSED)

<P><STRONG><a name="[4e]"></a>__decompress0</STRONG> (Thumb, 58 bytes, Stack size unknown bytes, __dczerorl.o(.text), UNUSED)

<P><STRONG><a name="[13]"></a>GPIODirModeSet</STRONG> (Thumb, 50 bytes, Stack size 0 bytes, gpio.o(i.GPIODirModeSet))
<BR><BR>[Called By]<UL><LI><a href="#[17]">&gt;&gt;</a>&nbsp;&nbsp;&nbsp;GPIOPinTypeUART
<LI><a href="#[15]">&gt;&gt;</a>&nbsp;&nbsp;&nbsp;GPIOPinTypeGPIOOutput
<LI><a href="#[12]">&gt;&gt;</a>&nbsp;&nbsp;&nbsp;GPIOPinTypeGPIOInput
<LI><a href="#[16]">&gt;&gt;</a>&nbsp;&nbsp;&nbsp;GPIOPinTypeSSI
</UL>

<P><STRONG><a name="[1b]"></a>GPIOIntClear</STRONG> (Thumb, 6 bytes, Stack size 0 bytes, gpio.o(i.GPIOIntClear))
<BR><BR>[Called By]<UL><LI><a href="#[7]">&gt;&gt;</a>&nbsp;&nbsp;&nbsp;K_3
<LI><a href="#[6]">&gt;&gt;</a>&nbsp;&nbsp;&nbsp;K_2
<LI><a href="#[5]">&gt;&gt;</a>&nbsp;&nbsp;&nbsp;K_1
</UL>

<P><STRONG><a name="[3e]"></a>GPIOIntEnable</STRONG> (Thumb, 12 bytes, Stack size 0 bytes, gpio.o(i.GPIOIntEnable))
<BR><BR>[Called By]<UL><LI><a href="#[3d]">&gt;&gt;</a>&nbsp;&nbsp;&nbsp;key_enable
</UL>

<P><STRONG><a name="[e]"></a>GPIOIntRegister</STRONG> (Thumb, 30 bytes, Stack size 16 bytes, gpio.o(i.GPIOIntRegister))
<BR><BR>[Stack]<UL><LI>Max Depth = 28<LI>Call Chain = GPIOIntRegister &rArr; IntRegister
</UL>
<BR>[Calls]<UL><LI><a href="#[10]">&gt;&gt;</a>&nbsp;&nbsp;&nbsp;IntRegister
<LI><a href="#[11]">&gt;&gt;</a>&nbsp;&nbsp;&nbsp;IntEnable
<LI><a href="#[f]">&gt;&gt;</a>&nbsp;&nbsp;&nbsp;_GPIOIntNumberGet
</UL>
<BR>[Called By]<UL><LI><a href="#[4]">&gt;&gt;</a>&nbsp;&nbsp;&nbsp;main
</UL>

<P><STRONG><a name="[1a]"></a>GPIOIntStatus</STRONG> (Thumb, 16 bytes, Stack size 0 bytes, gpio.o(i.GPIOIntStatus))
<BR><BR>[Called By]<UL><LI><a href="#[7]">&gt;&gt;</a>&nbsp;&nbsp;&nbsp;K_3
<LI><a href="#[6]">&gt;&gt;</a>&nbsp;&nbsp;&nbsp;K_2
<LI><a href="#[5]">&gt;&gt;</a>&nbsp;&nbsp;&nbsp;K_1
</UL>

<P><STRONG><a name="[3c]"></a>GPIOIntTypeSet</STRONG> (Thumb, 102 bytes, Stack size 0 bytes, gpio.o(i.GPIOIntTypeSet))
<BR><BR>[Called By]<UL><LI><a href="#[1d]">&gt;&gt;</a>&nbsp;&nbsp;&nbsp;key_INT
</UL>

<P><STRONG><a name="[14]"></a>GPIOPadConfigSet</STRONG> (Thumb, 384 bytes, Stack size 20 bytes, gpio.o(i.GPIOPadConfigSet))
<BR><BR>[Stack]<UL><LI>Max Depth = 20<LI>Call Chain = GPIOPadConfigSet
</UL>
<BR>[Called By]<UL><LI><a href="#[17]">&gt;&gt;</a>&nbsp;&nbsp;&nbsp;GPIOPinTypeUART
<LI><a href="#[15]">&gt;&gt;</a>&nbsp;&nbsp;&nbsp;GPIOPinTypeGPIOOutput
<LI><a href="#[12]">&gt;&gt;</a>&nbsp;&nbsp;&nbsp;GPIOPinTypeGPIOInput
<LI><a href="#[16]">&gt;&gt;</a>&nbsp;&nbsp;&nbsp;GPIOPinTypeSSI
</UL>

<P><STRONG><a name="[2d]"></a>GPIOPinConfigure</STRONG> (Thumb, 70 bytes, Stack size 8 bytes, gpio.o(i.GPIOPinConfigure))
<BR><BR>[Stack]<UL><LI>Max Depth = 8<LI>Call Chain = GPIOPinConfigure
</UL>
<BR>[Called By]<UL><LI><a href="#[38]">&gt;&gt;</a>&nbsp;&nbsp;&nbsp;UC1701Init
<LI><a href="#[2c]">&gt;&gt;</a>&nbsp;&nbsp;&nbsp;UART0_INT
</UL>

<P><STRONG><a name="[12]"></a>GPIOPinTypeGPIOInput</STRONG> (Thumb, 30 bytes, Stack size 12 bytes, gpio.o(i.GPIOPinTypeGPIOInput))
<BR><BR>[Stack]<UL><LI>Max Depth = 32<LI>Call Chain = GPIOPinTypeGPIOInput &rArr; GPIOPadConfigSet
</UL>
<BR>[Calls]<UL><LI><a href="#[14]">&gt;&gt;</a>&nbsp;&nbsp;&nbsp;GPIOPadConfigSet
<LI><a href="#[13]">&gt;&gt;</a>&nbsp;&nbsp;&nbsp;GPIODirModeSet
</UL>
<BR>[Called By]<UL><LI><a href="#[1d]">&gt;&gt;</a>&nbsp;&nbsp;&nbsp;key_INT
</UL>

<P><STRONG><a name="[15]"></a>GPIOPinTypeGPIOOutput</STRONG> (Thumb, 30 bytes, Stack size 12 bytes, gpio.o(i.GPIOPinTypeGPIOOutput))
<BR><BR>[Stack]<UL><LI>Max Depth = 32<LI>Call Chain = GPIOPinTypeGPIOOutput &rArr; GPIOPadConfigSet
</UL>
<BR>[Calls]<UL><LI><a href="#[14]">&gt;&gt;</a>&nbsp;&nbsp;&nbsp;GPIOPadConfigSet
<LI><a href="#[13]">&gt;&gt;</a>&nbsp;&nbsp;&nbsp;GPIODirModeSet
</UL>
<BR>[Called By]<UL><LI><a href="#[38]">&gt;&gt;</a>&nbsp;&nbsp;&nbsp;UC1701Init
<LI><a href="#[20]">&gt;&gt;</a>&nbsp;&nbsp;&nbsp;LED_INT
</UL>

<P><STRONG><a name="[16]"></a>GPIOPinTypeSSI</STRONG> (Thumb, 30 bytes, Stack size 12 bytes, gpio.o(i.GPIOPinTypeSSI))
<BR><BR>[Stack]<UL><LI>Max Depth = 32<LI>Call Chain = GPIOPinTypeSSI &rArr; GPIOPadConfigSet
</UL>
<BR>[Calls]<UL><LI><a href="#[14]">&gt;&gt;</a>&nbsp;&nbsp;&nbsp;GPIOPadConfigSet
<LI><a href="#[13]">&gt;&gt;</a>&nbsp;&nbsp;&nbsp;GPIODirModeSet
</UL>
<BR>[Called By]<UL><LI><a href="#[38]">&gt;&gt;</a>&nbsp;&nbsp;&nbsp;UC1701Init
</UL>

<P><STRONG><a name="[17]"></a>GPIOPinTypeUART</STRONG> (Thumb, 30 bytes, Stack size 12 bytes, gpio.o(i.GPIOPinTypeUART))
<BR><BR>[Stack]<UL><LI>Max Depth = 32<LI>Call Chain = GPIOPinTypeUART &rArr; GPIOPadConfigSet
</UL>
<BR>[Calls]<UL><LI><a href="#[14]">&gt;&gt;</a>&nbsp;&nbsp;&nbsp;GPIOPadConfigSet
<LI><a href="#[13]">&gt;&gt;</a>&nbsp;&nbsp;&nbsp;GPIODirModeSet
</UL>
<BR>[Called By]<UL><LI><a href="#[2c]">&gt;&gt;</a>&nbsp;&nbsp;&nbsp;UART0_INT
</UL>

<P><STRONG><a name="[1e]"></a>GPIOPinWrite</STRONG> (Thumb, 10 bytes, Stack size 0 bytes, gpio.o(i.GPIOPinWrite))
<BR><BR>[Called By]<UL><LI><a href="#[38]">&gt;&gt;</a>&nbsp;&nbsp;&nbsp;UC1701Init
<LI><a href="#[22]">&gt;&gt;</a>&nbsp;&nbsp;&nbsp;LED_RED
<LI><a href="#[20]">&gt;&gt;</a>&nbsp;&nbsp;&nbsp;LED_INT
<LI><a href="#[1f]">&gt;&gt;</a>&nbsp;&nbsp;&nbsp;LED_GREEN
<LI><a href="#[1c]">&gt;&gt;</a>&nbsp;&nbsp;&nbsp;LED_BULE
<LI><a href="#[35]">&gt;&gt;</a>&nbsp;&nbsp;&nbsp;UC1701DataWrite
<LI><a href="#[34]">&gt;&gt;</a>&nbsp;&nbsp;&nbsp;UC1701CmdWrite
</UL>

<P><STRONG><a name="[11]"></a>IntEnable</STRONG> (Thumb, 108 bytes, Stack size 0 bytes, interrupt.o(i.IntEnable))
<BR><BR>[Called By]<UL><LI><a href="#[3d]">&gt;&gt;</a>&nbsp;&nbsp;&nbsp;key_enable
<LI><a href="#[2a]">&gt;&gt;</a>&nbsp;&nbsp;&nbsp;TimerIntRegister
<LI><a href="#[25]">&gt;&gt;</a>&nbsp;&nbsp;&nbsp;TIME_INT
<LI><a href="#[e]">&gt;&gt;</a>&nbsp;&nbsp;&nbsp;GPIOIntRegister
</UL>

<P><STRONG><a name="[18]"></a>IntMasterEnable</STRONG> (Thumb, 16 bytes, Stack size 8 bytes, interrupt.o(i.IntMasterEnable))
<BR><BR>[Stack]<UL><LI>Max Depth = 8<LI>Call Chain = IntMasterEnable
</UL>
<BR>[Calls]<UL><LI><a href="#[19]">&gt;&gt;</a>&nbsp;&nbsp;&nbsp;CPUcpsie
</UL>
<BR>[Called By]<UL><LI><a href="#[3d]">&gt;&gt;</a>&nbsp;&nbsp;&nbsp;key_enable
<LI><a href="#[25]">&gt;&gt;</a>&nbsp;&nbsp;&nbsp;TIME_INT
</UL>

<P><STRONG><a name="[26]"></a>IntPrioritySet</STRONG> (Thumb, 46 bytes, Stack size 8 bytes, interrupt.o(i.IntPrioritySet))
<BR><BR>[Stack]<UL><LI>Max Depth = 8<LI>Call Chain = IntPrioritySet
</UL>
<BR>[Called By]<UL><LI><a href="#[25]">&gt;&gt;</a>&nbsp;&nbsp;&nbsp;TIME_INT
</UL>

<P><STRONG><a name="[10]"></a>IntRegister</STRONG> (Thumb, 52 bytes, Stack size 12 bytes, interrupt.o(i.IntRegister))
<BR><BR>[Stack]<UL><LI>Max Depth = 12<LI>Call Chain = IntRegister
</UL>
<BR>[Called By]<UL><LI><a href="#[2a]">&gt;&gt;</a>&nbsp;&nbsp;&nbsp;TimerIntRegister
<LI><a href="#[e]">&gt;&gt;</a>&nbsp;&nbsp;&nbsp;GPIOIntRegister
</UL>

<P><STRONG><a name="[5]"></a>K_1</STRONG> (Thumb, 36 bytes, Stack size 8 bytes, main.o(i.K_1))
<BR><BR>[Stack]<UL><LI>Max Depth = 8<LI>Call Chain = K_1
</UL>
<BR>[Calls]<UL><LI><a href="#[1a]">&gt;&gt;</a>&nbsp;&nbsp;&nbsp;GPIOIntStatus
<LI><a href="#[1b]">&gt;&gt;</a>&nbsp;&nbsp;&nbsp;GPIOIntClear
</UL>
<BR>[Address Reference Count : 1]<UL><LI> main.o(i.main)
</UL>
<P><STRONG><a name="[6]"></a>K_2</STRONG> (Thumb, 36 bytes, Stack size 8 bytes, main.o(i.K_2))
<BR><BR>[Stack]<UL><LI>Max Depth = 8<LI>Call Chain = K_2
</UL>
<BR>[Calls]<UL><LI><a href="#[1a]">&gt;&gt;</a>&nbsp;&nbsp;&nbsp;GPIOIntStatus
<LI><a href="#[1b]">&gt;&gt;</a>&nbsp;&nbsp;&nbsp;GPIOIntClear
</UL>
<BR>[Address Reference Count : 1]<UL><LI> main.o(i.main)
</UL>
<P><STRONG><a name="[7]"></a>K_3</STRONG> (Thumb, 40 bytes, Stack size 8 bytes, main.o(i.K_3))
<BR><BR>[Stack]<UL><LI>Max Depth = 8<LI>Call Chain = K_3
</UL>
<BR>[Calls]<UL><LI><a href="#[1a]">&gt;&gt;</a>&nbsp;&nbsp;&nbsp;GPIOIntStatus
<LI><a href="#[1b]">&gt;&gt;</a>&nbsp;&nbsp;&nbsp;GPIOIntClear
</UL>
<BR>[Address Reference Count : 1]<UL><LI> main.o(i.main)
</UL>
<P><STRONG><a name="[1c]"></a>LED_BULE</STRONG> (Thumb, 40 bytes, Stack size 8 bytes, led.o(i.LED_BULE))
<BR><BR>[Stack]<UL><LI>Max Depth = 48<LI>Call Chain = LED_BULE &rArr; key_INT &rArr; GPIOPinTypeGPIOInput &rArr; GPIOPadConfigSet
</UL>
<BR>[Calls]<UL><LI><a href="#[1e]">&gt;&gt;</a>&nbsp;&nbsp;&nbsp;GPIOPinWrite
<LI><a href="#[1d]">&gt;&gt;</a>&nbsp;&nbsp;&nbsp;key_INT
</UL>
<BR>[Called By]<UL><LI><a href="#[4]">&gt;&gt;</a>&nbsp;&nbsp;&nbsp;main
</UL>

<P><STRONG><a name="[1f]"></a>LED_GREEN</STRONG> (Thumb, 40 bytes, Stack size 8 bytes, led.o(i.LED_GREEN))
<BR><BR>[Stack]<UL><LI>Max Depth = 48<LI>Call Chain = LED_GREEN &rArr; key_INT &rArr; GPIOPinTypeGPIOInput &rArr; GPIOPadConfigSet
</UL>
<BR>[Calls]<UL><LI><a href="#[1e]">&gt;&gt;</a>&nbsp;&nbsp;&nbsp;GPIOPinWrite
<LI><a href="#[1d]">&gt;&gt;</a>&nbsp;&nbsp;&nbsp;key_INT
</UL>
<BR>[Called By]<UL><LI><a href="#[4]">&gt;&gt;</a>&nbsp;&nbsp;&nbsp;main
</UL>

<P><STRONG><a name="[20]"></a>LED_INT</STRONG> (Thumb, 132 bytes, Stack size 8 bytes, start.o(i.LED_INT))
<BR><BR>[Stack]<UL><LI>Max Depth = 40<LI>Call Chain = LED_INT &rArr; GPIOPinTypeGPIOOutput &rArr; GPIOPadConfigSet
</UL>
<BR>[Calls]<UL><LI><a href="#[21]">&gt;&gt;</a>&nbsp;&nbsp;&nbsp;SysCtlPeripheralEnable
<LI><a href="#[1e]">&gt;&gt;</a>&nbsp;&nbsp;&nbsp;GPIOPinWrite
<LI><a href="#[15]">&gt;&gt;</a>&nbsp;&nbsp;&nbsp;GPIOPinTypeGPIOOutput
</UL>
<BR>[Called By]<UL><LI><a href="#[4]">&gt;&gt;</a>&nbsp;&nbsp;&nbsp;main
</UL>

<P><STRONG><a name="[22]"></a>LED_RED</STRONG> (Thumb, 40 bytes, Stack size 8 bytes, led.o(i.LED_RED))
<BR><BR>[Stack]<UL><LI>Max Depth = 48<LI>Call Chain = LED_RED &rArr; key_INT &rArr; GPIOPinTypeGPIOInput &rArr; GPIOPadConfigSet
</UL>
<BR>[Calls]<UL><LI><a href="#[1e]">&gt;&gt;</a>&nbsp;&nbsp;&nbsp;GPIOPinWrite
<LI><a href="#[1d]">&gt;&gt;</a>&nbsp;&nbsp;&nbsp;key_INT
</UL>
<BR>[Called By]<UL><LI><a href="#[4]">&gt;&gt;</a>&nbsp;&nbsp;&nbsp;main
</UL>

<P><STRONG><a name="[37]"></a>SSIBusy</STRONG> (Thumb, 10 bytes, Stack size 0 bytes, ssi.o(i.SSIBusy))
<BR><BR>[Called By]<UL><LI><a href="#[35]">&gt;&gt;</a>&nbsp;&nbsp;&nbsp;UC1701DataWrite
<LI><a href="#[34]">&gt;&gt;</a>&nbsp;&nbsp;&nbsp;UC1701CmdWrite
</UL>

<P><STRONG><a name="[39]"></a>SSIConfigSetExpClk</STRONG> (Thumb, 86 bytes, Stack size 36 bytes, ssi.o(i.SSIConfigSetExpClk))
<BR><BR>[Stack]<UL><LI>Max Depth = 36<LI>Call Chain = SSIConfigSetExpClk
</UL>
<BR>[Called By]<UL><LI><a href="#[38]">&gt;&gt;</a>&nbsp;&nbsp;&nbsp;UC1701Init
</UL>

<P><STRONG><a name="[36]"></a>SSIDataPut</STRONG> (Thumb, 16 bytes, Stack size 0 bytes, ssi.o(i.SSIDataPut))
<BR><BR>[Called By]<UL><LI><a href="#[35]">&gt;&gt;</a>&nbsp;&nbsp;&nbsp;UC1701DataWrite
<LI><a href="#[34]">&gt;&gt;</a>&nbsp;&nbsp;&nbsp;UC1701CmdWrite
</UL>

<P><STRONG><a name="[3a]"></a>SSIEnable</STRONG> (Thumb, 10 bytes, Stack size 0 bytes, ssi.o(i.SSIEnable))
<BR><BR>[Called By]<UL><LI><a href="#[38]">&gt;&gt;</a>&nbsp;&nbsp;&nbsp;UC1701Init
</UL>

<P><STRONG><a name="[2e]"></a>SysCtlClockGet</STRONG> (Thumb, 324 bytes, Stack size 20 bytes, sysctl.o(i.SysCtlClockGet))
<BR><BR>[Stack]<UL><LI>Max Depth = 20<LI>Call Chain = SysCtlClockGet
</UL>
<BR>[Called By]<UL><LI><a href="#[38]">&gt;&gt;</a>&nbsp;&nbsp;&nbsp;UC1701Init
<LI><a href="#[2c]">&gt;&gt;</a>&nbsp;&nbsp;&nbsp;UART0_INT
<LI><a href="#[4]">&gt;&gt;</a>&nbsp;&nbsp;&nbsp;main
<LI><a href="#[3b]">&gt;&gt;</a>&nbsp;&nbsp;&nbsp;delay_ms
</UL>

<P><STRONG><a name="[23]"></a>SysCtlClockSet</STRONG> (Thumb, 280 bytes, Stack size 24 bytes, sysctl.o(i.SysCtlClockSet))
<BR><BR>[Stack]<UL><LI>Max Depth = 24<LI>Call Chain = SysCtlClockSet
</UL>
<BR>[Calls]<UL><LI><a href="#[c]">&gt;&gt;</a>&nbsp;&nbsp;&nbsp;SysCtlDelay
</UL>
<BR>[Called By]<UL><LI><a href="#[4]">&gt;&gt;</a>&nbsp;&nbsp;&nbsp;main
</UL>

<P><STRONG><a name="[21]"></a>SysCtlPeripheralEnable</STRONG> (Thumb, 46 bytes, Stack size 8 bytes, sysctl.o(i.SysCtlPeripheralEnable))
<BR><BR>[Stack]<UL><LI>Max Depth = 8<LI>Call Chain = SysCtlPeripheralEnable
</UL>
<BR>[Called By]<UL><LI><a href="#[38]">&gt;&gt;</a>&nbsp;&nbsp;&nbsp;UC1701Init
<LI><a href="#[2c]">&gt;&gt;</a>&nbsp;&nbsp;&nbsp;UART0_INT
<LI><a href="#[25]">&gt;&gt;</a>&nbsp;&nbsp;&nbsp;TIME_INT
<LI><a href="#[20]">&gt;&gt;</a>&nbsp;&nbsp;&nbsp;LED_INT
</UL>

<P><STRONG><a name="[8]"></a>TIMER</STRONG> (Thumb, 234 bytes, Stack size 8 bytes, main.o(i.TIMER))
<BR><BR>[Stack]<UL><LI>Max Depth = 8<LI>Call Chain = TIMER
</UL>
<BR>[Calls]<UL><LI><a href="#[24]">&gt;&gt;</a>&nbsp;&nbsp;&nbsp;TimerIntClear
</UL>
<BR>[Address Reference Count : 1]<UL><LI> main.o(i.main)
</UL>
<P><STRONG><a name="[25]"></a>TIME_INT</STRONG> (Thumb, 52 bytes, Stack size 8 bytes, start.o(i.TIME_INT))
<BR><BR>[Stack]<UL><LI>Max Depth = 16<LI>Call Chain = TIME_INT &rArr; SysCtlPeripheralEnable
</UL>
<BR>[Calls]<UL><LI><a href="#[28]">&gt;&gt;</a>&nbsp;&nbsp;&nbsp;TimerIntEnable
<LI><a href="#[29]">&gt;&gt;</a>&nbsp;&nbsp;&nbsp;TimerEnable
<LI><a href="#[27]">&gt;&gt;</a>&nbsp;&nbsp;&nbsp;TimerConfigure
<LI><a href="#[21]">&gt;&gt;</a>&nbsp;&nbsp;&nbsp;SysCtlPeripheralEnable
<LI><a href="#[26]">&gt;&gt;</a>&nbsp;&nbsp;&nbsp;IntPrioritySet
<LI><a href="#[18]">&gt;&gt;</a>&nbsp;&nbsp;&nbsp;IntMasterEnable
<LI><a href="#[11]">&gt;&gt;</a>&nbsp;&nbsp;&nbsp;IntEnable
</UL>
<BR>[Called By]<UL><LI><a href="#[4]">&gt;&gt;</a>&nbsp;&nbsp;&nbsp;main
</UL>

<P><STRONG><a name="[27]"></a>TimerConfigure</STRONG> (Thumb, 84 bytes, Stack size 0 bytes, timer.o(i.TimerConfigure))
<BR><BR>[Called By]<UL><LI><a href="#[25]">&gt;&gt;</a>&nbsp;&nbsp;&nbsp;TIME_INT
</UL>

<P><STRONG><a name="[29]"></a>TimerEnable</STRONG> (Thumb, 14 bytes, Stack size 0 bytes, timer.o(i.TimerEnable))
<BR><BR>[Called By]<UL><LI><a href="#[25]">&gt;&gt;</a>&nbsp;&nbsp;&nbsp;TIME_INT
</UL>

<P><STRONG><a name="[24]"></a>TimerIntClear</STRONG> (Thumb, 4 bytes, Stack size 0 bytes, timer.o(i.TimerIntClear))
<BR><BR>[Called By]<UL><LI><a href="#[8]">&gt;&gt;</a>&nbsp;&nbsp;&nbsp;TIMER
</UL>

<P><STRONG><a name="[28]"></a>TimerIntEnable</STRONG> (Thumb, 8 bytes, Stack size 0 bytes, timer.o(i.TimerIntEnable))
<BR><BR>[Called By]<UL><LI><a href="#[25]">&gt;&gt;</a>&nbsp;&nbsp;&nbsp;TIME_INT
</UL>

<P><STRONG><a name="[2a]"></a>TimerIntRegister</STRONG> (Thumb, 38 bytes, Stack size 24 bytes, timer.o(i.TimerIntRegister))
<BR><BR>[Stack]<UL><LI>Max Depth = 44<LI>Call Chain = TimerIntRegister &rArr; _TimerIntNumberGet
</UL>
<BR>[Calls]<UL><LI><a href="#[10]">&gt;&gt;</a>&nbsp;&nbsp;&nbsp;IntRegister
<LI><a href="#[11]">&gt;&gt;</a>&nbsp;&nbsp;&nbsp;IntEnable
<LI><a href="#[2b]">&gt;&gt;</a>&nbsp;&nbsp;&nbsp;_TimerIntNumberGet
</UL>
<BR>[Called By]<UL><LI><a href="#[4]">&gt;&gt;</a>&nbsp;&nbsp;&nbsp;main
</UL>

<P><STRONG><a name="[3f]"></a>TimerLoadSet</STRONG> (Thumb, 16 bytes, Stack size 0 bytes, timer.o(i.TimerLoadSet))
<BR><BR>[Called By]<UL><LI><a href="#[4]">&gt;&gt;</a>&nbsp;&nbsp;&nbsp;main
</UL>

<P><STRONG><a name="[2c]"></a>UART0_INT</STRONG> (Thumb, 68 bytes, Stack size 8 bytes, start.o(i.UART0_INT))
<BR><BR>[Stack]<UL><LI>Max Depth = 56<LI>Call Chain = UART0_INT &rArr; UARTStdioConfig &rArr; UARTFlushTx &rArr; IsBufferEmpty
</UL>
<BR>[Calls]<UL><LI><a href="#[2f]">&gt;&gt;</a>&nbsp;&nbsp;&nbsp;UARTStdioConfig
<LI><a href="#[21]">&gt;&gt;</a>&nbsp;&nbsp;&nbsp;SysCtlPeripheralEnable
<LI><a href="#[17]">&gt;&gt;</a>&nbsp;&nbsp;&nbsp;GPIOPinTypeUART
<LI><a href="#[2d]">&gt;&gt;</a>&nbsp;&nbsp;&nbsp;GPIOPinConfigure
<LI><a href="#[2e]">&gt;&gt;</a>&nbsp;&nbsp;&nbsp;SysCtlClockGet
</UL>
<BR>[Called By]<UL><LI><a href="#[4]">&gt;&gt;</a>&nbsp;&nbsp;&nbsp;main
</UL>

<P><STRONG><a name="[32]"></a>UARTFlushRx</STRONG> (Thumb, 38 bytes, Stack size 8 bytes, uartstdio.o(i.UARTFlushRx))
<BR><BR>[Stack]<UL><LI>Max Depth = 8<LI>Call Chain = UARTFlushRx
</UL>
<BR>[Called By]<UL><LI><a href="#[2f]">&gt;&gt;</a>&nbsp;&nbsp;&nbsp;UARTStdioConfig
</UL>

<P><STRONG><a name="[30]"></a>UARTFlushTx</STRONG> (Thumb, 58 bytes, Stack size 16 bytes, uartstdio.o(i.UARTFlushTx))
<BR><BR>[Stack]<UL><LI>Max Depth = 24<LI>Call Chain = UARTFlushTx &rArr; IsBufferEmpty
</UL>
<BR>[Calls]<UL><LI><a href="#[31]">&gt;&gt;</a>&nbsp;&nbsp;&nbsp;IsBufferEmpty
</UL>
<BR>[Called By]<UL><LI><a href="#[2f]">&gt;&gt;</a>&nbsp;&nbsp;&nbsp;UARTStdioConfig
</UL>

<P><STRONG><a name="[2f]"></a>UARTStdioConfig</STRONG> (Thumb, 178 bytes, Stack size 24 bytes, uartstdio.o(i.UARTStdioConfig))
<BR><BR>[Stack]<UL><LI>Max Depth = 48<LI>Call Chain = UARTStdioConfig &rArr; UARTFlushTx &rArr; IsBufferEmpty
</UL>
<BR>[Calls]<UL><LI><a href="#[30]">&gt;&gt;</a>&nbsp;&nbsp;&nbsp;UARTFlushTx
<LI><a href="#[32]">&gt;&gt;</a>&nbsp;&nbsp;&nbsp;UARTFlushRx
</UL>
<BR>[Called By]<UL><LI><a href="#[2c]">&gt;&gt;</a>&nbsp;&nbsp;&nbsp;UART0_INT
</UL>

<P><STRONG><a name="[33]"></a>UC1701Clear</STRONG> (Thumb, 56 bytes, Stack size 16 bytes, uc1701.o(i.UC1701Clear))
<BR><BR>[Stack]<UL><LI>Max Depth = 32<LI>Call Chain = UC1701Clear &rArr; UC1701DataWrite
</UL>
<BR>[Calls]<UL><LI><a href="#[35]">&gt;&gt;</a>&nbsp;&nbsp;&nbsp;UC1701DataWrite
<LI><a href="#[34]">&gt;&gt;</a>&nbsp;&nbsp;&nbsp;UC1701CmdWrite
</UL>
<BR>[Called By]<UL><LI><a href="#[4]">&gt;&gt;</a>&nbsp;&nbsp;&nbsp;main
</UL>

<P><STRONG><a name="[34]"></a>UC1701CmdWrite</STRONG> (Thumb, 62 bytes, Stack size 16 bytes, uc1701.o(i.UC1701CmdWrite))
<BR><BR>[Stack]<UL><LI>Max Depth = 16<LI>Call Chain = UC1701CmdWrite
</UL>
<BR>[Calls]<UL><LI><a href="#[1e]">&gt;&gt;</a>&nbsp;&nbsp;&nbsp;GPIOPinWrite
<LI><a href="#[36]">&gt;&gt;</a>&nbsp;&nbsp;&nbsp;SSIDataPut
<LI><a href="#[37]">&gt;&gt;</a>&nbsp;&nbsp;&nbsp;SSIBusy
</UL>
<BR>[Called By]<UL><LI><a href="#[38]">&gt;&gt;</a>&nbsp;&nbsp;&nbsp;UC1701Init
<LI><a href="#[33]">&gt;&gt;</a>&nbsp;&nbsp;&nbsp;UC1701Clear
</UL>

<P><STRONG><a name="[35]"></a>UC1701DataWrite</STRONG> (Thumb, 62 bytes, Stack size 16 bytes, uc1701.o(i.UC1701DataWrite))
<BR><BR>[Stack]<UL><LI>Max Depth = 16<LI>Call Chain = UC1701DataWrite
</UL>
<BR>[Calls]<UL><LI><a href="#[1e]">&gt;&gt;</a>&nbsp;&nbsp;&nbsp;GPIOPinWrite
<LI><a href="#[36]">&gt;&gt;</a>&nbsp;&nbsp;&nbsp;SSIDataPut
<LI><a href="#[37]">&gt;&gt;</a>&nbsp;&nbsp;&nbsp;SSIBusy
</UL>
<BR>[Called By]<UL><LI><a href="#[33]">&gt;&gt;</a>&nbsp;&nbsp;&nbsp;UC1701Clear
</UL>

<P><STRONG><a name="[38]"></a>UC1701Init</STRONG> (Thumb, 180 bytes, Stack size 24 bytes, uc1701.o(i.UC1701Init))
<BR><BR>[Stack]<UL><LI>Max Depth = 60<LI>Call Chain = UC1701Init &rArr; SSIConfigSetExpClk
</UL>
<BR>[Calls]<UL><LI><a href="#[21]">&gt;&gt;</a>&nbsp;&nbsp;&nbsp;SysCtlPeripheralEnable
<LI><a href="#[1e]">&gt;&gt;</a>&nbsp;&nbsp;&nbsp;GPIOPinWrite
<LI><a href="#[15]">&gt;&gt;</a>&nbsp;&nbsp;&nbsp;GPIOPinTypeGPIOOutput
<LI><a href="#[2d]">&gt;&gt;</a>&nbsp;&nbsp;&nbsp;GPIOPinConfigure
<LI><a href="#[2e]">&gt;&gt;</a>&nbsp;&nbsp;&nbsp;SysCtlClockGet
<LI><a href="#[16]">&gt;&gt;</a>&nbsp;&nbsp;&nbsp;GPIOPinTypeSSI
<LI><a href="#[3a]">&gt;&gt;</a>&nbsp;&nbsp;&nbsp;SSIEnable
<LI><a href="#[39]">&gt;&gt;</a>&nbsp;&nbsp;&nbsp;SSIConfigSetExpClk
<LI><a href="#[34]">&gt;&gt;</a>&nbsp;&nbsp;&nbsp;UC1701CmdWrite
<LI><a href="#[3b]">&gt;&gt;</a>&nbsp;&nbsp;&nbsp;delay_ms
</UL>
<BR>[Called By]<UL><LI><a href="#[4]">&gt;&gt;</a>&nbsp;&nbsp;&nbsp;main
</UL>

<P><STRONG><a name="[4f]"></a>__scatterload_copy</STRONG> (Thumb, 14 bytes, Stack size unknown bytes, handlers.o(i.__scatterload_copy), UNUSED)

<P><STRONG><a name="[50]"></a>__scatterload_null</STRONG> (Thumb, 2 bytes, Stack size unknown bytes, handlers.o(i.__scatterload_null), UNUSED)

<P><STRONG><a name="[51]"></a>__scatterload_zeroinit</STRONG> (Thumb, 14 bytes, Stack size unknown bytes, handlers.o(i.__scatterload_zeroinit), UNUSED)

<P><STRONG><a name="[1d]"></a>key_INT</STRONG> (Thumb, 72 bytes, Stack size 8 bytes, start.o(i.key_INT))
<BR><BR>[Stack]<UL><LI>Max Depth = 40<LI>Call Chain = key_INT &rArr; GPIOPinTypeGPIOInput &rArr; GPIOPadConfigSet
</UL>
<BR>[Calls]<UL><LI><a href="#[12]">&gt;&gt;</a>&nbsp;&nbsp;&nbsp;GPIOPinTypeGPIOInput
<LI><a href="#[3c]">&gt;&gt;</a>&nbsp;&nbsp;&nbsp;GPIOIntTypeSet
</UL>
<BR>[Called By]<UL><LI><a href="#[22]">&gt;&gt;</a>&nbsp;&nbsp;&nbsp;LED_RED
<LI><a href="#[1f]">&gt;&gt;</a>&nbsp;&nbsp;&nbsp;LED_GREEN
<LI><a href="#[1c]">&gt;&gt;</a>&nbsp;&nbsp;&nbsp;LED_BULE
<LI><a href="#[4]">&gt;&gt;</a>&nbsp;&nbsp;&nbsp;main
</UL>

<P><STRONG><a name="[3d]"></a>key_enable</STRONG> (Thumb, 60 bytes, Stack size 8 bytes, start.o(i.key_enable))
<BR><BR>[Stack]<UL><LI>Max Depth = 16<LI>Call Chain = key_enable &rArr; IntMasterEnable
</UL>
<BR>[Calls]<UL><LI><a href="#[18]">&gt;&gt;</a>&nbsp;&nbsp;&nbsp;IntMasterEnable
<LI><a href="#[11]">&gt;&gt;</a>&nbsp;&nbsp;&nbsp;IntEnable
<LI><a href="#[3e]">&gt;&gt;</a>&nbsp;&nbsp;&nbsp;GPIOIntEnable
</UL>
<BR>[Called By]<UL><LI><a href="#[4]">&gt;&gt;</a>&nbsp;&nbsp;&nbsp;main
</UL>

<P><STRONG><a name="[4]"></a>main</STRONG> (Thumb, 132 bytes, Stack size 0 bytes, main.o(i.main))
<BR><BR>[Stack]<UL><LI>Max Depth = 60<LI>Call Chain = main &rArr; UC1701Init &rArr; SSIConfigSetExpClk
</UL>
<BR>[Calls]<UL><LI><a href="#[3d]">&gt;&gt;</a>&nbsp;&nbsp;&nbsp;key_enable
<LI><a href="#[1d]">&gt;&gt;</a>&nbsp;&nbsp;&nbsp;key_INT
<LI><a href="#[38]">&gt;&gt;</a>&nbsp;&nbsp;&nbsp;UC1701Init
<LI><a href="#[33]">&gt;&gt;</a>&nbsp;&nbsp;&nbsp;UC1701Clear
<LI><a href="#[2c]">&gt;&gt;</a>&nbsp;&nbsp;&nbsp;UART0_INT
<LI><a href="#[3f]">&gt;&gt;</a>&nbsp;&nbsp;&nbsp;TimerLoadSet
<LI><a href="#[2a]">&gt;&gt;</a>&nbsp;&nbsp;&nbsp;TimerIntRegister
<LI><a href="#[25]">&gt;&gt;</a>&nbsp;&nbsp;&nbsp;TIME_INT
<LI><a href="#[23]">&gt;&gt;</a>&nbsp;&nbsp;&nbsp;SysCtlClockSet
<LI><a href="#[2e]">&gt;&gt;</a>&nbsp;&nbsp;&nbsp;SysCtlClockGet
<LI><a href="#[22]">&gt;&gt;</a>&nbsp;&nbsp;&nbsp;LED_RED
<LI><a href="#[20]">&gt;&gt;</a>&nbsp;&nbsp;&nbsp;LED_INT
<LI><a href="#[1f]">&gt;&gt;</a>&nbsp;&nbsp;&nbsp;LED_GREEN
<LI><a href="#[1c]">&gt;&gt;</a>&nbsp;&nbsp;&nbsp;LED_BULE
<LI><a href="#[e]">&gt;&gt;</a>&nbsp;&nbsp;&nbsp;GPIOIntRegister
</UL>
<BR>[Address Reference Count : 1]<UL><LI> entry9a.o(.ARM.Collect$$$$0000000B)
</UL><P>
<H3>
Local Symbols
</H3>
<P><STRONG><a name="[f]"></a>_GPIOIntNumberGet</STRONG> (Thumb, 56 bytes, Stack size 12 bytes, gpio.o(i._GPIOIntNumberGet))
<BR><BR>[Stack]<UL><LI>Max Depth = 12<LI>Call Chain = _GPIOIntNumberGet
</UL>
<BR>[Called By]<UL><LI><a href="#[e]">&gt;&gt;</a>&nbsp;&nbsp;&nbsp;GPIOIntRegister
</UL>

<P><STRONG><a name="[2b]"></a>_TimerIntNumberGet</STRONG> (Thumb, 68 bytes, Stack size 20 bytes, timer.o(i._TimerIntNumberGet))
<BR><BR>[Stack]<UL><LI>Max Depth = 20<LI>Call Chain = _TimerIntNumberGet
</UL>
<BR>[Called By]<UL><LI><a href="#[2a]">&gt;&gt;</a>&nbsp;&nbsp;&nbsp;TimerIntRegister
</UL>

<P><STRONG><a name="[31]"></a>IsBufferEmpty</STRONG> (Thumb, 20 bytes, Stack size 8 bytes, uartstdio.o(i.IsBufferEmpty))
<BR><BR>[Stack]<UL><LI>Max Depth = 8<LI>Call Chain = IsBufferEmpty
</UL>
<BR>[Called By]<UL><LI><a href="#[30]">&gt;&gt;</a>&nbsp;&nbsp;&nbsp;UARTFlushTx
</UL>

<P><STRONG><a name="[3b]"></a>delay_ms</STRONG> (Thumb, 26 bytes, Stack size 16 bytes, uc1701.o(i.delay_ms))
<BR><BR>[Stack]<UL><LI>Max Depth = 36<LI>Call Chain = delay_ms &rArr; SysCtlClockGet
</UL>
<BR>[Calls]<UL><LI><a href="#[2e]">&gt;&gt;</a>&nbsp;&nbsp;&nbsp;SysCtlClockGet
<LI><a href="#[c]">&gt;&gt;</a>&nbsp;&nbsp;&nbsp;SysCtlDelay
</UL>
<BR>[Called By]<UL><LI><a href="#[38]">&gt;&gt;</a>&nbsp;&nbsp;&nbsp;UC1701Init
</UL>

<P><STRONG><a name="[1]"></a>NmiSR</STRONG> (Thumb, 0 bytes, Stack size unknown bytes, startup_rvmdk.o(RESET))
<BR><BR>[Calls]<UL><LI><a href="#[1]">&gt;&gt;</a>&nbsp;&nbsp;&nbsp;NmiSR
</UL>
<BR>[Called By]<UL><LI><a href="#[1]">&gt;&gt;</a>&nbsp;&nbsp;&nbsp;NmiSR
</UL>
<BR>[Address Reference Count : 1]<UL><LI> startup_rvmdk.o(RESET)
</UL>
<P><STRONG><a name="[2]"></a>FaultISR</STRONG> (Thumb, 0 bytes, Stack size unknown bytes, startup_rvmdk.o(RESET))
<BR><BR>[Calls]<UL><LI><a href="#[2]">&gt;&gt;</a>&nbsp;&nbsp;&nbsp;FaultISR
</UL>
<BR>[Called By]<UL><LI><a href="#[2]">&gt;&gt;</a>&nbsp;&nbsp;&nbsp;FaultISR
</UL>
<BR>[Address Reference Count : 1]<UL><LI> startup_rvmdk.o(RESET)
</UL>
<P><STRONG><a name="[3]"></a>IntDefaultHandler</STRONG> (Thumb, 0 bytes, Stack size unknown bytes, startup_rvmdk.o(RESET))
<BR><BR>[Calls]<UL><LI><a href="#[3]">&gt;&gt;</a>&nbsp;&nbsp;&nbsp;IntDefaultHandler
</UL>
<BR>[Called By]<UL><LI><a href="#[3]">&gt;&gt;</a>&nbsp;&nbsp;&nbsp;IntDefaultHandler
</UL>
<BR>[Address Reference Count : 1]<UL><LI> startup_rvmdk.o(RESET)
</UL><P>
<H3>
Undefined Global Symbols
</H3><HR></body></html>
