Component: ARM Compiler 5.06 update 7 (build 960) Tool: armlink [4d3601]

==============================================================================

Section Cross References

    main.o(i.main) refers to sysctl.o(i.SysCtlClockSet) for SysCtlClockSet
    main.o(i.main) refers to iic.o(i.InitI2C1) for InitI2C1
    main.o(i.main) refers to uc1701.o(i.UC1701Init) for UC1701Init
    main.o(i.main) refers to ad5933.o(i.DA5933_Get_RsRealImage) for DA5933_Get_RsRealImage
    main.o(i.main) refers to printf1.o(i.__0sprintf$1) for __2sprintf
    main.o(i.main) refers to uc1701.o(i.UC1701Clear) for UC1701Clear
    main.o(i.main) refers to uc1701.o(i.UC1701CharDispaly) for UC1701CharDispaly
    main.o(i.main) refers to sysctl.o(i.SysCtlClockGet) for SysCtlClockGet
    main.o(i.main) refers to sysctl.o(.emb_text) for SysCtlDelay
    main.o(i.main) refers to main.o(.bss) for str
    iic.o(i.I2CReadBYTE) refers to i2c.o(i.I2CMasterSlaveAddrSet) for I2CMasterSlaveAddrSet
    iic.o(i.I2CReadBYTE) refers to i2c.o(i.I2CMasterDataGet) for I2CMasterDataGet
    iic.o(i.I2CReadBYTE) refers to i2c.o(i.I2CMasterControl) for I2CMasterControl
    iic.o(i.I2CReadBYTE) refers to i2c.o(i.I2CMasterBusy) for I2CMasterBusy
    iic.o(i.I2CReadBYTE) refers to i2c.o(i.I2CSlaveACKOverride) for I2CSlaveACKOverride
    iic.o(i.I2CReadBYTE) refers to i2c.o(i.I2CSlaveACKValueSet) for I2CSlaveACKValueSet
    iic.o(i.I2CSendMultipleBytes) refers to i2c.o(i.I2CMasterSlaveAddrSet) for I2CMasterSlaveAddrSet
    iic.o(i.I2CSendMultipleBytes) refers to i2c.o(i.I2CMasterDataPut) for I2CMasterDataPut
    iic.o(i.I2CSendMultipleBytes) refers to i2c.o(i.I2CMasterControl) for I2CMasterControl
    iic.o(i.I2CSendMultipleBytes) refers to i2c.o(i.I2CMasterBusy) for I2CMasterBusy
    iic.o(i.I2CSendSingleByte) refers to i2c.o(i.I2CMasterSlaveAddrSet) for I2CMasterSlaveAddrSet
    iic.o(i.I2CSendSingleByte) refers to i2c.o(i.I2CMasterDataPut) for I2CMasterDataPut
    iic.o(i.I2CSendSingleByte) refers to i2c.o(i.I2CMasterControl) for I2CMasterControl
    iic.o(i.I2CSendSingleByte) refers to i2c.o(i.I2CMasterBusy) for I2CMasterBusy
    iic.o(i.InitI2C1) refers to sysctl.o(i.SysCtlPeripheralEnable) for SysCtlPeripheralEnable
    iic.o(i.InitI2C1) refers to sysctl.o(i.SysCtlPeripheralReset) for SysCtlPeripheralReset
    iic.o(i.InitI2C1) refers to gpio.o(i.GPIOPinConfigure) for GPIOPinConfigure
    iic.o(i.InitI2C1) refers to gpio.o(i.GPIOPinTypeI2CSCL) for GPIOPinTypeI2CSCL
    iic.o(i.InitI2C1) refers to gpio.o(i.GPIOPinTypeI2C) for GPIOPinTypeI2C
    iic.o(i.InitI2C1) refers to sysctl.o(i.SysCtlClockGet) for SysCtlClockGet
    iic.o(i.InitI2C1) refers to i2c.o(i.I2CMasterInitExpClk) for I2CMasterInitExpClk
    iic.o(i.readjibyte) refers to i2c.o(i.I2CMasterSlaveAddrSet) for I2CMasterSlaveAddrSet
    iic.o(i.readjibyte) refers to i2c.o(i.I2CMasterDataPut) for I2CMasterDataPut
    iic.o(i.readjibyte) refers to i2c.o(i.I2CMasterControl) for I2CMasterControl
    iic.o(i.readjibyte) refers to i2c.o(i.I2CMasterBusy) for I2CMasterBusy
    iic.o(i.readjibyte) refers to i2c.o(i.I2CMasterDataGet) for I2CMasterDataGet
    iic.o(i.writejibyte) refers to i2c.o(i.I2CMasterSlaveAddrSet) for I2CMasterSlaveAddrSet
    iic.o(i.writejibyte) refers to i2c.o(i.I2CMasterDataPut) for I2CMasterDataPut
    iic.o(i.writejibyte) refers to i2c.o(i.I2CMasterControl) for I2CMasterControl
    iic.o(i.writejibyte) refers to i2c.o(i.I2CMasterBusy) for I2CMasterBusy
    lxy_uart.o(i.UART0_INT) refers to sysctl.o(i.SysCtlPeripheralEnable) for SysCtlPeripheralEnable
    lxy_uart.o(i.UART0_INT) refers to gpio.o(i.GPIOPinConfigure) for GPIOPinConfigure
    lxy_uart.o(i.UART0_INT) refers to gpio.o(i.GPIOPinTypeUART) for GPIOPinTypeUART
    lxy_uart.o(i.UART0_INT) refers to sysctl.o(i.SysCtlClockGet) for SysCtlClockGet
    lxy_uart.o(i.UART0_INT) refers to uartstdio.o(i.UARTStdioConfig) for UARTStdioConfig
    lxy_uart.o(i.UART0_enable) refers to uart.o(i.UARTIntEnable) for UARTIntEnable
    lxy_uart.o(i.UART0_enable) refers to interrupt.o(i.IntPrioritySet) for IntPrioritySet
    lxy_uart.o(i.UART0_enable) refers to interrupt.o(i.IntEnable) for IntEnable
    lxy_uart.o(i.UART0_enable) refers to interrupt.o(i.IntMasterEnable) for IntMasterEnable
    lxy_uart.o(i.UART0_enable) refers to uart.o(i.UARTEnable) for UARTEnable
    ad5933.o(i.AD5933_Sweep) refers to ad5933.o(i.Fre_To_Hex) for Fre_To_Hex
    ad5933.o(i.AD5933_Sweep) refers to ad5933.o(i.Scale_imp) for Scale_imp
    ad5933.o(i.DA5933_Get_RsRealImage) refers to ad5933.o(i.AD5933_Sweep) for AD5933_Sweep
    ad5933.o(i.DA5933_Get_RsRealImage) refers to dfltui.o(.text) for __aeabi_ui2d
    ad5933.o(i.DA5933_Get_RsRealImage) refers to dmul.o(.text) for __aeabi_dmul
    ad5933.o(i.DA5933_Get_RsRealImage) refers to ddiv.o(.text) for __aeabi_ddiv
    ad5933.o(i.DA5933_Get_RsRealImage) refers to dfixui.o(.text) for __aeabi_d2uiz
    ad5933.o(i.Fre_To_Hex) refers to f2d.o(.text) for __aeabi_f2d
[...]
    Removing can.o(i.CANRetryGet), (18 bytes).
    Removing can.o(i.CANRetrySet), (20 bytes).
    Removing can.o(i.CANStatusGet), (78 bytes).
    Removing can.o(i._CANDataRegRead), (36 bytes).
    Removing can.o(i._CANDataRegWrite), (36 bytes).
    Removing can.o(i._CANIntNumberGet), (96 bytes).
    Removing can.o(.constdata), (32 bytes).
    Removing comp.o(i.ComparatorConfigure), (8 bytes).
    Removing comp.o(i.ComparatorIntClear), (8 bytes).
    Removing comp.o(i.ComparatorIntDisable), (12 bytes).
    Removing comp.o(i.ComparatorIntEnable), (12 bytes).
    Removing comp.o(i.ComparatorIntRegister), (38 bytes).
    Removing comp.o(i.ComparatorIntStatus), (24 bytes).
    Removing comp.o(i.ComparatorIntUnregister), (34 bytes).
    Removing comp.o(i.ComparatorRefSet), (4 bytes).
    Removing comp.o(i.ComparatorValueGet), (22 bytes).
    Removing cpu.o(.emb_text), (38 bytes).
    Removing crc.o(i.CRCConfigSet), (6 bytes).
    Removing crc.o(i.CRCDataProcess), (68 bytes).
    Removing crc.o(i.CRCDataWrite), (6 bytes).
    Removing crc.o(i.CRCResultRead), (16 bytes).
    Removing crc.o(i.CRCSeedSet), (6 bytes).
    Removing des.o(i.DESConfigSet), (12 bytes).
    Removing des.o(i.DESDMADisable), (8 bytes).
    Removing des.o(i.DESDMAEnable), (8 bytes).
    Removing des.o(i.DESDataProcess), (76 bytes).
    Removing des.o(i.DESDataRead), (32 bytes).
    Removing des.o(i.DESDataReadNonBlocking), (36 bytes).
    Removing des.o(i.DESDataWrite), (28 bytes).
    Removing des.o(i.DESDataWriteNonBlocking), (32 bytes).
    Removing des.o(i.DESIVSet), (26 bytes).
    Removing des.o(i.DESIntClear), (12 bytes).
    Removing des.o(i.DESIntDisable), (28 bytes).
    Removing des.o(i.DESIntEnable), (28 bytes).
    Removing des.o(i.DESIntRegister), (22 bytes).
    Removing des.o(i.DESIntStatus), (38 bytes).
    Removing des.o(i.DESIntUnregister), (18 bytes).
    Removing des.o(i.DESKeySet), (34 bytes).
    Removing des.o(i.DESLengthSet), (4 bytes).
    Removing des.o(i.DESReset), (22 bytes).
    Removing eeprom.o(i.EEPROMBlockCountGet), (16 bytes).
    Removing eeprom.o(i.EEPROMBlockHide), (16 bytes).
    Removing eeprom.o(i.EEPROMBlockLock), (24 bytes).
    Removing eeprom.o(i.EEPROMBlockPasswordSet), (52 bytes).
    Removing eeprom.o(i.EEPROMBlockProtectGet), (16 bytes).
    Removing eeprom.o(i.EEPROMBlockProtectSet), (32 bytes).
    Removing eeprom.o(i.EEPROMBlockUnlock), (48 bytes).
    Removing eeprom.o(i.EEPROMInit), (68 bytes).
    Removing eeprom.o(i.EEPROMIntClear), (56 bytes).
    Removing eeprom.o(i.EEPROMIntDisable), (36 bytes).
    Removing eeprom.o(i.EEPROMIntEnable), (36 bytes).
    Removing eeprom.o(i.EEPROMIntStatus), (48 bytes).
    Removing eeprom.o(i.EEPROMMassErase), (88 bytes).
    Removing eeprom.o(i.EEPROMProgram), (208 bytes).
    Removing eeprom.o(i.EEPROMProgramNonBlocking), (72 bytes).
    Removing eeprom.o(i.EEPROMRead), (56 bytes).
    Removing eeprom.o(i.EEPROMSizeGet), (16 bytes).
    Removing eeprom.o(i.EEPROMStatusGet), (12 bytes).
    Removing eeprom.o(i._EEPROMSectorMaskClear), (56 bytes).
    Removing eeprom.o(i._EEPROMSectorMaskSet), (64 bytes).
    Removing eeprom.o(i._EEPROMWaitForDone), (20 bytes).
    Removing emac.o(i.EMACAddrFilterGet), (14 bytes).
    Removing emac.o(i.EMACAddrFilterSet), (32 bytes).
    Removing emac.o(i.EMACAddrGet), (38 bytes).
    Removing emac.o(i.EMACAddrSet), (56 bytes).
    Removing emac.o(i.EMACConfigGet), (64 bytes).
    Removing emac.o(i.EMACConfigSet), (52 bytes).
    Removing emac.o(i.EMACDMAStateGet), (16 bytes).
    Removing emac.o(i.EMACFrameFilterGet), (16 bytes).
    Removing emac.o(i.EMACFrameFilterSet), (16 bytes).
    Removing emac.o(i.EMACHashFilterBitCalculate), (48 bytes).
    Removing emac.o(i.EMACHashFilterGet), (10 bytes).
    Removing emac.o(i.EMACHashFilterSet), (6 bytes).
    Removing emac.o(i.EMACInit), (168 bytes).
    Removing emac.o(i.EMACIntClear), (58 bytes).
    Removing emac.o(i.EMACIntDisable), (60 bytes).
    Removing emac.o(i.EMACIntEnable), (64 bytes).
    Removing emac.o(i.EMACIntRegister), (22 bytes).
    Removing emac.o(i.EMACIntStatus), (52 bytes).
    Removing emac.o(i.EMACIntUnregister), (18 bytes).
    Removing emac.o(i.EMACLPIConfig), (36 bytes).
    Removing emac.o(i.EMACLPIEnter), (10 bytes).
    Removing emac.o(i.EMACLPILinkClear), (10 bytes).
    Removing emac.o(i.EMACLPILinkSet), (10 bytes).
    Removing emac.o(i.EMACLPIStatus), (8 bytes).
    Removing emac.o(i.EMACNumAddrGet), (6 bytes).
    Removing emac.o(i.EMACPHYConfigSet), (108 bytes).
    Removing emac.o(i.EMACPHYExtendedRead), (64 bytes).
    Removing emac.o(i.EMACPHYExtendedWrite), (68 bytes).
    Removing emac.o(i.EMACPHYMMDRead), (64 bytes).
    Removing emac.o(i.EMACPHYMMDWrite), (68 bytes).
    Removing emac.o(i.EMACPHYPowerOff), (38 bytes).
    Removing emac.o(i.EMACPHYPowerOn), (38 bytes).
    Removing emac.o(i.EMACPHYRead), (50 bytes).
    Removing emac.o(i.EMACPHYWrite), (48 bytes).
    Removing emac.o(i.EMACPowerManagementControlGet), (12 bytes).
    Removing emac.o(i.EMACPowerManagementControlSet), (16 bytes).
    Removing emac.o(i.EMACPowerManagementStatusGet), (10 bytes).
    Removing emac.o(i.EMACRemoteWakeUpFrameFilterGet), (32 bytes).
    Removing emac.o(i.EMACRemoteWakeUpFrameFilterSet), (32 bytes).
    Removing emac.o(i.EMACReset), (28 bytes).
    Removing emac.o(i.EMACRxDMACurrentBufferGet), (8 bytes).
    Removing emac.o(i.EMACRxDMACurrentDescriptorGet), (8 bytes).
    Removing emac.o(i.EMACRxDMADescriptorListGet), (8 bytes).
    Removing emac.o(i.EMACRxDMADescriptorListSet), (6 bytes).
    Removing emac.o(i.EMACRxDMAPollDemand), (8 bytes).
    Removing emac.o(i.EMACRxDisable), (22 bytes).
    Removing emac.o(i.EMACRxEnable), (22 bytes).
    Removing emac.o(i.EMACRxWatchdogTimerSet), (6 bytes).
    Removing emac.o(i.EMACStatusGet), (6 bytes).
    Removing emac.o(i.EMACTimestampAddendSet), (32 bytes).
    Removing emac.o(i.EMACTimestampConfigGet), (16 bytes).
    Removing emac.o(i.EMACTimestampConfigSet), (24 bytes).
    Removing emac.o(i.EMACTimestampDisable), (14 bytes).
    Removing emac.o(i.EMACTimestampEnable), (36 bytes).
    Removing emac.o(i.EMACTimestampIntStatus), (8 bytes).
    Removing emac.o(i.EMACTimestampPPSCommand), (24 bytes).
    Removing emac.o(i.EMACTimestampPPSCommandModeSet), (24 bytes).
    Removing emac.o(i.EMACTimestampPPSPeriodSet), (10 bytes).
    Removing emac.o(i.EMACTimestampPPSSimpleModeSet), (20 bytes).
    Removing emac.o(i.EMACTimestampSysTimeGet), (28 bytes).
    Removing emac.o(i.EMACTimestampSysTimeSet), (36 bytes).
    Removing emac.o(i.EMACTimestampSysTimeUpdate), (50 bytes).
    Removing emac.o(i.EMACTimestampTargetIntDisable), (14 bytes).
    Removing emac.o(i.EMACTimestampTargetIntEnable), (14 bytes).
    Removing emac.o(i.EMACTimestampTargetSet), (24 bytes).
    Removing emac.o(i.EMACTxDMACurrentBufferGet), (8 bytes).
    Removing emac.o(i.EMACTxDMACurrentDescriptorGet), (8 bytes).
    Removing emac.o(i.EMACTxDMADescriptorListGet), (8 bytes).
    Removing emac.o(i.EMACTxDMADescriptorListSet), (6 bytes).
    Removing emac.o(i.EMACTxDMAPollDemand), (8 bytes).
    Removing emac.o(i.EMACTxDisable), (22 bytes).
    Removing emac.o(i.EMACTxEnable), (22 bytes).
    Removing emac.o(i.EMACTxFlush), (36 bytes).
    Removing emac.o(i.EMACVLANHashFilterBitCalculate), (42 bytes).
    Removing emac.o(i.EMACVLANHashFilterGet), (8 bytes).
    Removing emac.o(i.EMACVLANHashFilterSet), (6 bytes).
    Removing emac.o(i.EMACVLANRxConfigGet), (12 bytes).
    Removing emac.o(i.EMACVLANRxConfigSet), (8 bytes).
    Removing emac.o(i.EMACVLANTxConfigGet), (14 bytes).
    Removing emac.o(i.EMACVLANTxConfigSet), (10 bytes).
    Removing emac.o(i.EMACWoLEnter), (56 bytes).
    Removing emac.o(.constdata), (24 bytes).
    Removing epi.o(i.EPIAddressMapSet), (4 bytes).
    Removing epi.o(i.EPIConfigGPModeSet), (14 bytes).
    Removing epi.o(i.EPIConfigHB16CSSet), (48 bytes).
    Removing epi.o(i.EPIConfigHB16Set), (38 bytes).
    Removing epi.o(i.EPIConfigHB16TimingSet), (12 bytes).
    Removing epi.o(i.EPIConfigHB8CSSet), (48 bytes).
    Removing epi.o(i.EPIConfigHB8Set), (38 bytes).
    Removing epi.o(i.EPIConfigHB8TimingSet), (12 bytes).
    Removing epi.o(i.EPIConfigSDRAMSet), (16 bytes).
    Removing epi.o(i.EPIDMATxCount), (8 bytes).
    Removing epi.o(i.EPIDividerCSSet), (64 bytes).
    Removing epi.o(i.EPIDividerSet), (4 bytes).
    Removing epi.o(i.EPIFIFOConfig), (6 bytes).
    Removing epi.o(i.EPIIntDisable), (12 bytes).
    Removing epi.o(i.EPIIntEnable), (12 bytes).
    Removing epi.o(i.EPIIntErrorClear), (6 bytes).
    Removing epi.o(i.EPIIntErrorStatus), (8 bytes).
    Removing epi.o(i.EPIIntRegister), (30 bytes).
    Removing epi.o(i.EPIIntStatus), (16 bytes).
    Removing epi.o(i.EPIIntUnregister), (26 bytes).
    Removing epi.o(i.EPIModeSet), (4 bytes).
    Removing epi.o(i.EPINonBlockingReadAvail), (6 bytes).
    Removing epi.o(i.EPINonBlockingReadConfigure), (16 bytes).
    Removing epi.o(i.EPINonBlockingReadCount), (12 bytes).
    Removing epi.o(i.EPINonBlockingReadGet16), (30 bytes).
    Removing epi.o(i.EPINonBlockingReadGet32), (30 bytes).
    Removing epi.o(i.EPINonBlockingReadGet8), (30 bytes).
    Removing epi.o(i.EPINonBlockingReadStart), (12 bytes).
    Removing epi.o(i.EPINonBlockingReadStop), (14 bytes).
    Removing epi.o(i.EPIPSRAMConfigRegGet), (46 bytes).
    Removing epi.o(i.EPIPSRAMConfigRegGetNonBlocking), (52 bytes).
    Removing epi.o(i.EPIPSRAMConfigRegRead), (36 bytes).
    Removing epi.o(i.EPIPSRAMConfigRegSet), (44 bytes).
    Removing epi.o(i.EPIWriteFIFOCountGet), (8 bytes).
    Removing epi.o(i._EPIIntNumberGet), (36 bytes).
    Removing flash.o(i.FlashAllUserRegisterGet), (44 bytes).
    Removing flash.o(i.FlashAllUserRegisterSave), (48 bytes).
    Removing flash.o(i.FlashAllUserRegisterSet), (36 bytes).
    Removing flash.o(i.FlashErase), (64 bytes).
    Removing flash.o(i.FlashIntClear), (12 bytes).
    Removing flash.o(i.FlashIntDisable), (16 bytes).
    Removing flash.o(i.FlashIntEnable), (16 bytes).
    Removing flash.o(i.FlashIntRegister), (20 bytes).
    Removing flash.o(i.FlashIntStatus), (20 bytes).
    Removing flash.o(i.FlashIntUnregister), (16 bytes).
    Removing flash.o(i.FlashProgram), (112 bytes).
    Removing flash.o(i.FlashProtectGet), (88 bytes).
    Removing flash.o(i.FlashProtectSave), (48 bytes).
    Removing flash.o(i.FlashProtectSet), (144 bytes).
    Removing flash.o(i.FlashUserGet), (28 bytes).
    Removing flash.o(i.FlashUserSave), (64 bytes).
    Removing flash.o(i.FlashUserSet), (24 bytes).
    Removing flash.o(.constdata), (128 bytes).
    Removing fpu.o(i.FPUDisable), (20 bytes).
    Removing fpu.o(i.FPUEnable), (20 bytes).
    Removing fpu.o(i.FPUFlushToZeroModeSet), (20 bytes).
    Removing fpu.o(i.FPUHalfPrecisionModeSet), (20 bytes).
    Removing fpu.o(i.FPULazyStackingEnable), (20 bytes).
    Removing fpu.o(i.FPUNaNModeSet), (20 bytes).
    Removing fpu.o(i.FPURoundingModeSet), (20 bytes).
    Removing fpu.o(i.FPUStackingDisable), (20 bytes).
    Removing fpu.o(i.FPUStackingEnable), (24 bytes).
    Removing gpio.o(i.GPIOADCTriggerDisable), (12 bytes).
    Removing gpio.o(i.GPIOADCTriggerEnable), (12 bytes).
    Removing gpio.o(i.GPIODMATriggerDisable), (12 bytes).
    Removing gpio.o(i.GPIODMATriggerEnable), (12 bytes).
    Removing gpio.o(i.GPIODirModeGet), (46 bytes).
    Removing gpio.o(i.GPIOIntClear), (6 bytes).
    Removing gpio.o(i.GPIOIntDisable), (12 bytes).
    Removing gpio.o(i.GPIOIntEnable), (12 bytes).
    Removing gpio.o(i.GPIOIntRegister), (30 bytes).
    Removing gpio.o(i.GPIOIntRegisterPin), (36 bytes).
    Removing gpio.o(i.GPIOIntStatus), (16 bytes).
    Removing gpio.o(i.GPIOIntTypeGet), (84 bytes).
    Removing gpio.o(i.GPIOIntTypeSet), (102 bytes).
    Removing gpio.o(i.GPIOIntUnregister), (26 bytes).
    Removing gpio.o(i.GPIOIntUnregisterPin), (28 bytes).
    Removing gpio.o(i.GPIOPadConfigGet), (244 bytes).
    Removing gpio.o(i.GPIOPinRead), (12 bytes).
    Removing gpio.o(i.GPIOPinTypeADC), (30 bytes).
    Removing gpio.o(i.GPIOPinTypeCAN), (30 bytes).
    Removing gpio.o(i.GPIOPinTypeComparator), (30 bytes).
    Removing gpio.o(i.GPIOPinTypeComparatorOutput), (30 bytes).
    Removing gpio.o(i.GPIOPinTypeDIVSCLK), (30 bytes).
    Removing gpio.o(i.GPIOPinTypeEPI), (30 bytes).
    Removing gpio.o(i.GPIOPinTypeEthernetLED), (30 bytes).
    Removing gpio.o(i.GPIOPinTypeEthernetMII), (30 bytes).
    Removing gpio.o(i.GPIOPinTypeGPIOInput), (30 bytes).
    Removing gpio.o(i.GPIOPinTypeGPIOOutputOD), (30 bytes).
    Removing gpio.o(i.GPIOPinTypeHibernateRTCCLK), (30 bytes).
    Removing gpio.o(i.GPIOPinTypeLCD), (30 bytes).
    Removing gpio.o(i.GPIOPinTypeOneWire), (30 bytes).
    Removing gpio.o(i.GPIOPinTypePWM), (30 bytes).
    Removing gpio.o(i.GPIOPinTypeQEI), (30 bytes).
    Removing gpio.o(i.GPIOPinTypeTimer), (30 bytes).
    Removing gpio.o(i.GPIOPinTypeTrace), (30 bytes).
    Removing gpio.o(i.GPIOPinTypeUART), (30 bytes).
    Removing gpio.o(i.GPIOPinTypeUSBAnalog), (30 bytes).
    Removing gpio.o(i.GPIOPinTypeUSBDigital), (30 bytes).
    Removing gpio.o(i.GPIOPinTypeWakeHigh), (32 bytes).
    Removing gpio.o(i.GPIOPinTypeWakeLow), (32 bytes).
    Removing gpio.o(i.GPIOPinWakeStatus), (8 bytes).
    Removing gpio.o(i.GPIOUnlockPin), (24 bytes).
    Removing gpio.o(i._GPIOIntNumberGet), (76 bytes).
    Removing hibernate.o(i.HibernateBatCheckDone), (16 bytes).
    Removing hibernate.o(i.HibernateBatCheckStart), (24 bytes).
    Removing hibernate.o(i.HibernateCalendarGet), (124 bytes).
    Removing hibernate.o(i.HibernateCalendarMatchGet), (132 bytes).
    Removing hibernate.o(i.HibernateCalendarMatchSet), (20 bytes).
    Removing hibernate.o(i.HibernateCalendarSet), (20 bytes).
    Removing hibernate.o(i.HibernateClockConfig), (80 bytes).
    Removing hibernate.o(i.HibernateCounterMode), (20 bytes).
    Removing hibernate.o(i.HibernateDataGet), (32 bytes).
    Removing hibernate.o(i.HibernateDataSet), (40 bytes).
    Removing hibernate.o(i.HibernateDisable), (24 bytes).
    Removing hibernate.o(i.HibernateEnableExpClk), (28 bytes).
    Removing hibernate.o(i.HibernateGPIORetentionDisable), (28 bytes).
    Removing hibernate.o(i.HibernateGPIORetentionEnable), (28 bytes).
    Removing hibernate.o(i.HibernateGPIORetentionGet), (28 bytes).
    Removing hibernate.o(i.HibernateIntClear), (24 bytes).
    Removing hibernate.o(i.HibernateIntDisable), (24 bytes).
    Removing hibernate.o(i.HibernateIntEnable), (24 bytes).
    Removing hibernate.o(i.HibernateIntRegister), (26 bytes).
    Removing hibernate.o(i.HibernateIntStatus), (24 bytes).
    Removing hibernate.o(i.HibernateIntUnregister), (22 bytes).
    Removing hibernate.o(i.HibernateIsActive), (16 bytes).
    Removing hibernate.o(i.HibernateLowBatGet), (16 bytes).
    Removing hibernate.o(i.HibernateLowBatSet), (32 bytes).
    Removing hibernate.o(i.HibernateRTCDisable), (24 bytes).
    Removing hibernate.o(i.HibernateRTCEnable), (24 bytes).
    Removing hibernate.o(i.HibernateRTCGet), (12 bytes).
    Removing hibernate.o(i.HibernateRTCMatchGet), (12 bytes).
    Removing hibernate.o(i.HibernateRTCMatchSet), (20 bytes).
    Removing hibernate.o(i.HibernateRTCSSGet), (16 bytes).
    Removing hibernate.o(i.HibernateRTCSSMatchGet), (16 bytes).
    Removing hibernate.o(i.HibernateRTCSSMatchSet), (24 bytes).
    Removing hibernate.o(i.HibernateRTCSet), (48 bytes).
    Removing hibernate.o(i.HibernateRTCTrimGet), (12 bytes).
    Removing hibernate.o(i.HibernateRTCTrimSet), (20 bytes).
    Removing hibernate.o(i.HibernateRequest), (24 bytes).
    Removing hibernate.o(i.HibernateTamperDisable), (60 bytes).
    Removing hibernate.o(i.HibernateTamperEnable), (60 bytes).
    Removing hibernate.o(i.HibernateTamperEventsClear), (60 bytes).
    Removing hibernate.o(i.HibernateTamperEventsClearNoLock), (24 bytes).
    Removing hibernate.o(i.HibernateTamperEventsConfig), (64 bytes).
    Removing hibernate.o(i.HibernateTamperEventsGet), (104 bytes).
    Removing hibernate.o(i.HibernateTamperExtOscRecover), (60 bytes).
    Removing hibernate.o(i.HibernateTamperExtOscValid), (20 bytes).
    Removing hibernate.o(i.HibernateTamperIODisable), (68 bytes).
    Removing hibernate.o(i.HibernateTamperIOEnable), (84 bytes).
    Removing hibernate.o(i.HibernateTamperLock), (24 bytes).
    Removing hibernate.o(i.HibernateTamperStatusGet), (60 bytes).
    Removing hibernate.o(i.HibernateTamperUnLock), (24 bytes).
    Removing hibernate.o(i.HibernateWakeGet), (64 bytes).
    Removing hibernate.o(i.HibernateWakeSet), (124 bytes).
    Removing hibernate.o(i._HibernateCalendarSet), (256 bytes).
    Removing hibernate.o(i._HibernateIntNumberGet), (36 bytes).
    Removing hibernate.o(i._HibernateWriteComplete), (20 bytes).
    Removing i2c.o(i.I2CFIFODataGet), (22 bytes).
    Removing i2c.o(i.I2CFIFODataGetNonBlocking), (26 bytes).
    Removing i2c.o(i.I2CFIFODataPut), (20 bytes).
    Removing i2c.o(i.I2CFIFODataPutNonBlocking), (24 bytes).
    Removing i2c.o(i.I2CFIFOStatus), (8 bytes).
    Removing i2c.o(i.I2CIntRegister), (30 bytes).
    Removing i2c.o(i.I2CIntUnregister), (26 bytes).
    Removing i2c.o(i.I2CLoopbackEnable), (10 bytes).
    Removing i2c.o(i.I2CMasterBurstCountGet), (6 bytes).
    Removing i2c.o(i.I2CMasterBurstLengthSet), (4 bytes).
    Removing i2c.o(i.I2CMasterBusBusy), (18 bytes).
    Removing i2c.o(i.I2CMasterDisable), (10 bytes).
    Removing i2c.o(i.I2CMasterErr), (30 bytes).
    Removing i2c.o(i.I2CMasterGlitchFilterConfigSet), (68 bytes).
    Removing i2c.o(i.I2CMasterIntClear), (8 bytes).
    Removing i2c.o(i.I2CMasterIntClearEx), (4 bytes).
    Removing i2c.o(i.I2CMasterIntDisable), (6 bytes).
    Removing i2c.o(i.I2CMasterIntDisableEx), (8 bytes).
    Removing i2c.o(i.I2CMasterIntEnable), (6 bytes).
    Removing i2c.o(i.I2CMasterIntEnableEx), (8 bytes).
    Removing i2c.o(i.I2CMasterIntStatus), (28 bytes).
    Removing i2c.o(i.I2CMasterIntStatusEx), (12 bytes).
    Removing i2c.o(i.I2CMasterLineStateGet), (6 bytes).
    Removing i2c.o(i.I2CMasterTimeoutSet), (4 bytes).
    Removing i2c.o(i.I2CRxFIFOConfigSet), (22 bytes).
    Removing i2c.o(i.I2CRxFIFOFlush), (14 bytes).
    Removing i2c.o(i.I2CSlaveAddressSet), (28 bytes).
    Removing i2c.o(i.I2CSlaveDataGet), (8 bytes).
    Removing i2c.o(i.I2CSlaveDataPut), (6 bytes).
    Removing i2c.o(i.I2CSlaveDisable), (16 bytes).
    Removing i2c.o(i.I2CSlaveEnable), (16 bytes).
    Removing i2c.o(i.I2CSlaveFIFODisable), (8 bytes).
    Removing i2c.o(i.I2CSlaveFIFOEnable), (10 bytes).
    Removing i2c.o(i.I2CSlaveInit), (18 bytes).
    Removing i2c.o(i.I2CSlaveIntClear), (8 bytes).
    Removing i2c.o(i.I2CSlaveIntClearEx), (6 bytes).
    Removing i2c.o(i.I2CSlaveIntDisable), (14 bytes).
    Removing i2c.o(i.I2CSlaveIntDisableEx), (12 bytes).
    Removing i2c.o(i.I2CSlaveIntEnable), (14 bytes).
    Removing i2c.o(i.I2CSlaveIntEnableEx), (12 bytes).
    Removing i2c.o(i.I2CSlaveIntStatus), (32 bytes).
    Removing i2c.o(i.I2CSlaveIntStatusEx), (16 bytes).
    Removing i2c.o(i.I2CSlaveStatus), (8 bytes).
    Removing i2c.o(i.I2CTxFIFOConfigSet), (24 bytes).
    Removing i2c.o(i.I2CTxFIFOFlush), (14 bytes).
    Removing i2c.o(i._I2CIntNumberGet), (76 bytes).
    Removing i2c.o(.constdata), (128 bytes).
    Removing interrupt.o(i.IntDisable), (116 bytes).
    Removing interrupt.o(i.IntEnable), (116 bytes).
    Removing interrupt.o(i.IntIsEnabled), (108 bytes).
    Removing interrupt.o(i.IntMasterDisable), (16 bytes).
    Removing interrupt.o(i.IntMasterEnable), (16 bytes).
    Removing interrupt.o(i.IntPendClear), (76 bytes).
    Removing interrupt.o(i.IntPendSet), (96 bytes).
    Removing interrupt.o(i.IntPriorityGet), (28 bytes).
    Removing interrupt.o(i.IntPriorityGroupingGet), (44 bytes).
    Removing interrupt.o(i.IntPriorityGroupingSet), (28 bytes).
    Removing interrupt.o(i.IntPriorityMaskGet), (8 bytes).
    Removing interrupt.o(i.IntPriorityMaskSet), (12 bytes).
    Removing interrupt.o(i.IntPrioritySet), (52 bytes).
    Removing interrupt.o(i.IntRegister), (60 bytes).
    Removing interrupt.o(i.IntTrigger), (16 bytes).
    Removing interrupt.o(i.IntUnregister), (20 bytes).
    Removing interrupt.o(i._IntDefaultHandler), (4 bytes).
    Removing interrupt.o(.constdata), (268 bytes).
    Removing interrupt.o(vtable), (620 bytes).
    Removing lcd.o(i.LCDClockReset), (36 bytes).
    Removing lcd.o(i.LCDDMAConfigSet), (4 bytes).
    Removing lcd.o(i.LCDIDDCommandWrite), (16 bytes).
    Removing lcd.o(i.LCDIDDConfigSet), (4 bytes).
    Removing lcd.o(i.LCDIDDDMADisable), (10 bytes).
    Removing lcd.o(i.LCDIDDDMAWrite), (50 bytes).
    Removing lcd.o(i.LCDIDDDataRead), (18 bytes).
    Removing lcd.o(i.LCDIDDDataWrite), (16 bytes).
    Removing lcd.o(i.LCDIDDIndexedRead), (32 bytes).
    Removing lcd.o(i.LCDIDDIndexedWrite), (28 bytes).
    Removing lcd.o(i.LCDIDDStatusRead), (18 bytes).
    Removing lcd.o(i.LCDIDDTimingSet), (54 bytes).
    Removing lcd.o(i.LCDIntClear), (4 bytes).
    Removing lcd.o(i.LCDIntDisable), (4 bytes).
    Removing lcd.o(i.LCDIntEnable), (4 bytes).
    Removing lcd.o(i.LCDIntRegister), (22 bytes).
    Removing lcd.o(i.LCDIntStatus), (12 bytes).
    Removing lcd.o(i.LCDIntUnregister), (18 bytes).
    Removing lcd.o(i.LCDModeSet), (36 bytes).
    Removing lcd.o(i.LCDRasterACBiasIntCountSet), (22 bytes).
    Removing lcd.o(i.LCDRasterConfigSet), (8 bytes).
    Removing lcd.o(i.LCDRasterDisable), (10 bytes).
    Removing lcd.o(i.LCDRasterEnable), (22 bytes).
    Removing lcd.o(i.LCDRasterEnabled), (10 bytes).
    Removing lcd.o(i.LCDRasterFrameBufferSet), (24 bytes).
    Removing lcd.o(i.LCDRasterPaletteSet), (126 bytes).
    Removing lcd.o(i.LCDRasterSubPanelConfigSet), (48 bytes).
    Removing lcd.o(i.LCDRasterSubPanelDisable), (10 bytes).
    Removing lcd.o(i.LCDRasterSubPanelEnable), (10 bytes).
    Removing lcd.o(i.LCDRasterTimingSet), (158 bytes).
    Removing mpu.o(i.MPUDisable), (20 bytes).
    Removing mpu.o(i.MPUEnable), (16 bytes).
    Removing mpu.o(i.MPUIntRegister), (20 bytes).
    Removing mpu.o(i.MPUIntUnregister), (16 bytes).
    Removing mpu.o(i.MPURegionCountGet), (16 bytes).
    Removing mpu.o(i.MPURegionDisable), (28 bytes).
    Removing mpu.o(i.MPURegionEnable), (28 bytes).
    Removing mpu.o(i.MPURegionGet), (28 bytes).
    Removing mpu.o(i.MPURegionSet), (32 bytes).
    Removing onewire.o(i.OneWireBusReset), (10 bytes).
    Removing onewire.o(i.OneWireBusStatus), (10 bytes).
    Removing onewire.o(i.OneWireDMADisable), (28 bytes).
    Removing onewire.o(i.OneWireDMAEnable), (84 bytes).
    Removing onewire.o(i.OneWireDataGet), (18 bytes).
    Removing onewire.o(i.OneWireDataGetNonBlocking), (22 bytes).
    Removing onewire.o(i.OneWireInit), (4 bytes).
    Removing onewire.o(i.OneWireIntClear), (6 bytes).
    Removing onewire.o(i.OneWireIntDisable), (12 bytes).
    Removing onewire.o(i.OneWireIntEnable), (12 bytes).
    Removing onewire.o(i.OneWireIntRegister), (30 bytes).
    Removing onewire.o(i.OneWireIntStatus), (16 bytes).
    Removing onewire.o(i.OneWireIntUnregister), (26 bytes).
    Removing onewire.o(i.OneWireTransaction), (68 bytes).
    Removing onewire.o(i._OneWireIntNumberGet), (36 bytes).
    Removing pwm.o(i.PWMClockGet), (28 bytes).
    Removing pwm.o(i.PWMClockSet), (18 bytes).
    Removing pwm.o(i.PWMDeadBandDisable), (14 bytes).
    Removing pwm.o(i.PWMDeadBandEnable), (18 bytes).
    Removing pwm.o(i.PWMFaultIntClear), (8 bytes).
    Removing pwm.o(i.PWMFaultIntClearExt), (4 bytes).
    Removing pwm.o(i.PWMFaultIntRegister), (30 bytes).
    Removing pwm.o(i.PWMFaultIntUnregister), (26 bytes).
    Removing pwm.o(i.PWMGenConfigure), (48 bytes).
    Removing pwm.o(i.PWMGenDisable), (10 bytes).
    Removing pwm.o(i.PWMGenEnable), (10 bytes).
    Removing pwm.o(i.PWMGenFaultClear), (36 bytes).
    Removing pwm.o(i.PWMGenFaultConfigure), (20 bytes).
    Removing pwm.o(i.PWMGenFaultStatus), (38 bytes).
    Removing pwm.o(i.PWMGenFaultTriggerGet), (16 bytes).
    Removing pwm.o(i.PWMGenFaultTriggerSet), (16 bytes).
    Removing pwm.o(i.PWMGenIntClear), (6 bytes).
    Removing pwm.o(i.PWMGenIntRegister), (38 bytes).
    Removing pwm.o(i.PWMGenIntStatus), (16 bytes).
    Removing pwm.o(i.PWMGenIntTrigDisable), (14 bytes).
    Removing pwm.o(i.PWMGenIntTrigEnable), (14 bytes).
    Removing pwm.o(i.PWMGenIntUnregister), (30 bytes).
    Removing pwm.o(i.PWMGenPeriodGet), (24 bytes).
    Removing pwm.o(i.PWMGenPeriodSet), (22 bytes).
    Removing pwm.o(i.PWMIntDisable), (8 bytes).
    Removing pwm.o(i.PWMIntEnable), (8 bytes).
    Removing pwm.o(i.PWMIntStatus), (14 bytes).
    Removing pwm.o(i.PWMOutputFault), (20 bytes).
    Removing pwm.o(i.PWMOutputFaultLevel), (20 bytes).
    Removing pwm.o(i.PWMOutputInvert), (20 bytes).
    Removing pwm.o(i.PWMOutputState), (20 bytes).
    Removing pwm.o(i.PWMOutputUpdateMode), (82 bytes).
    Removing pwm.o(i.PWMPulseWidthGet), (40 bytes).
    Removing pwm.o(i.PWMPulseWidthSet), (38 bytes).
    Removing pwm.o(i.PWMSyncTimeBase), (4 bytes).
    Removing pwm.o(i.PWMSyncUpdate), (4 bytes).
    Removing pwm.o(i._PWMFaultIntNumberGet), (84 bytes).
    Removing pwm.o(i._PWMGenIntNumberGet), (272 bytes).
    Removing qei.o(i.QEIConfigure), (14 bytes).
    Removing qei.o(i.QEIDirectionGet), (20 bytes).
    Removing qei.o(i.QEIDisable), (10 bytes).
    Removing qei.o(i.QEIEnable), (10 bytes).
    Removing qei.o(i.QEIErrorGet), (10 bytes).
    Removing qei.o(i.QEIFilterConfigure), (12 bytes).
    Removing qei.o(i.QEIFilterDisable), (10 bytes).
    Removing qei.o(i.QEIFilterEnable), (10 bytes).
    Removing qei.o(i.QEIIntClear), (4 bytes).
    Removing qei.o(i.QEIIntDisable), (8 bytes).
    Removing qei.o(i.QEIIntEnable), (8 bytes).
    Removing qei.o(i.QEIIntRegister), (30 bytes).
    Removing qei.o(i.QEIIntStatus), (12 bytes).
    Removing qei.o(i.QEIIntUnregister), (26 bytes).
    Removing qei.o(i.QEIPositionGet), (6 bytes).
    Removing qei.o(i.QEIPositionSet), (4 bytes).
    Removing qei.o(i.QEIVelocityConfigure), (16 bytes).
    Removing qei.o(i.QEIVelocityDisable), (10 bytes).
    Removing qei.o(i.QEIVelocityEnable), (10 bytes).
    Removing qei.o(i.QEIVelocityGet), (6 bytes).
    Removing qei.o(i._QEIIntNumberGet), (84 bytes).
    Removing shamd5.o(i.SHAMD5ConfigSet), (4 bytes).
    Removing shamd5.o(i.SHAMD5DMADisable), (14 bytes).
    Removing shamd5.o(i.SHAMD5DMAEnable), (14 bytes).
    Removing shamd5.o(i.SHAMD5DataProcess), (70 bytes).
    Removing shamd5.o(i.SHAMD5DataWrite), (38 bytes).
    Removing shamd5.o(i.SHAMD5DataWriteNonBlocking), (42 bytes).
    Removing shamd5.o(i.SHAMD5HMACKeySet), (24 bytes).
    Removing shamd5.o(i.SHAMD5HMACPPKeyGenerate), (74 bytes).
    Removing shamd5.o(i.SHAMD5HMACPPKeySet), (28 bytes).
    Removing shamd5.o(i.SHAMD5HMACProcess), (70 bytes).
    Removing shamd5.o(i.SHAMD5HashLengthSet), (4 bytes).
    Removing shamd5.o(i.SHAMD5IntClear), (22 bytes).
    Removing shamd5.o(i.SHAMD5IntDisable), (60 bytes).
    Removing shamd5.o(i.SHAMD5IntEnable), (54 bytes).
    Removing shamd5.o(i.SHAMD5IntRegister), (22 bytes).
    Removing shamd5.o(i.SHAMD5IntStatus), (84 bytes).
    Removing shamd5.o(i.SHAMD5IntUnregister), (18 bytes).
    Removing shamd5.o(i.SHAMD5Reset), (40 bytes).
    Removing shamd5.o(i.SHAMD5ResultRead), (70 bytes).
    Removing shamd5.o(i._SHAMD5DataWriteMultiple), (80 bytes).
    Removing ssi.o(i.SSIAdvDataPutFrameEnd), (24 bytes).
    Removing ssi.o(i.SSIAdvDataPutFrameEndNonBlocking), (28 bytes).
    Removing ssi.o(i.SSIAdvFrameHoldDisable), (10 bytes).
    Removing ssi.o(i.SSIAdvFrameHoldEnable), (10 bytes).
    Removing ssi.o(i.SSIAdvModeSet), (12 bytes).
    Removing ssi.o(i.SSIClockSourceGet), (8 bytes).
    Removing ssi.o(i.SSIClockSourceSet), (6 bytes).
    Removing ssi.o(i.SSIDMADisable), (8 bytes).
    Removing ssi.o(i.SSIDMAEnable), (8 bytes).
    Removing ssi.o(i.SSIDataGet), (18 bytes).
    Removing ssi.o(i.SSIDataGetNonBlocking), (22 bytes).
    Removing ssi.o(i.SSIDataPutNonBlocking), (20 bytes).
    Removing ssi.o(i.SSIDisable), (10 bytes).
    Removing ssi.o(i.SSIIntClear), (4 bytes).
    Removing ssi.o(i.SSIIntDisable), (8 bytes).
    Removing ssi.o(i.SSIIntEnable), (8 bytes).
    Removing ssi.o(i.SSIIntRegister), (30 bytes).
    Removing ssi.o(i.SSIIntStatus), (12 bytes).
    Removing ssi.o(i.SSIIntUnregister), (26 bytes).
    Removing ssi.o(i.SSILoopbackDisable), (10 bytes).
    Removing ssi.o(i.SSILoopbackEnable), (10 bytes).
    Removing ssi.o(i._SSIIntNumberGet), (76 bytes).
    Removing ssi.o(.constdata), (64 bytes).
    Removing sw_crc.o(i.Crc16), (208 bytes).
    Removing sw_crc.o(i.Crc16Array), (18 bytes).
    Removing sw_crc.o(i.Crc16Array3), (156 bytes).
    Removing sw_crc.o(i.Crc32), (208 bytes).
    Removing sw_crc.o(i.Crc8CCITT), (140 bytes).
    Removing sw_crc.o(.constdata), (1792 bytes).
    Removing sysctl.o(i.SysCtlAltClkConfig), (12 bytes).
    Removing sysctl.o(i.SysCtlClockFreqSet), (708 bytes).
    Removing sysctl.o(i.SysCtlClockOutConfig), (16 bytes).
    Removing sysctl.o(i.SysCtlDeepSleep), (36 bytes).
    Removing sysctl.o(i.SysCtlDeepSleepClockConfigSet), (124 bytes).
    Removing sysctl.o(i.SysCtlDeepSleepClockSet), (12 bytes).
    Removing sysctl.o(i.SysCtlDeepSleepPowerSet), (12 bytes).
    Removing sysctl.o(i.SysCtlFlashSectorSizeGet), (52 bytes).
    Removing sysctl.o(i.SysCtlFlashSizeGet), (56 bytes).
    Removing sysctl.o(i.SysCtlGPIOAHBDisable), (24 bytes).
    Removing sysctl.o(i.SysCtlGPIOAHBEnable), (24 bytes).
    Removing sysctl.o(i.SysCtlIntClear), (12 bytes).
    Removing sysctl.o(i.SysCtlIntDisable), (16 bytes).
    Removing sysctl.o(i.SysCtlIntEnable), (16 bytes).
    Removing sysctl.o(i.SysCtlIntRegister), (20 bytes).
    Removing sysctl.o(i.SysCtlIntStatus), (20 bytes).
    Removing sysctl.o(i.SysCtlIntUnregister), (16 bytes).
    Removing sysctl.o(i.SysCtlLDODeepSleepGet), (12 bytes).
    Removing sysctl.o(i.SysCtlLDODeepSleepSet), (12 bytes).
    Removing sysctl.o(i.SysCtlLDOSleepGet), (12 bytes).
    Removing sysctl.o(i.SysCtlLDOSleepSet), (12 bytes).
    Removing sysctl.o(i.SysCtlMOSCConfigSet), (12 bytes).
    Removing sysctl.o(i.SysCtlNMIClear), (16 bytes).
    Removing sysctl.o(i.SysCtlNMIStatus), (12 bytes).
    Removing sysctl.o(i.SysCtlPIOSCCalibrate), (92 bytes).
    Removing sysctl.o(i.SysCtlPWMClockGet), (28 bytes).
    Removing sysctl.o(i.SysCtlPWMClockSet), (20 bytes).
    Removing sysctl.o(i.SysCtlPeripheralClockGating), (96 bytes).
    Removing sysctl.o(i.SysCtlPeripheralDeepSleepDisable), (52 bytes).
    Removing sysctl.o(i.SysCtlPeripheralDeepSleepEnable), (52 bytes).
    Removing sysctl.o(i.SysCtlPeripheralDisable), (52 bytes).
    Removing sysctl.o(i.SysCtlPeripheralPowerOff), (52 bytes).
    Removing sysctl.o(i.SysCtlPeripheralPowerOn), (52 bytes).
    Removing sysctl.o(i.SysCtlPeripheralPresent), (56 bytes).
    Removing sysctl.o(i.SysCtlPeripheralReady), (56 bytes).
    Removing sysctl.o(i.SysCtlPeripheralSleepDisable), (52 bytes).
    Removing sysctl.o(i.SysCtlPeripheralSleepEnable), (52 bytes).
    Removing sysctl.o(i.SysCtlReset), (20 bytes).
    Removing sysctl.o(i.SysCtlResetBehaviorGet), (12 bytes).
    Removing sysctl.o(i.SysCtlResetBehaviorSet), (12 bytes).
    Removing sysctl.o(i.SysCtlResetCauseClear), (16 bytes).
    Removing sysctl.o(i.SysCtlResetCauseGet), (12 bytes).
    Removing sysctl.o(i.SysCtlSRAMSizeGet), (16 bytes).
    Removing sysctl.o(i.SysCtlSleep), (8 bytes).
    Removing sysctl.o(i.SysCtlSleepPowerSet), (12 bytes).
    Removing sysctl.o(i.SysCtlUSBPLLDisable), (20 bytes).
    Removing sysctl.o(i.SysCtlUSBPLLEnable), (20 bytes).
    Removing sysctl.o(i.SysCtlVCOGet), (148 bytes).
    Removing sysctl.o(i.SysCtlVoltageEventClear), (16 bytes).
    Removing sysctl.o(i.SysCtlVoltageEventConfig), (12 bytes).
    Removing sysctl.o(i.SysCtlVoltageEventStatus), (12 bytes).
    Removing sysctl.o(i._SysCtlFrequencyGet), (100 bytes).
    Removing sysctl.o(i._SysCtlMemTimingGet), (40 bytes).
    Removing sysexc.o(i.SysExcIntClear), (12 bytes).
    Removing sysexc.o(i.SysExcIntDisable), (16 bytes).
    Removing sysexc.o(i.SysExcIntEnable), (16 bytes).
    Removing sysexc.o(i.SysExcIntRegister), (26 bytes).
    Removing sysexc.o(i.SysExcIntStatus), (20 bytes).
    Removing sysexc.o(i.SysExcIntUnregister), (22 bytes).
    Removing sysexc.o(i._SysExcIntNumberGet), (56 bytes).
    Removing systick.o(i.SysTickDisable), (18 bytes).
    Removing systick.o(i.SysTickEnable), (18 bytes).
    Removing systick.o(i.SysTickIntDisable), (18 bytes).
    Removing systick.o(i.SysTickIntEnable), (18 bytes).
    Removing systick.o(i.SysTickIntRegister), (30 bytes).
    Removing systick.o(i.SysTickIntUnregister), (26 bytes).
    Removing systick.o(i.SysTickPeriodGet), (10 bytes).
    Removing systick.o(i.SysTickPeriodSet), (10 bytes).
    Removing systick.o(i.SysTickValueGet), (8 bytes).
    Removing timer.o(i.TimerADCEventGet), (6 bytes).
    Removing timer.o(i.TimerADCEventSet), (4 bytes).
    Removing timer.o(i.TimerClockSourceGet), (8 bytes).
    Removing timer.o(i.TimerClockSourceSet), (6 bytes).
    Removing timer.o(i.TimerConfigure), (96 bytes).
    Removing timer.o(i.TimerControlEvent), (22 bytes).
    Removing timer.o(i.TimerControlLevel), (22 bytes).
    Removing timer.o(i.TimerControlStall), (22 bytes).
    Removing timer.o(i.TimerControlTrigger), (72 bytes).
    Removing timer.o(i.TimerControlWaitOnTrigger), (52 bytes).
    Removing timer.o(i.TimerDMAEventGet), (6 bytes).
    Removing timer.o(i.TimerDMAEventSet), (4 bytes).
    Removing timer.o(i.TimerDisable), (14 bytes).
    Removing timer.o(i.TimerEnable), (14 bytes).
    Removing timer.o(i.TimerIntClear), (4 bytes).
    Removing timer.o(i.TimerIntDisable), (8 bytes).
    Removing timer.o(i.TimerIntEnable), (8 bytes).
    Removing timer.o(i.TimerIntRegister), (38 bytes).
    Removing timer.o(i.TimerIntStatus), (12 bytes).
    Removing timer.o(i.TimerIntUnregister), (30 bytes).
    Removing timer.o(i.TimerLoadGet), (14 bytes).
    Removing timer.o(i.TimerLoadGet64), (26 bytes).
    Removing timer.o(i.TimerLoadSet), (16 bytes).
    Removing timer.o(i.TimerLoadSet64), (6 bytes).
    Removing timer.o(i.TimerMatchGet), (14 bytes).
    Removing timer.o(i.TimerMatchGet64), (26 bytes).
    Removing timer.o(i.TimerMatchSet), (16 bytes).
    Removing timer.o(i.TimerMatchSet64), (6 bytes).
    Removing timer.o(i.TimerPrescaleGet), (14 bytes).
    Removing timer.o(i.TimerPrescaleMatchGet), (14 bytes).
    Removing timer.o(i.TimerPrescaleMatchSet), (16 bytes).
    Removing timer.o(i.TimerPrescaleSet), (16 bytes).
    Removing timer.o(i.TimerRTCDisable), (10 bytes).
    Removing timer.o(i.TimerRTCEnable), (10 bytes).
    Removing timer.o(i.TimerSynchronize), (4 bytes).
    Removing timer.o(i.TimerUpdateMode), (42 bytes).
    Removing timer.o(i.TimerValueGet), (14 bytes).
    Removing timer.o(i.TimerValueGet64), (26 bytes).
    Removing timer.o(i._TimerIntNumberGet), (88 bytes).
    Removing timer.o(.constdata), (160 bytes).
    Removing uart.o(i.UART9BitAddrSend), (44 bytes).
    Removing uart.o(i.UART9BitAddrSet), (10 bytes).
    Removing uart.o(i.UART9BitDisable), (14 bytes).
    Removing uart.o(i.UART9BitEnable), (14 bytes).
    Removing uart.o(i.UARTBreakCtl), (20 bytes).
    Removing uart.o(i.UARTBusy), (10 bytes).
    Removing uart.o(i.UARTCharGet), (18 bytes).
    Removing uart.o(i.UARTCharGetNonBlocking), (20 bytes).
    Removing uart.o(i.UARTCharPut), (16 bytes).
    Removing uart.o(i.UARTCharPutNonBlocking), (20 bytes).
    Removing uart.o(i.UARTCharsAvail), (12 bytes).
    Removing uart.o(i.UARTClockSourceGet), (8 bytes).
    Removing uart.o(i.UARTClockSourceSet), (6 bytes).
    Removing uart.o(i.UARTConfigGetExpClk), (44 bytes).
    Removing uart.o(i.UARTConfigSetExpClk), (76 bytes).
    Removing uart.o(i.UARTDMADisable), (8 bytes).
    Removing uart.o(i.UARTDMAEnable), (8 bytes).
    Removing uart.o(i.UARTDisable), (32 bytes).
    Removing uart.o(i.UARTDisableSIR), (10 bytes).
    Removing uart.o(i.UARTEnable), (20 bytes).
    Removing uart.o(i.UARTEnableSIR), (22 bytes).
    Removing uart.o(i.UARTFIFODisable), (10 bytes).
    Removing uart.o(i.UARTFIFOEnable), (10 bytes).
    Removing uart.o(i.UARTFIFOLevelGet), (18 bytes).
    Removing uart.o(i.UARTFIFOLevelSet), (8 bytes).
    Removing uart.o(i.UARTFlowControlGet), (10 bytes).
    Removing uart.o(i.UARTFlowControlSet), (12 bytes).
    Removing uart.o(i.UARTIntClear), (4 bytes).
    Removing uart.o(i.UARTIntDisable), (8 bytes).
    Removing uart.o(i.UARTIntEnable), (8 bytes).
    Removing uart.o(i.UARTIntRegister), (30 bytes).
    Removing uart.o(i.UARTIntStatus), (12 bytes).
    Removing uart.o(i.UARTIntUnregister), (26 bytes).
    Removing uart.o(i.UARTLoopbackEnable), (10 bytes).
    Removing uart.o(i.UARTModemControlClear), (12 bytes).
    Removing uart.o(i.UARTModemControlGet), (10 bytes).
    Removing uart.o(i.UARTModemControlSet), (12 bytes).
    Removing uart.o(i.UARTModemStatusGet), (12 bytes).
    Removing uart.o(i.UARTParityModeGet), (10 bytes).
    Removing uart.o(i.UARTParityModeSet), (12 bytes).
    Removing uart.o(i.UARTRxErrorClear), (6 bytes).
    Removing uart.o(i.UARTRxErrorGet), (10 bytes).
    Removing uart.o(i.UARTSmartCardDisable), (10 bytes).
    Removing uart.o(i.UARTSmartCardEnable), (22 bytes).
    Removing uart.o(i.UARTSpaceAvail), (12 bytes).
    Removing uart.o(i.UARTTxIntModeGet), (10 bytes).
    Removing uart.o(i.UARTTxIntModeSet), (12 bytes).
    Removing uart.o(i._UARTIntNumberGet), (76 bytes).
    Removing uart.o(.constdata), (128 bytes).
    Removing udma.o(i.uDMAChannelAssign), (40 bytes).
    Removing udma.o(i.uDMAChannelAttributeDisable), (68 bytes).
    Removing udma.o(i.uDMAChannelAttributeEnable), (68 bytes).
    Removing udma.o(i.uDMAChannelAttributeGet), (80 bytes).
    Removing udma.o(i.uDMAChannelControlSet), (40 bytes).
    Removing udma.o(i.uDMAChannelDisable), (20 bytes).
    Removing udma.o(i.uDMAChannelEnable), (20 bytes).
    Removing udma.o(i.uDMAChannelIsEnabled), (32 bytes).
    Removing udma.o(i.uDMAChannelModeGet), (48 bytes).
    Removing udma.o(i.uDMAChannelRequest), (20 bytes).
    Removing udma.o(i.uDMAChannelScatterGatherSet), (92 bytes).
    Removing udma.o(i.uDMAChannelSelectDefault), (16 bytes).
    Removing udma.o(i.uDMAChannelSelectSecondary), (16 bytes).
    Removing udma.o(i.uDMAChannelSizeGet), (44 bytes).
    Removing udma.o(i.uDMAChannelTransferSet), (176 bytes).
    Removing udma.o(i.uDMAControlAlternateBaseGet), (12 bytes).
    Removing udma.o(i.uDMAControlBaseGet), (12 bytes).
    Removing udma.o(i.uDMAControlBaseSet), (12 bytes).
    Removing udma.o(i.uDMADisable), (12 bytes).
    Removing udma.o(i.uDMAEnable), (12 bytes).
    Removing udma.o(i.uDMAErrorStatusClear), (12 bytes).
    Removing udma.o(i.uDMAErrorStatusGet), (12 bytes).
    Removing udma.o(i.uDMAIntClear), (12 bytes).
    Removing udma.o(i.uDMAIntRegister), (22 bytes).
    Removing udma.o(i.uDMAIntStatus), (12 bytes).
    Removing udma.o(i.uDMAIntUnregister), (18 bytes).
    Removing usb.o(i.USBClockDisable), (8 bytes).
    Removing usb.o(i.USBClockEnable), (10 bytes).
    Removing usb.o(i.USBControllerVersion), (12 bytes).
    Removing usb.o(i.USBDMAChannelAddressGet), (12 bytes).
    Removing usb.o(i.USBDMAChannelAddressSet), (12 bytes).
    Removing usb.o(i.USBDMAChannelConfigSet), (26 bytes).
    Removing usb.o(i.USBDMAChannelCountGet), (12 bytes).
    Removing usb.o(i.USBDMAChannelCountSet), (12 bytes).
    Removing usb.o(i.USBDMAChannelDisable), (24 bytes).
    Removing usb.o(i.USBDMAChannelEnable), (24 bytes).
    Removing usb.o(i.USBDMAChannelIntDisable), (24 bytes).
    Removing usb.o(i.USBDMAChannelIntEnable), (24 bytes).
    Removing usb.o(i.USBDMAChannelIntStatus), (8 bytes).
    Removing usb.o(i.USBDMAChannelStatus), (16 bytes).
    Removing usb.o(i.USBDMAChannelStatusClear), (26 bytes).
    Removing usb.o(i.USBDMANumChannels), (10 bytes).
    Removing usb.o(i.USBDevAddrGet), (6 bytes).
    Removing usb.o(i.USBDevAddrSet), (4 bytes).
    Removing usb.o(i.USBDevConnect), (10 bytes).
    Removing usb.o(i.USBDevDisconnect), (10 bytes).
    Removing usb.o(i.USBDevEndpointConfigGet), (200 bytes).
    Removing usb.o(i.USBDevEndpointConfigSet), (174 bytes).
    Removing usb.o(i.USBDevEndpointDataAck), (44 bytes).
    Removing usb.o(i.USBDevEndpointStall), (68 bytes).
    Removing usb.o(i.USBDevEndpointStallClear), (92 bytes).
    Removing usb.o(i.USBDevEndpointStatusClear), (112 bytes).
    Removing usb.o(i.USBDevLPMConfig), (6 bytes).
    Removing usb.o(i.USBDevLPMDisable), (14 bytes).
    Removing usb.o(i.USBDevLPMEnable), (14 bytes).
    Removing usb.o(i.USBDevLPMRemoteWake), (14 bytes).
    Removing usb.o(i.USBDevMode), (8 bytes).
    Removing usb.o(i.USBDevSpeedGet), (18 bytes).
    Removing usb.o(i.USBEndpointDMAChannel), (34 bytes).
    Removing usb.o(i.USBEndpointDMAConfigSet), (112 bytes).
    Removing usb.o(i.USBEndpointDMADisable), (60 bytes).
    Removing usb.o(i.USBEndpointDMAEnable), (60 bytes).
    Removing usb.o(i.USBEndpointDataAvail), (34 bytes).
    Removing usb.o(i.USBEndpointDataGet), (82 bytes).
    Removing usb.o(i.USBEndpointDataPut), (54 bytes).
    Removing usb.o(i.USBEndpointDataSend), (58 bytes).
    Removing usb.o(i.USBEndpointDataToggleClear), (52 bytes).
    Removing usb.o(i.USBEndpointPacketCountSet), (18 bytes).
    Removing usb.o(i.USBEndpointStatus), (28 bytes).
    Removing usb.o(i.USBFIFOAddrGet), (12 bytes).
    Removing usb.o(i.USBFIFOConfigGet), (88 bytes).
    Removing usb.o(i.USBFIFOConfigSet), (92 bytes).
    Removing usb.o(i.USBFIFOFlush), (96 bytes).
    Removing usb.o(i.USBFrameNumberGet), (6 bytes).
    Removing usb.o(i.USBHighSpeed), (22 bytes).
    Removing usb.o(i.USBHostAddrGet), (32 bytes).
    Removing usb.o(i.USBHostAddrSet), (32 bytes).
    Removing usb.o(i.USBHostEndpointConfig), (298 bytes).
    Removing usb.o(i.USBHostEndpointDataAck), (40 bytes).
    Removing usb.o(i.USBHostEndpointDataToggle), (114 bytes).
    Removing usb.o(i.USBHostEndpointPing), (44 bytes).
    Removing usb.o(i.USBHostEndpointSpeed), (124 bytes).
    Removing usb.o(i.USBHostEndpointStatusClear), (56 bytes).
    Removing usb.o(i.USBHostHubAddrGet), (32 bytes).
    Removing usb.o(i.USBHostHubAddrSet), (68 bytes).
    Removing usb.o(i.USBHostLPMConfig), (22 bytes).
    Removing usb.o(i.USBHostLPMResume), (14 bytes).
    Removing usb.o(i.USBHostLPMSend), (36 bytes).
    Removing usb.o(i.USBHostMode), (8 bytes).
    Removing usb.o(i.USBHostPwrConfig), (24 bytes).
    Removing usb.o(i.USBHostPwrDisable), (14 bytes).
    Removing usb.o(i.USBHostPwrEnable), (14 bytes).
    Removing usb.o(i.USBHostPwrFaultDisable), (14 bytes).
    Removing usb.o(i.USBHostPwrFaultEnable), (14 bytes).
    Removing usb.o(i.USBHostRequestIN), (20 bytes).
    Removing usb.o(i.USBHostRequestINClear), (24 bytes).
    Removing usb.o(i.USBHostRequestStatus), (8 bytes).
    Removing usb.o(i.USBHostReset), (22 bytes).
    Removing usb.o(i.USBHostResume), (22 bytes).
    Removing usb.o(i.USBHostSpeedGet), (48 bytes).
    Removing usb.o(i.USBHostSuspend), (10 bytes).
    Removing usb.o(i.USBIntDisableControl), (40 bytes).
    Removing usb.o(i.USBIntDisableEndpoint), (20 bytes).
    Removing usb.o(i.USBIntEnableControl), (40 bytes).
    Removing usb.o(i.USBIntEnableEndpoint), (22 bytes).
    Removing usb.o(i.USBIntRegister), (30 bytes).
    Removing usb.o(i.USBIntStatusControl), (64 bytes).
    Removing usb.o(i.USBIntStatusEndpoint), (12 bytes).
    Removing usb.o(i.USBIntUnregister), (26 bytes).
    Removing usb.o(i.USBLPMEndpointGet), (12 bytes).
    Removing usb.o(i.USBLPMIntDisable), (12 bytes).
    Removing usb.o(i.USBLPMIntEnable), (12 bytes).
    Removing usb.o(i.USBLPMIntStatus), (8 bytes).
    Removing usb.o(i.USBLPMLinkStateGet), (12 bytes).
    Removing usb.o(i.USBLPMRemoteWakeEnabled), (20 bytes).
    Removing usb.o(i.USBModeConfig), (6 bytes).
    Removing usb.o(i.USBModeGet), (12 bytes).
    Removing usb.o(i.USBNumEndpointsGet), (12 bytes).
    Removing usb.o(i.USBOTGMode), (8 bytes).
    Removing usb.o(i.USBOTGSessionRequest), (30 bytes).
    Removing usb.o(i.USBPHYPowerOff), (10 bytes).
    Removing usb.o(i.USBPHYPowerOn), (10 bytes).
    Removing usb.o(i.USBULPIConfig), (6 bytes).
    Removing usb.o(i.USBULPIDisable), (14 bytes).
    Removing usb.o(i.USBULPIEnable), (14 bytes).
    Removing usb.o(i.USBULPIRegRead), (38 bytes).
    Removing usb.o(i.USBULPIRegWrite), (34 bytes).
    Removing usb.o(i._USBIndexRead), (22 bytes).
    Removing usb.o(i._USBIndexWrite), (22 bytes).
    Removing usb.o(i._USBIntNumberGet), (60 bytes).
    Removing watchdog.o(i.WatchdogEnable), (10 bytes).
    Removing watchdog.o(i.WatchdogIntClear), (6 bytes).
    Removing watchdog.o(i.WatchdogIntEnable), (10 bytes).
    Removing watchdog.o(i.WatchdogIntRegister), (22 bytes).
    Removing watchdog.o(i.WatchdogIntStatus), (12 bytes).
    Removing watchdog.o(i.WatchdogIntTypeSet), (12 bytes).
    Removing watchdog.o(i.WatchdogIntUnregister), (18 bytes).
    Removing watchdog.o(i.WatchdogLock), (8 bytes).
    Removing watchdog.o(i.WatchdogLockState), (16 bytes).
    Removing watchdog.o(i.WatchdogReloadGet), (6 bytes).
    Removing watchdog.o(i.WatchdogReloadSet), (4 bytes).
    Removing watchdog.o(i.WatchdogResetDisable), (10 bytes).
    Removing watchdog.o(i.WatchdogResetEnable), (10 bytes).
    Removing watchdog.o(i.WatchdogRunning), (10 bytes).
    Removing watchdog.o(i.WatchdogStallDisable), (14 bytes).
    Removing watchdog.o(i.WatchdogStallEnable), (14 bytes).
    Removing watchdog.o(i.WatchdogUnlock), (12 bytes).
    Removing watchdog.o(i.WatchdogValueGet), (6 bytes).
    Removing uartstdio.o(i.UARTStdioConfig), (108 bytes).
    Removing uartstdio.o(i.UARTgetc), (24 bytes).
    Removing uartstdio.o(i.UARTgets), (156 bytes).
    Removing uartstdio.o(i.UARTprintf), (26 bytes).
    Removing uartstdio.o(i.UARTvprintf), (592 bytes).
    Removing uartstdio.o(i.UARTwrite), (72 bytes).
    Removing uartstdio.o(.constdata), (28 bytes).
    Removing uartstdio.o(.conststring), (17 bytes).
    Removing uartstdio.o(.data), (5 bytes).
    Removing uc1701.o(i.UC1701AllPixelOnDisable), (10 bytes).
    Removing uc1701.o(i.UC1701AllPixelOnEnable), (10 bytes).
    Removing uc1701.o(i.UC1701BRSet), (14 bytes).
    Removing uc1701.o(i.UC1701ChineseDispaly), (136 bytes).
    Removing uc1701.o(i.UC1701ComDirSet), (14 bytes).
    Removing uc1701.o(i.UC1701DisplayN), (100 bytes).
    Removing uc1701.o(i.UC1701DisplayOff), (10 bytes).
    Removing uc1701.o(i.UC1701DisplayOn), (10 bytes).
    Removing uc1701.o(i.UC1701DoubleCmdWrite), (100 bytes).
    Removing uc1701.o(i.UC1701InverseDisable), (12 bytes).
    Removing uc1701.o(i.UC1701InverseDispaly), (132 bytes).
    Removing uc1701.o(i.UC1701InverseEnable), (12 bytes).
    Removing uc1701.o(i.UC1701PMSet), (14 bytes).
    Removing uc1701.o(i.UC1701ScrollLineSet), (18 bytes).
    Removing uc1701.o(i.UC1701SegDirSet), (14 bytes).
    Removing pcf8575.o(i.Delay5us), (28 bytes).
    Removing pcf8575.o(i.I2C_Init), (52 bytes).
    Removing pcf8575.o(i.I2C_RecvACK), (76 bytes).
    Removing pcf8575.o(i.I2C_SendACK), (64 bytes).
    Removing pcf8575.o(i.I2C_SendByte), (84 bytes).
    Removing pcf8575.o(i.I2C_Start), (56 bytes).
    Removing pcf8575.o(i.I2C_Stop), (48 bytes).
    Removing pcf8575.o(i.IO_OUTPUT_SET), (32 bytes).
    Removing startup_rvmdk.o(HEAP), (0 bytes).
    Removing startup_rvmdk.o(.text), (0 bytes).
    Removing dadd.o(.text), (334 bytes).
    Removing dfixul.o(.text), (48 bytes).
    Removing cdcmple.o(.text), (48 bytes).
    Removing cdrcmple.o(.text), (48 bytes).

964 unused section(s) (total 35546 bytes) removed from the image.

==============================================================================

Image Symbol Table

    Local Symbols

    Symbol Name                              Value     Ov Type        Size  Object(Section)

    RESET                                    0x00000000   Section      644  startup_rvmdk.o(RESET)
    ../clib/../cmprslib/zerorunl2.c          0x00000000   Number         0  __dczerorl2.o ABSOLUTE
    ../clib/microlib/division.c              0x00000000   Number         0  uidiv.o ABSOLUTE
    ../clib/microlib/division.c              0x00000000   Number         0  uldiv.o ABSOLUTE
    ../clib/microlib/errno.c                 0x00000000   Number         0  errno.o ABSOLUTE
    ../clib/microlib/init/entry.s            0x00000000   Number         0  entry5.o ABSOLUTE
    ../clib/microlib/init/entry.s            0x00000000   Number         0  entry2.o ABSOLUTE
    ../clib/microlib/init/entry.s            0x00000000   Number         0  entry9a.o ABSOLUTE
    ../clib/microlib/init/entry.s            0x00000000   Number         0  entry7a.o ABSOLUTE
    ../clib/microlib/init/entry.s            0x00000000   Number         0  entry.o ABSOLUTE
    ../clib/microlib/init/entry.s            0x00000000   Number         0  entry7b.o ABSOLUTE
    ../clib/microlib/init/entry.s            0x00000000   Number         0  entry8a.o ABSOLUTE
    ../clib/microlib/init/entry.s            0x00000000   Number         0  entry8b.o ABSOLUTE
    ../clib/microlib/init/entry.s            0x00000000   Number         0  entry9b.o ABSOLUTE
    ../clib/microlib/init/entry.s            0x00000000   Number         0  entry12a.o ABSOLUTE
    ../clib/microlib/init/entry.s            0x00000000   Number         0  entry10a.o ABSOLUTE
    ../clib/microlib/init/entry.s            0x00000000   Number         0  entry11b.o ABSOLUTE
    ../clib/microlib/init/entry.s            0x00000000   Number         0  entry12b.o ABSOLUTE
    ../clib/microlib/init/entry.s            0x00000000   Number         0  entry10b.o ABSOLUTE
    ../clib/microlib/init/entry.s            0x00000000   Number         0  entry11a.o ABSOLUTE
    ../clib/microlib/longlong.c              0x00000000   Number         0  llsshr.o ABSOLUTE
    ../clib/microlib/longlong.c              0x00000000   Number         0  llshl.o ABSOLUTE
    ../clib/microlib/longlong.c              0x00000000   Number         0  llushr.o ABSOLUTE
    ../clib/microlib/printf/printf.c         0x00000000   Number         0  printf1.o ABSOLUTE
    ../clib/microlib/printf/printf.c         0x00000000   Number         0  printf0.o ABSOLUTE
    ../clib/microlib/printf/printf.c         0x00000000   Number         0  printf5.o ABSOLUTE
    ../clib/microlib/printf/printf.c         0x00000000   Number         0  printfb.o ABSOLUTE
    ../clib/microlib/printf/printf.c         0x00000000   Number         0  printf6.o ABSOLUTE
    ../clib/microlib/printf/printf.c         0x00000000   Number         0  printf7.o ABSOLUTE
    ../clib/microlib/printf/printf.c         0x00000000   Number         0  printf8.o ABSOLUTE
    ../clib/microlib/printf/printf.c         0x00000000   Number         0  printf4.o ABSOLUTE
    ../clib/microlib/printf/printf.c         0x00000000   Number         0  printf3.o ABSOLUTE
    ../clib/microlib/printf/printf.c         0x00000000   Number         0  printfa.o ABSOLUTE
    ../clib/microlib/printf/printf.c         0x00000000   Number         0  printf2.o ABSOLUTE
    ../clib/microlib/printf/stubs.s          0x00000000   Number         0  stubs.o ABSOLUTE
    ../clib/microlib/stdio/fputc.c           0x00000000   Number         0  fputc.o ABSOLUTE
    ../clib/microlib/stdio/semi.s            0x00000000   Number         0  semi.o ABSOLUTE
    ../clib/microlib/stdio/streams.c         0x00000000   Number         0  stdout.o ABSOLUTE
    ../clib/microlib/stubs.s                 0x00000000   Number         0  iusefp.o ABSOLUTE
    ../clib/microlib/stubs.s                 0x00000000   Number         0  iusesemip.o ABSOLUTE
    ../fplib/microlib/f2d.c                  0x00000000   Number         0  f2d.o ABSOLUTE
    ../fplib/microlib/fpadd.c                0x00000000   Number         0  dadd.o ABSOLUTE
    ../fplib/microlib/fpdiv.c                0x00000000   Number         0  ddiv.o ABSOLUTE
    ../fplib/microlib/fpepilogue.c           0x00000000   Number         0  depilogue.o ABSOLUTE
    ../fplib/microlib/fpfix.c                0x00000000   Number         0  dfixul.o ABSOLUTE
    ../fplib/microlib/fpfix.c                0x00000000   Number         0  dfixui.o ABSOLUTE
    ../fplib/microlib/fpflt.c                0x00000000   Number         0  dfltui.o ABSOLUTE
    ../fplib/microlib/fpmul.c                0x00000000   Number         0  dmul.o ABSOLUTE
    ../fplib/microlib/fpsqrt.c               0x00000000   Number         0  dsqrt.o ABSOLUTE
    ../mathlib/sqrt.c                        0x00000000   Number         0  sqrt.o ABSOLUTE
    ../mathlib/sqrt.c                        0x00000000   Number         0  sqrt_x.o ABSOLUTE
    ..\CORE\startup_rvmdk.S                  0x00000000   Number         0  startup_rvmdk.o ABSOLUTE
    ..\LIB\driverlib\adc.c                   0x00000000   Number         0  adc.o ABSOLUTE
    ..\LIB\driverlib\aes.c                   0x00000000   Number         0  aes.o ABSOLUTE
    ..\LIB\driverlib\can.c                   0x00000000   Number         0  can.o ABSOLUTE
    ..\LIB\driverlib\comp.c                  0x00000000   Number         0  comp.o ABSOLUTE
    ..\LIB\driverlib\cpu.c                   0x00000000   Number         0  cpu.o ABSOLUTE
    ..\LIB\driverlib\crc.c                   0x00000000   Number         0  crc.o ABSOLUTE
    ..\LIB\driverlib\des.c                   0x00000000   Number         0  des.o ABSOLUTE
    ..\LIB\driverlib\eeprom.c                0x00000000   Number         0  eeprom.o ABSOLUTE
    ..\LIB\driverlib\emac.c                  0x00000000   Number         0  emac.o ABSOLUTE
    ..\LIB\driverlib\epi.c                   0x00000000   Number         0  epi.o ABSOLUTE
    ..\LIB\driverlib\flash.c                 0x00000000   Number         0  flash.o ABSOLUTE
    ..\LIB\driverlib\fpu.c                   0x00000000   Number         0  fpu.o ABSOLUTE
    ..\LIB\driverlib\gpio.c                  0x00000000   Number         0  gpio.o ABSOLUTE
    ..\LIB\driverlib\hibernate.c             0x00000000   Number         0  hibernate.o ABSOLUTE
    ..\LIB\driverlib\i2c.c                   0x00000000   Number         0  i2c.o ABSOLUTE
    ..\LIB\driverlib\interrupt.c             0x00000000   Number         0  interrupt.o ABSOLUTE
    ..\LIB\driverlib\lcd.c                   0x00000000   Number         0  lcd.o ABSOLUTE
    ..\LIB\driverlib\mpu.c                   0x00000000   Number         0  mpu.o ABSOLUTE
    ..\LIB\driverlib\onewire.c               0x00000000   Number         0  onewire.o ABSOLUTE
    ..\LIB\driverlib\pwm.c                   0x00000000   Number         0  pwm.o ABSOLUTE
    ..\LIB\driverlib\qei.c                   0x00000000   Number         0  qei.o ABSOLUTE
    ..\LIB\driverlib\shamd5.c                0x00000000   Number         0  shamd5.o ABSOLUTE
    ..\LIB\driverlib\ssi.c                   0x00000000   Number         0  ssi.o ABSOLUTE
    ..\LIB\driverlib\sw_crc.c                0x00000000   Number         0  sw_crc.o ABSOLUTE
    ..\LIB\driverlib\sysctl.c                0x00000000   Number         0  sysctl.o ABSOLUTE
    ..\LIB\driverlib\sysexc.c                0x00000000   Number         0  sysexc.o ABSOLUTE
    ..\LIB\driverlib\systick.c               0x00000000   Number         0  systick.o ABSOLUTE
    ..\LIB\driverlib\timer.c                 0x00000000   Number         0  timer.o ABSOLUTE
    ..\LIB\driverlib\uart.c                  0x00000000   Number         0  uart.o ABSOLUTE
    ..\LIB\driverlib\uartstdio.c             0x00000000   Number         0  uartstdio.o ABSOLUTE
    ..\LIB\driverlib\udma.c                  0x00000000   Number         0  udma.o ABSOLUTE
    ..\LIB\driverlib\usb.c                   0x00000000   Number         0  usb.o ABSOLUTE
    ..\LIB\driverlib\watchdog.c              0x00000000   Number         0  watchdog.o ABSOLUTE
    ..\LIB\iIC\pcf8575.c                     0x00000000   Number         0  pcf8575.o ABSOLUTE
    ..\LIB\screen\uc1701.c                   0x00000000   Number         0  uc1701.o ABSOLUTE
    ..\USER\AD5933.c                         0x00000000   Number         0  ad5933.o ABSOLUTE
    ..\USER\iic.c                            0x00000000   Number         0  iic.o ABSOLUTE
    ..\USER\lxy_uart.c                       0x00000000   Number         0  lxy_uart.o ABSOLUTE
    ..\USER\main.c                           0x00000000   Number         0  main.o ABSOLUTE
    ..\\LIB\\driverlib\\cpu.c                0x00000000   Number         0  cpu.o ABSOLUTE
    ..\\LIB\\driverlib\\sysctl.c             0x00000000   Number         0  sysctl.o ABSOLUTE
    cdcmple.s                                0x00000000   Number         0  cdcmple.o ABSOLUTE
    cdrcmple.s                               0x00000000   Number         0  cdrcmple.o ABSOLUTE
    dc.s                                     0x00000000   Number         0  dc.o ABSOLUTE
    handlers.s                               0x00000000   Number         0  handlers.o ABSOLUTE
    init.s                                   0x00000000   Number         0  init.o ABSOLUTE
    $v0                                      0x00000268   Number         0  startup_rvmdk.o(RESET)
    NmiSR                                    0x0000027d   Thumb Code     0  startup_rvmdk.o(RESET)
    FaultISR                                 0x0000027f   Thumb Code     0  startup_rvmdk.o(RESET)
    IntDefaultHandler                        0x00000281   Thumb Code     0  startup_rvmdk.o(RESET)
    .ARM.Collect$$$$00000000                 0x00000284   Section        0  entry.o(.ARM.Collect$$$$00000000)
    .ARM.Collect$$$$00000001                 0x00000284   Section        4  entry2.o(.ARM.Collect$$$$00000001)
    .ARM.Collect$$$$00000004                 0x00000288   Section        4  entry5.o(.ARM.Collect$$$$00000004)
    .ARM.Collect$$$$00000008                 0x0000028c   Section        0  entry7b.o(.ARM.Collect$$$$00000008)
    .ARM.Collect$$$$0000000A                 0x0000028c   Section        0  entry8b.o(.ARM.Collect$$$$0000000A)
    .ARM.Collect$$$$0000000B                 0x0000028c   Section        8  entry9a.o(.ARM.Collect$$$$0000000B)
    .ARM.Collect$$$$0000000E                 0x00000294   Section        4  entry12b.o(.ARM.Collect$$$$0000000E)
    .ARM.Collect$$$$0000000F                 0x00000298   Section        0  entry10a.o(.ARM.Collect$$$$0000000F)
    .ARM.Collect$$$$00000011                 0x00000298   Section        0  entry11a.o(.ARM.Collect$$$$00000011)
    .ARM.Collect$$$$00002712                 0x00000298   Section        4  entry2.o(.ARM.Collect$$$$00002712)
    __lit__00000000                          0x00000298   Data           4  entry2.o(.ARM.Collect$$$$00002712)
    .emb_text                                0x0000029c   Section        6  sysctl.o(.emb_text)
    $v0                                      0x0000029c   Number         0  sysctl.o(.emb_text)
    .text                                    0x000002a2   Section        0  dmul.o(.text)
    .text                                    0x00000386   Section        0  ddiv.o(.text)
    .text                                    0x00000464   Section        0  dfltui.o(.text)
    .text                                    0x0000047e   Section        0  dfixui.o(.text)
    .text                                    0x000004b0   Section        0  f2d.o(.text)
    .text                                    0x000004d6   Section        0  uidiv.o(.text)
    .text                                    0x00000502   Section        0  llushr.o(.text)
    .text                                    0x00000522   Section        0  iusefp.o(.text)
    .text                                    0x00000522   Section        0  depilogue.o(.text)
    .text                                    0x000005dc   Section        0  dsqrt.o(.text)
    .text                                    0x00000680   Section       36  init.o(.text)
    .text                                    0x000006a4   Section        0  llshl.o(.text)
    .text                                    0x000006c2   Section        0  __dczerorl2.o(.text)
    i.AD5933_Sweep                           0x00000718   Section        0  ad5933.o(i.AD5933_Sweep)
    i.DA5933_Get_RsRealImage                 0x00000788   Section        0  ad5933.o(i.DA5933_Get_RsRealImage)
    i.Fre_To_Hex                             0x00000808   Section        0  ad5933.o(i.Fre_To_Hex)
    i.GPIODirModeSet                         0x00000850   Section        0  gpio.o(i.GPIODirModeSet)
    i.GPIOPadConfigSet                       0x00000884   Section        0  gpio.o(i.GPIOPadConfigSet)
    i.GPIOPinConfigure                       0x00000a10   Section        0  gpio.o(i.GPIOPinConfigure)
    i.GPIOPinTypeGPIOOutput                  0x00000a60   Section        0  gpio.o(i.GPIOPinTypeGPIOOutput)
    i.GPIOPinTypeI2C                         0x00000a7e   Section        0  gpio.o(i.GPIOPinTypeI2C)
    i.GPIOPinTypeI2CSCL                      0x00000a9c   Section        0  gpio.o(i.GPIOPinTypeI2CSCL)
    i.GPIOPinTypeSSI                         0x00000aba   Section        0  gpio.o(i.GPIOPinTypeSSI)
    i.GPIOPinWrite                           0x00000ad8   Section        0  gpio.o(i.GPIOPinWrite)
    i.I2CMasterBusy                          0x00000ae2   Section        0  i2c.o(i.I2CMasterBusy)
    i.I2CMasterControl                       0x00000af4   Section        0  i2c.o(i.I2CMasterControl)
    i.I2CMasterDataGet                       0x00000af8   Section        0  i2c.o(i.I2CMasterDataGet)
    i.I2CMasterDataPut                       0x00000afe   Section        0  i2c.o(i.I2CMasterDataPut)
    i.I2CMasterEnable                        0x00000b02   Section        0  i2c.o(i.I2CMasterEnable)
    i.I2CMasterInitExpClk                    0x00000b0c   Section        0  i2c.o(i.I2CMasterInitExpClk)
    i.I2CMasterSlaveAddrSet                  0x00000b68   Section        0  i2c.o(i.I2CMasterSlaveAddrSet)
    i.I2CReadBYTE                            0x00000b70   Section        0  iic.o(i.I2CReadBYTE)
    i.I2CSlaveACKOverride                    0x00000bb4   Section        0  i2c.o(i.I2CSlaveACKOverride)
    i.I2CSlaveACKValueSet                    0x00000bd2   Section        0  i2c.o(i.I2CSlaveACKValueSet)
    i.InitI2C1                               0x00000bf0   Section        0  iic.o(i.InitI2C1)
    i.SETpoint                               0x00000c54   Section        0  ad5933.o(i.SETpoint)
    i.SSIBusy                                0x00000c6a   Section        0  ssi.o(i.SSIBusy)
    i.SSIConfigSetExpClk                     0x00000c74   Section        0  ssi.o(i.SSIConfigSetExpClk)
    i.SSIDataPut                             0x00000cca   Section        0  ssi.o(i.SSIDataPut)
    i.SSIEnable                              0x00000cda   Section        0  ssi.o(i.SSIEnable)
    i.Scale_imp                              0x00000ce4   Section        0  ad5933.o(i.Scale_imp)
    i.SysCtlClockGet                         0x00000f5c   Section        0  sysctl.o(i.SysCtlClockGet)
    i.SysCtlClockSet                         0x000010c8   Section        0  sysctl.o(i.SysCtlClockSet)
    i.SysCtlPeripheralEnable                 0x000011f4   Section        0  sysctl.o(i.SysCtlPeripheralEnable)
    i.SysCtlPeripheralReset                  0x00001228   Section        0  sysctl.o(i.SysCtlPeripheralReset)
    i.UC1701AddressSet                       0x00001298   Section        0  uc1701.o(i.UC1701AddressSet)
    i.UC1701CharDispaly                      0x000012c2   Section        0  uc1701.o(i.UC1701CharDispaly)
    i.UC1701Clear                            0x000012f6   Section        0  uc1701.o(i.UC1701Clear)
    i.UC1701CmdWrite                         0x00001330   Section        0  uc1701.o(i.UC1701CmdWrite)
    i.UC1701DataWrite                        0x00001378   Section        0  uc1701.o(i.UC1701DataWrite)
    i.UC1701Dispaly                          0x000013c0   Section        0  uc1701.o(i.UC1701Dispaly)
    i.UC1701Init                             0x0000143c   Section        0  uc1701.o(i.UC1701Init)
    i.__0sprintf$1                           0x00001508   Section        0  printf1.o(i.__0sprintf$1)
    i.__hardfp_sqrt                          0x00001530   Section        0  sqrt.o(i.__hardfp_sqrt)
    i.__scatterload_copy                     0x000015aa   Section       14  handlers.o(i.__scatterload_copy)
    i.__scatterload_null                     0x000015b8   Section        2  handlers.o(i.__scatterload_null)
    i.__scatterload_zeroinit                 0x000015ba   Section       14  handlers.o(i.__scatterload_zeroinit)
    i.__set_errno                            0x000015c8   Section        0  errno.o(i.__set_errno)
    i._printf_core                           0x000015d4   Section        0  printf1.o(i._printf_core)
    _printf_core                             0x000015d5   Thumb Code   336  printf1.o(i._printf_core)
    i._sputc                                 0x00001728   Section        0  printf1.o(i._sputc)
    _sputc                                   0x00001729   Thumb Code    10  printf1.o(i._sputc)
    i.delay_ms                               0x00001732   Section        0  uc1701.o(i.delay_ms)
    delay_ms                                 0x00001733   Thumb Code    26  uc1701.o(i.delay_ms)
    i.main                                   0x0000174c   Section        0  main.o(i.main)
    i.rece_byte                              0x000017a8   Section        0  ad5933.o(i.rece_byte)
    i.writejibyte                            0x000017c0   Section        0  iic.o(i.writejibyte)
    .constdata                               0x00001810   Section      552  gpio.o(.constdata)
    g_ppui32GPIOIntMapBlizzard               0x00001810   Data         192  gpio.o(.constdata)
    g_ppui32GPIOIntMapSnowflake              0x000018d0   Data         216  gpio.o(.constdata)
    g_pui32GPIOBaseAddrs                     0x000019a8   Data         144  gpio.o(.constdata)
    .constdata                               0x00001a38   Section      596  sysctl.o(.constdata)
    g_pui32Xtals                             0x00001a38   Data         108  sysctl.o(.constdata)
    g_pppui32XTALtoVCO                       0x00001aa4   Data         432  sysctl.o(.constdata)
    g_sXTALtoMEMTIM                          0x00001c54   Data          48  sysctl.o(.constdata)
    g_pui32VCOFrequencies                    0x00001c84   Data           8  sysctl.o(.constdata)
    .data                                    0x20000000   Section     1521  uc1701.o(.data)
    .data                                    0x200005f4   Section        4  errno.o(.data)
    _errno                                   0x200005f4   Data           4  errno.o(.data)
    .bss                                     0x200005f8   Section       16  main.o(.bss)
    STACK                                    0x20000608   Section      256  startup_rvmdk.o(STACK)
    StackMem                                 0x20000608   Data           0  startup_rvmdk.o(STACK)

    Global Symbols

    Symbol Name                              Value     Ov Type        Size  Object(Section)

    BuildAttributes$$THM_ISAv4$E$P$D$K$B$S$7EM$VFPi3$EXTD16$VFPS$VFMA$PE$A:L22UL41UL21$X:L11$S22US41US21$IEEE1$IW$USESV6$~STKCKD$USESV7$~SHL$OTIME$ROPI$IEEEJ$EBA8$MICROLIB$REQ8$PRES8$EABIv2 0x00000000   Number         0  anon$$obj.o ABSOLUTE
    __ARM_use_no_argv                        0x00000000   Number         0  main.o ABSOLUTE
    __Vectors                                0x00000000   Data           0  startup_rvmdk.o(RESET)
    _printf_a                                0x00000000   Number         0  stubs.o ABSOLUTE
    _printf_c                                0x00000000   Number         0  stubs.o ABSOLUTE
    _printf_charcount                        0x00000000   Number         0  stubs.o ABSOLUTE
    _printf_d                                0x00000000   Number         0  stubs.o ABSOLUTE
    _printf_e                                0x00000000   Number         0  stubs.o ABSOLUTE
    _printf_f                                0x00000000   Number         0  stubs.o ABSOLUTE
    _printf_flags                            0x00000000   Number         0  stubs.o ABSOLUTE
    _printf_fp_dec                           0x00000000   Number         0  stubs.o ABSOLUTE
    _printf_fp_hex                           0x00000000   Number         0  stubs.o ABSOLUTE
    _printf_g                                0x00000000   Number         0  stubs.o ABSOLUTE
    _printf_i                                0x00000000   Number         0  stubs.o ABSOLUTE
    _printf_int_dec                          0x00000000   Number         0  stubs.o ABSOLUTE
    _printf_l                                0x00000000   Number         0  stubs.o ABSOLUTE
    _printf_lc                               0x00000000   Number         0  stubs.o ABSOLUTE
    _printf_ll                               0x00000000   Number         0  stubs.o ABSOLUTE
    _printf_lld                              0x00000000   Number         0  stubs.o ABSOLUTE
    _printf_lli                              0x00000000   Number         0  stubs.o ABSOLUTE
    _printf_llo                              0x00000000   Number         0  stubs.o ABSOLUTE
    _printf_llu                              0x00000000   Number         0  stubs.o ABSOLUTE
    _printf_llx                              0x00000000   Number         0  stubs.o ABSOLUTE
    _printf_longlong_dec                     0x00000000   Number         0  stubs.o ABSOLUTE
    _printf_longlong_hex                     0x00000000   Number         0  stubs.o ABSOLUTE
    _printf_longlong_oct                     0x00000000   Number         0  stubs.o ABSOLUTE
    _printf_ls                               0x00000000   Number         0  stubs.o ABSOLUTE
    _printf_mbtowc                           0x00000000   Number         0  stubs.o ABSOLUTE
    _printf_n                                0x00000000   Number         0  stubs.o ABSOLUTE
    _printf_o                                0x00000000   Number         0  stubs.o ABSOLUTE
    _printf_p                                0x00000000   Number         0  stubs.o ABSOLUTE
    _printf_percent                          0x00000000   Number         0  stubs.o ABSOLUTE
    _printf_pre_padding                      0x00000000   Number         0  stubs.o ABSOLUTE
    _printf_return_value                     0x00000000   Number         0  stubs.o ABSOLUTE
    _printf_s                                0x00000000   Number         0  stubs.o ABSOLUTE
    _printf_sizespec                         0x00000000   Number         0  stubs.o ABSOLUTE
    _printf_str                              0x00000000   Number         0  stubs.o ABSOLUTE
    _printf_truncate_signed                  0x00000000   Number         0  stubs.o ABSOLUTE
    _printf_truncate_unsigned                0x00000000   Number         0  stubs.o ABSOLUTE
    _printf_u                                0x00000000   Number         0  stubs.o ABSOLUTE
    _printf_wc                               0x00000000   Number         0  stubs.o ABSOLUTE
    _printf_wctomb                           0x00000000   Number         0  stubs.o ABSOLUTE
    _printf_widthprec                        0x00000000   Number         0  stubs.o ABSOLUTE
    _printf_x                                0x00000000   Number         0  stubs.o ABSOLUTE
    __arm_fini_                               - Undefined Weak Reference
    __cpp_initialize__aeabi_                  - Undefined Weak Reference
    __cxa_finalize                            - Undefined Weak Reference
    _clock_init                               - Undefined Weak Reference
    _microlib_exit                            - Undefined Weak Reference
    Reset_Handler                            0x00000269   Thumb Code     0  startup_rvmdk.o(RESET)
    __main                                   0x00000285   Thumb Code     0  entry.o(.ARM.Collect$$$$00000000)
    _main_stk                                0x00000285   Thumb Code     0  entry2.o(.ARM.Collect$$$$00000001)
    _main_scatterload                        0x00000289   Thumb Code     0  entry5.o(.ARM.Collect$$$$00000004)
    __main_after_scatterload                 0x0000028d   Thumb Code     0  entry5.o(.ARM.Collect$$$$00000004)
    _main_clock                              0x0000028d   Thumb Code     0  entry7b.o(.ARM.Collect$$$$00000008)
    _main_cpp_init                           0x0000028d   Thumb Code     0  entry8b.o(.ARM.Collect$$$$0000000A)
    _main_init                               0x0000028d   Thumb Code     0  entry9a.o(.ARM.Collect$$$$0000000B)
    __rt_lib_shutdown_fini                   0x00000295   Thumb Code     0  entry12b.o(.ARM.Collect$$$$0000000E)
    __rt_final_cpp                           0x00000299   Thumb Code     0  entry10a.o(.ARM.Collect$$$$0000000F)
    __rt_final_exit                          0x00000299   Thumb Code     0  entry11a.o(.ARM.Collect$$$$00000011)
    SysCtlDelay                              0x0000029d   Thumb Code     6  sysctl.o(.emb_text)
    __aeabi_dmul                             0x000002a3   Thumb Code   228  dmul.o(.text)
    __aeabi_ddiv                             0x00000387   Thumb Code   222  ddiv.o(.text)
    __aeabi_ui2d                             0x00000465   Thumb Code    26  dfltui.o(.text)
    __aeabi_d2uiz                            0x0000047f   Thumb Code    50  dfixui.o(.text)
    __aeabi_f2d                              0x000004b1   Thumb Code    38  f2d.o(.text)
    __aeabi_uidiv                            0x000004d7   Thumb Code     0  uidiv.o(.text)
    __aeabi_uidivmod                         0x000004d7   Thumb Code    44  uidiv.o(.text)
    __aeabi_llsr                             0x00000503   Thumb Code    32  llushr.o(.text)
    _ll_ushift_r                             0x00000503   Thumb Code     0  llushr.o(.text)
    __I$use$fp                               0x00000523   Thumb Code     0  iusefp.o(.text)
    _double_round                            0x00000523   Thumb Code    30  depilogue.o(.text)
    _double_epilogue                         0x00000541   Thumb Code   156  depilogue.o(.text)
    _dsqrt                                   0x000005dd   Thumb Code   162  dsqrt.o(.text)
    __scatterload                            0x00000681   Thumb Code    28  init.o(.text)
    __scatterload_rt2                        0x00000681   Thumb Code     0  init.o(.text)
    __aeabi_llsl                             0x000006a5   Thumb Code    30  llshl.o(.text)
    _ll_shift_l                              0x000006a5   Thumb Code     0  llshl.o(.text)
    __decompress                             0x000006c3   Thumb Code     0  __dczerorl2.o(.text)
    __decompress1                            0x000006c3   Thumb Code    86  __dczerorl2.o(.text)
    AD5933_Sweep                             0x00000719   Thumb Code   112  ad5933.o(i.AD5933_Sweep)
    DA5933_Get_RsRealImage                   0x00000789   Thumb Code    98  ad5933.o(i.DA5933_Get_RsRealImage)
    Fre_To_Hex                               0x00000809   Thumb Code    62  ad5933.o(i.Fre_To_Hex)
    GPIODirModeSet                           0x00000851   Thumb Code    50  gpio.o(i.GPIODirModeSet)
    GPIOPadConfigSet                         0x00000885   Thumb Code   384  gpio.o(i.GPIOPadConfigSet)
    GPIOPinConfigure                         0x00000a11   Thumb Code    70  gpio.o(i.GPIOPinConfigure)
    GPIOPinTypeGPIOOutput                    0x00000a61   Thumb Code    30  gpio.o(i.GPIOPinTypeGPIOOutput)
    GPIOPinTypeI2C                           0x00000a7f   Thumb Code    30  gpio.o(i.GPIOPinTypeI2C)
    GPIOPinTypeI2CSCL                        0x00000a9d   Thumb Code    30  gpio.o(i.GPIOPinTypeI2CSCL)
    GPIOPinTypeSSI                           0x00000abb   Thumb Code    30  gpio.o(i.GPIOPinTypeSSI)
    GPIOPinWrite                             0x00000ad9   Thumb Code    10  gpio.o(i.GPIOPinWrite)
    I2CMasterBusy                            0x00000ae3   Thumb Code    18  i2c.o(i.I2CMasterBusy)
    I2CMasterControl                         0x00000af5   Thumb Code     4  i2c.o(i.I2CMasterControl)
    I2CMasterDataGet                         0x00000af9   Thumb Code     6  i2c.o(i.I2CMasterDataGet)
    I2CMasterDataPut                         0x00000aff   Thumb Code     4  i2c.o(i.I2CMasterDataPut)
    I2CMasterEnable                          0x00000b03   Thumb Code    10  i2c.o(i.I2CMasterEnable)
    I2CMasterInitExpClk                      0x00000b0d   Thumb Code    78  i2c.o(i.I2CMasterInitExpClk)
    I2CMasterSlaveAddrSet                    0x00000b69   Thumb Code     8  i2c.o(i.I2CMasterSlaveAddrSet)
    I2CReadBYTE                              0x00000b71   Thumb Code    62  iic.o(i.I2CReadBYTE)
    I2CSlaveACKOverride                      0x00000bb5   Thumb Code    30  i2c.o(i.I2CSlaveACKOverride)
    I2CSlaveACKValueSet                      0x00000bd3   Thumb Code    30  i2c.o(i.I2CSlaveACKValueSet)
    InitI2C1                                 0x00000bf1   Thumb Code    80  iic.o(i.InitI2C1)
    SETpoint                                 0x00000c55   Thumb Code    22  ad5933.o(i.SETpoint)
    SSIBusy                                  0x00000c6b   Thumb Code    10  ssi.o(i.SSIBusy)
    SSIConfigSetExpClk                       0x00000c75   Thumb Code    86  ssi.o(i.SSIConfigSetExpClk)
    SSIDataPut                               0x00000ccb   Thumb Code    16  ssi.o(i.SSIDataPut)
    SSIEnable                                0x00000cdb   Thumb Code    10  ssi.o(i.SSIEnable)
    Scale_imp                                0x00000ce5   Thumb Code   630  ad5933.o(i.Scale_imp)
    SysCtlClockGet                           0x00000f5d   Thumb Code   324  sysctl.o(i.SysCtlClockGet)
    SysCtlClockSet                           0x000010c9   Thumb Code   280  sysctl.o(i.SysCtlClockSet)
    SysCtlPeripheralEnable                   0x000011f5   Thumb Code    46  sysctl.o(i.SysCtlPeripheralEnable)
    SysCtlPeripheralReset                    0x00001229   Thumb Code   106  sysctl.o(i.SysCtlPeripheralReset)
    UC1701AddressSet                         0x00001299   Thumb Code    42  uc1701.o(i.UC1701AddressSet)
    UC1701CharDispaly                        0x000012c3   Thumb Code    52  uc1701.o(i.UC1701CharDispaly)
    UC1701Clear                              0x000012f7   Thumb Code    56  uc1701.o(i.UC1701Clear)
    UC1701CmdWrite                           0x00001331   Thumb Code    62  uc1701.o(i.UC1701CmdWrite)
    UC1701DataWrite                          0x00001379   Thumb Code    62  uc1701.o(i.UC1701DataWrite)
    UC1701Dispaly                            0x000013c1   Thumb Code   120  uc1701.o(i.UC1701Dispaly)
    UC1701Init                               0x0000143d   Thumb Code   180  uc1701.o(i.UC1701Init)
    __0sprintf$1                             0x00001509   Thumb Code    34  printf1.o(i.__0sprintf$1)
    __1sprintf$1                             0x00001509   Thumb Code     0  printf1.o(i.__0sprintf$1)
    __2sprintf                               0x00001509   Thumb Code     0  printf1.o(i.__0sprintf$1)
    __hardfp_sqrt                            0x00001531   Thumb Code   122  sqrt.o(i.__hardfp_sqrt)
    __scatterload_copy                       0x000015ab   Thumb Code    14  handlers.o(i.__scatterload_copy)
    __scatterload_null                       0x000015b9   Thumb Code     2  handlers.o(i.__scatterload_null)
    __scatterload_zeroinit                   0x000015bb   Thumb Code    14  handlers.o(i.__scatterload_zeroinit)
    __set_errno                              0x000015c9   Thumb Code     6  errno.o(i.__set_errno)
    main                                     0x0000174d   Thumb Code    78  main.o(i.main)
    rece_byte                                0x000017a9   Thumb Code    22  ad5933.o(i.rece_byte)
    writejibyte                              0x000017c1   Thumb Code    76  iic.o(i.writejibyte)
    Region$$Table$$Base                      0x00001c8c   Number         0  anon$$obj.o(Region$$Table)
    Region$$Table$$Limit                     0x00001cac   Number         0  anon$$obj.o(Region$$Table)
    Ascii                                    0x20000000   Data        1520  uc1701.o(.data)
    inverse_factor                           0x200005f0   Data           1  uc1701.o(.data)
    str                                      0x200005f8   Data          16  main.o(.bss)
    __initial_sp                             0x20000708   Data           0  startup_rvmdk.o(STACK)



==============================================================================

Memory Map of the image

  Image Entry point : 0x00000285

  Load Region LR_IROM1 (Base: 0x00000000, Size: 0x000022a4, Max: 0x00040000, ABSOLUTE, COMPRESSED[0x00001fc4])

    Execution Region ER_IROM1 (Exec base: 0x00000000, Load base: 0x00000000, Size: 0x00001cac, Max: 0x00040000, ABSOLUTE)

    Exec Addr    Load Addr    Size         Type   Attr      Idx    E Section Name        Object

    0x00000000   0x00000000   0x00000284   Code   RO         6425    RESET               startup_rvmdk.o
    0x00000284   0x00000284   0x00000000   Code   RO         6441  * .ARM.Collect$$$$00000000  mc_w.l(entry.o)
    0x00000284   0x00000284   0x00000004   Code   RO         6715    .ARM.Collect$$$$00000001  mc_w.l(entry2.o)
    0x00000288   0x00000288   0x00000004   Code   RO         6718    .ARM.Collect$$$$00000004  mc_w.l(entry5.o)
    0x0000028c   0x0000028c   0x00000000   Code   RO         6720    .ARM.Collect$$$$00000008  mc_w.l(entry7b.o)
    0x0000028c   0x0000028c   0x00000000   Code   RO         6722    .ARM.Collect$$$$0000000A  mc_w.l(entry8b.o)
    0x0000028c   0x0000028c   0x00000008   Code   RO         6723    .ARM.Collect$$$$0000000B  mc_w.l(entry9a.o)
    0x00000294   0x00000294   0x00000004   Code   RO         6730    .ARM.Collect$$$$0000000E  mc_w.l(entry12b.o)
    0x00000298   0x00000298   0x00000000   Code   RO         6725    .ARM.Collect$$$$0000000F  mc_w.l(entry10a.o)
    0x00000298   0x00000298   0x00000000   Code   RO         6727    .ARM.Collect$$$$00000011  mc_w.l(entry11a.o)
    0x00000298   0x00000298   0x00000004   Code   RO         6716    .ARM.Collect$$$$00002712  mc_w.l(entry2.o)
    0x0000029c   0x0000029c   0x00000006   Code   RO         4240    .emb_text           sysctl.o
    0x000002a2   0x000002a2   0x000000e4   Code   RO         6705    .text               mf_w.l(dmul.o)
    0x00000386   0x00000386   0x000000de   Code   RO         6707    .text               mf_w.l(ddiv.o)
    0x00000464   0x00000464   0x0000001a   Code   RO         6709    .text               mf_w.l(dfltui.o)
    0x0000047e   0x0000047e   0x00000032   Code   RO         6711    .text               mf_w.l(dfixui.o)
    0x000004b0   0x000004b0   0x00000026   Code   RO         6713    .text               mf_w.l(f2d.o)
    0x000004d6   0x000004d6   0x0000002c   Code   RO         6734    .text               mc_w.l(uidiv.o)
    0x00000502   0x00000502   0x00000020   Code   RO         6738    .text               mc_w.l(llushr.o)
    0x00000522   0x00000522   0x00000000   Code   RO         6747    .text               mc_w.l(iusefp.o)
    0x00000522   0x00000522   0x000000ba   Code   RO         6748    .text               mf_w.l(depilogue.o)
    0x000005dc   0x000005dc   0x000000a2   Code   RO         6752    .text               mf_w.l(dsqrt.o)
    0x0000067e   0x0000067e   0x00000002   PAD
    0x00000680   0x00000680   0x00000024   Code   RO         6760    .text               mc_w.l(init.o)
    0x000006a4   0x000006a4   0x0000001e   Code   RO         6763    .text               mc_w.l(llshl.o)
    0x000006c2   0x000006c2   0x00000056   Code   RO         6776    .text               mc_w.l(__dczerorl2.o)
    0x00000718   0x00000718   0x00000070   Code   RO          194    i.AD5933_Sweep      ad5933.o
    0x00000788   0x00000788   0x00000080   Code   RO          195    i.DA5933_Get_RsRealImage  ad5933.o
    0x00000808   0x00000808   0x00000048   Code   RO          196    i.Fre_To_Hex        ad5933.o
    0x00000850   0x00000850   0x00000032   Code   RO         2089    i.GPIODirModeSet    gpio.o
    0x00000882   0x00000882   0x00000002   PAD
    0x00000884   0x00000884   0x0000018c   Code   RO         2101    i.GPIOPadConfigSet  gpio.o
    0x00000a10   0x00000a10   0x00000050   Code   RO         2102    i.GPIOPinConfigure  gpio.o
    0x00000a60   0x00000a60   0x0000001e   Code   RO         2113    i.GPIOPinTypeGPIOOutput  gpio.o
    0x00000a7e   0x00000a7e   0x0000001e   Code   RO         2116    i.GPIOPinTypeI2C    gpio.o
    0x00000a9c   0x00000a9c   0x0000001e   Code   RO         2117    i.GPIOPinTypeI2CSCL  gpio.o
    0x00000aba   0x00000aba   0x0000001e   Code   RO         2122    i.GPIOPinTypeSSI    gpio.o
    0x00000ad8   0x00000ad8   0x0000000a   Code   RO         2131    i.GPIOPinWrite      gpio.o
    0x00000ae2   0x00000ae2   0x00000012   Code   RO         2738    i.I2CMasterBusy     i2c.o
    0x00000af4   0x00000af4   0x00000004   Code   RO         2739    i.I2CMasterControl  i2c.o
    0x00000af8   0x00000af8   0x00000006   Code   RO         2740    i.I2CMasterDataGet  i2c.o
    0x00000afe   0x00000afe   0x00000004   Code   RO         2741    i.I2CMasterDataPut  i2c.o
    0x00000b02   0x00000b02   0x0000000a   Code   RO         2743    i.I2CMasterEnable   i2c.o
    0x00000b0c   0x00000b0c   0x0000005c   Code   RO         2746    i.I2CMasterInitExpClk  i2c.o
    0x00000b68   0x00000b68   0x00000008   Code   RO         2756    i.I2CMasterSlaveAddrSet  i2c.o
    0x00000b70   0x00000b70   0x00000044   Code   RO          128    i.I2CReadBYTE       iic.o
    0x00000bb4   0x00000bb4   0x0000001e   Code   RO         2760    i.I2CSlaveACKOverride  i2c.o
    0x00000bd2   0x00000bd2   0x0000001e   Code   RO         2761    i.I2CSlaveACKValueSet  i2c.o
    0x00000bf0   0x00000bf0   0x00000064   Code   RO          131    i.InitI2C1          iic.o
    0x00000c54   0x00000c54   0x00000016   Code   RO          199    i.SETpoint          ad5933.o
    0x00000c6a   0x00000c6a   0x0000000a   Code   RO         4041    i.SSIBusy           ssi.o
    0x00000c74   0x00000c74   0x00000056   Code   RO         4044    i.SSIConfigSetExpClk  ssi.o
    0x00000cca   0x00000cca   0x00000010   Code   RO         4049    i.SSIDataPut        ssi.o
    0x00000cda   0x00000cda   0x0000000a   Code   RO         4052    i.SSIEnable         ssi.o
    0x00000ce4   0x00000ce4   0x00000276   Code   RO          200    i.Scale_imp         ad5933.o
    0x00000f5a   0x00000f5a   0x00000002   PAD
    0x00000f5c   0x00000f5c   0x0000016c   Code   RO         4243    i.SysCtlClockGet    sysctl.o
    0x000010c8   0x000010c8   0x0000012c   Code   RO         4245    i.SysCtlClockSet    sysctl.o
    0x000011f4   0x000011f4   0x00000034   Code   RO         4274    i.SysCtlPeripheralEnable  sysctl.o
    0x00001228   0x00001228   0x00000070   Code   RO         4279    i.SysCtlPeripheralReset  sysctl.o
    0x00001298   0x00001298   0x0000002a   Code   RO         6205    i.UC1701AddressSet  uc1701.o
    0x000012c2   0x000012c2   0x00000034   Code   RO         6209    i.UC1701CharDispaly  uc1701.o
    0x000012f6   0x000012f6   0x00000038   Code   RO         6211    i.UC1701Clear       uc1701.o
    0x0000132e   0x0000132e   0x00000002   PAD
    0x00001330   0x00001330   0x00000048   Code   RO         6212    i.UC1701CmdWrite    uc1701.o
    0x00001378   0x00001378   0x00000048   Code   RO         6214    i.UC1701DataWrite   uc1701.o
    0x000013c0   0x000013c0   0x0000007c   Code   RO         6215    i.UC1701Dispaly     uc1701.o
    0x0000143c   0x0000143c   0x000000cc   Code   RO         6220    i.UC1701Init        uc1701.o
    0x00001508   0x00001508   0x00000028   Code   RO         6491    i.__0sprintf$1      mc_w.l(printf1.o)
    0x00001530   0x00001530   0x0000007a   Code   RO         6429    i.__hardfp_sqrt     m_wm.l(sqrt.o)
    0x000015aa   0x000015aa   0x0000000e   Code   RO         6770    i.__scatterload_copy  mc_w.l(handlers.o)
    0x000015b8   0x000015b8   0x00000002   Code   RO         6771    i.__scatterload_null  mc_w.l(handlers.o)
    0x000015ba   0x000015ba   0x0000000e   Code   RO         6772    i.__scatterload_zeroinit  mc_w.l(handlers.o)
    0x000015c8   0x000015c8   0x0000000c   Code   RO         6742    i.__set_errno       mc_w.l(errno.o)
    0x000015d4   0x000015d4   0x00000154   Code   RO         6496    i._printf_core      mc_w.l(printf1.o)
    0x00001728   0x00001728   0x0000000a   Code   RO         6498    i._sputc            mc_w.l(printf1.o)
    0x00001732   0x00001732   0x0000001a   Code   RO         6227    i.delay_ms          uc1701.o
    0x0000174c   0x0000174c   0x0000005c   Code   RO            1    i.main              main.o
    0x000017a8   0x000017a8   0x00000016   Code   RO          201    i.rece_byte         ad5933.o
    0x000017be   0x000017be   0x00000002   PAD
    0x000017c0   0x000017c0   0x00000050   Code   RO          133    i.writejibyte       iic.o
    0x00001810   0x00001810   0x00000228   Data   RO         2134    .constdata          gpio.o
    0x00001a38   0x00001a38   0x00000254   Data   RO         4298    .constdata          sysctl.o
    0x00001c8c   0x00001c8c   0x00000020   Data   RO         6768    Region$$Table       anon$$obj.o


    Execution Region RW_IRAM1 (Exec base: 0x20000000, Load base: 0x00001cac, Size: 0x00000708, Max: 0x00008000, ABSOLUTE, COMPRESSED[0x00000318])

    Exec Addr    Load Addr    Size         Type   Attr      Idx    E Section Name        Object

    0x20000000   COMPRESSED   0x000005f1   Data   RW         6228    .data               uc1701.o
    0x200005f1   COMPRESSED   0x00000003   PAD
    0x200005f4   COMPRESSED   0x00000004   Data   RW         6743    .data               mc_w.l(errno.o)
    0x200005f8        -       0x00000010   Zero   RW            2    .bss                main.o
    0x20000608        -       0x00000100   Zero   RW         6423    STACK               startup_rvmdk.o


==============================================================================

Image component sizes


      Code (inc. data)   RO Data    RW Data    ZI Data      Debug   Object Name

       986         40          0          0          0       6096   ad5933.o
         0          0          0          0          0         32   cpu.o
       656         22        552          0          0       6268   gpio.o
       202         14          0          0          0       5293   i2c.o
       248         30          0          0          0       1759   iic.o
        92         14          0          0         16       7188   main.o
       122          0          0          0          0       2536   ssi.o
       644        618          0          0        256        272   startup_rvmdk.o
       834         72        596          0          0       5107   sysctl.o
       648         48          0       1521          0       6156   uc1701.o

    ----------------------------------------------------------------------
      4440        858       1180       1524        272      40707   Object Totals
         0          0         32          0          0          0   (incl. Generated)
         8          0          0          3          0          0   (incl. Padding)

    ----------------------------------------------------------------------

      Code (inc. data)   RO Data    RW Data    ZI Data      Debug   Library Member Name

       122          0          0          0          0        148   sqrt.o
        86          0          0          0          0          0   __dczerorl2.o
         0          0          0          0          0          0   entry.o
         0          0          0          0          0          0   entry10a.o
         0          0          0          0          0          0   entry11a.o
         4          0          0          0          0          0   entry12b.o
         8          4          0          0          0          0   entry2.o
         4          0          0          0          0          0   entry5.o
         0          0          0          0          0          0   entry7b.o
         0          0          0          0          0          0   entry8b.o
         8          4          0          0          0          0   entry9a.o
        12          6          0          4          0         68   errno.o
        30          0          0          0          0          0   handlers.o
        36          8          0          0          0         68   init.o
         0          0          0          0          0          0   iusefp.o
        30          0          0          0          0         68   llshl.o
        32          0          0          0          0         68   llushr.o
       390         10          0          0          0        252   printf1.o
        44          0          0          0          0         80   uidiv.o
       222          0          0          0          0        100   ddiv.o
       186          0          0          0          0        176   depilogue.o
        50          0          0          0          0         76   dfixui.o
        26          0          0          0          0         76   dfltui.o
       228          0          0          0          0         96   dmul.o
       162          0          0          0          0        100   dsqrt.o
        38          0          0          0          0         68   f2d.o

    ----------------------------------------------------------------------
      1720         32          0          4          0       1444   Library Totals
         2          0          0          0          0          0   (incl. Padding)

    ----------------------------------------------------------------------

      Code (inc. data)   RO Data    RW Data    ZI Data      Debug   Library Name

       122          0          0          0          0        148   m_wm.l
       684         32          0          4          0        604   mc_w.l
       912          0          0          0          0        692   mf_w.l

    ----------------------------------------------------------------------
      1720         32          0          4          0       1444   Library Totals

    ----------------------------------------------------------------------

==============================================================================


      Code (inc. data)   RO Data    RW Data    ZI Data      Debug   

      6160        890       1180       1528        272      37863   Grand Totals
      6160        890       1180        792        272      37863   ELF Image Totals (compressed)
      6160        890       1180        792          0          0   ROM Totals

==============================================================================

    Total RO  Size (Code + RO Data)                 7340 (   7.17kB)
    Total RW  Size (RW Data + ZI Data)              1800 (   1.76kB)
    Total ROM Size (Code + RO Data + RW Data)       8132 (   7.94kB)

==============================================================================

