<html>
<body>
<pre>
<h1>µVision Build Log</h1>
<h2>Tool Versions:</h2>
IDE-Version: ¦ÌVision V5.36.0.0
Copyright (C) 2021 ARM Ltd and ARM Germany GmbH. All rights reserved.
License Information:  ,   , LIC=TIVNB-2MBM9-HLWCL-0P0NT-Z4PUP-WJSZY
 
Tool Versions:
Toolchain:       MDK-ARM Plus  Version: 5.36.0.0
Toolchain Path:  C:\Keil_v5\ARM\ARMCC\Bin
C Compiler:      Armcc.exe V5.06 update 7 (build 960)
Assembler:       Armasm.exe V5.06 update 7 (build 960)
Linker/Locator:  ArmLink.exe V5.06 update 7 (build 960)
Library Manager: ArmAr.exe V5.06 update 7 (build 960)
Hex Converter:   FromElf.exe V5.06 update 7 (build 960)
CPU DLL:         SARMCM3.DLL V5.36.0.0
Dialog DLL:      DCM.DLL V1.17.3.0
Target DLL:      lmidk-agdi.dll V???
Dialog DLL:      TCM.DLL V1.53.0.0
 
<h2>Project:</h2>
F:\tm4c23gh6pm\Èý¼¶²Ëµ¥\tm4c\OBJ\Template.uvprojx
Project File Date:  03/05/2024

<h2>Output:</h2>
*** Using Compiler 'V5.06 update 7 (build 960)', folder: 'C:\Keil_v5\ARM\ARMCC\Bin'
Rebuild target 'Template'
Note: source file '..\LIB\driverlib\adc.c' - object file renamed from '.\Objects\adc.o' to '.\Objects\adc_1.o'.
Note: source file '..\LIB\driverlib\uart.c' - object file renamed from '.\Objects\uart.o' to '.\Objects\uart_1.o'.
compiling aes.c...
compiling LED.c...
..\USER\LED.h(4): warning:  #1295-D: Deprecated declaration LED_int - give arg types
  extern void LED_int();
..\USER\LED.h(5): warning:  #1295-D: Deprecated declaration LED_RED - give arg types
  extern void LED_RED();
..\USER\LED.h(6): warning:  #1295-D: Deprecated declaration LED_GREEN - give arg types
  extern void LED_GREEN();
..\USER\LED.h(7): warning:  #1295-D: Deprecated declaration LED_BULE - give arg types
  extern void LED_BULE();
..\USER\LED.h(9): warning:  #1-D: last line of file ends without a newline
  #endif
..\USER\LED.c(90): warning:  #1-D: last line of file ends without a newline
  }
..\USER\LED.c: 6 warnings, 0 errors
compiling adc.c...
compiling can.c...
compiling start.c...
..\USER\start.h(18): warning:  #1-D: last line of file ends without a newline
  #endif
..\USER\start.c: 1 warning, 0 errors
compiling comp.c...
compiling crc.c...
compiling time0.c...
..\USER\start.h(18): warning:  #1-D: last line of file ends without a newline
  #endif
..\USER\time0.h(4): warning:  #1295-D: Deprecated declaration TIME_INT - give arg types
  extern void TIME_INT();
..\USER\time0.h(6): warning:  #1-D: last line of file ends without a newline
  #endif
..\USER\time0.c: 3 warnings, 0 errors
compiling lxy_ADC.c...
..\USER\start.h(18): warning:  #1-D: last line of file ends without a newline
  #endif
..\USER\lxy_ADC.h(5): warning:  #1295-D: Deprecated declaration ADC_init_SS0 - give arg types
  extern void ADC_init_SS0();
..\USER\lxy_ADC.h(6): warning:  #1295-D: Deprecated declaration ADC_init_SS1 - give arg types
  extern void ADC_init_SS1();
..\USER\lxy_ADC.h(7): warning:  #1295-D: Deprecated declaration ADC_init_SS2 - give arg types
  extern void ADC_init_SS2();
..\USER\lxy_ADC.h(8): warning:  #1295-D: Deprecated declaration ADC_init_SS3 - give arg types
  extern void ADC_init_SS3();
..\USER\lxy_ADC.h(13): warning:  #1295-D: Deprecated declaration ADC_SS0_INT - give arg types
  extern void ADC_SS0_INT();
..\USER\lxy_ADC.h(14): warning:  #1295-D: Deprecated declaration ADC_SS1_INT - give arg types
  extern void ADC_SS1_INT();
..\USER\lxy_ADC.h(15): warning:  #1295-D: Deprecated declaration ADC_SS2_INT - give arg types
  extern void ADC_SS2_INT();
..\USER\lxy_ADC.h(16): warning:  #1295-D: Deprecated declaration ADC_SS3_INT - give arg types
  extern void ADC_SS3_INT();
..\USER\lxy_ADC.h(19): warning:  #1-D: last line of file ends without a newline
  #endif
..\USER\lxy_ADC.c: 10 warnings, 0 errors
compiling des.c...
compiling key.c...
..\USER\key.h(4): warning:  #1295-D: Deprecated declaration key_INT - give arg types
  extern void key_INT();
..\USER\key.h(5): warning:  #1295-D: Deprecated declaration key_enable - give arg types
  extern void key_enable();
..\USER\key.h(8): warning:  #1-D: last line of file ends without a newline
  #endif
..\USER\key.c: 3 warnings, 0 errors
compiling lxy_uart.c...
..\USER\start.h(18): warning:  #1-D: last line of file ends without a newline
  #endif
..\USER\lxy_uart.h(4): warning:  #1295-D: Deprecated declaration UART0_INT - give arg types
  extern void UART0_INT();
..\USER\lxy_uart.h(5): warning:  #1295-D: Deprecated declaration UART0_enable - give arg types
  extern void UART0_enable();
..\USER\lxy_uart.h(8): warning:  #1-D: last line of file ends without a newline
  #endif
..\USER\lxy_uart.c(70): warning:  #1-D: last line of file ends without a newline
  }
..\USER\lxy_uart.c: 5 warnings, 0 errors
compiling main.c...
..\USER\start.h(18): warning:  #1-D: last line of file ends without a newline
  #endif
..\USER\key.h(4): warning:  #1295-D: Deprecated declaration key_INT - give arg types
  extern void key_INT();
..\USER\key.h(5): warning:  #1295-D: Deprecated declaration key_enable - give arg types
  extern void key_enable();
..\USER\key.h(8): warning:  #1-D: last line of file ends without a newline
  #endif
..\USER\LED.h(4): warning:  #1295-D: Deprecated declaration LED_int - give arg types
  extern void LED_int();
..\USER\LED.h(5): warning:  #1295-D: Deprecated declaration LED_RED - give arg types
  extern void LED_RED();
..\USER\LED.h(6): warning:  #1295-D: Deprecated declaration LED_GREEN - give arg types
  extern void LED_GREEN();
..\USER\LED.h(7): warning:  #1295-D: Deprecated declaration LED_BULE - give arg types
  extern void LED_BULE();
..\USER\LED.h(9): warning:  #1-D: last line of file ends without a newline
  #endif
..\USER\main.c(40): warning:  #1295-D: Deprecated declaration up1 - give arg types
  void up1();
..\USER\main.c(41): warning:  #1295-D: Deprecated declaration down1 - give arg types
  void down1();
..\USER\main.c(42): warning:  #1295-D: Deprecated declaration go - give arg types
  void go();
..\USER\main.c(91): warning:  #111-D: statement is unreachable
  				SysCtlDelay(SysCtlClockGet()/3000*1000);
..\USER\main.c(97): warning:  #223-D: function "GPIOIntStatus" declared implicitly
  	status=GPIOIntStatus(GPIO_PORTD_BASE,true);
..\USER\main.c(104): warning:  #223-D: function "GPIOIntStatus" declared implicitly
  	status=GPIOIntStatus(GPIO_PORTF_BASE,true);
..\USER\main.c(111): warning:  #223-D: function "GPIOIntStatus" declared implicitly
  	status=GPIOIntStatus(GPIO_PORTA_BASE,true);
..\USER\main.c: 16 warnings, 0 errors
compiling lxy_PWM.c...
..\USER\lxy_PWM.h(5): warning:  #1295-D: Deprecated declaration PWM_init - give arg types
  extern void PWM_init();
..\USER\lxy_PWM.h(10): warning:  #1-D: last line of file ends without a newline
  #endif
..\USER\lxy_PWM.c(74): warning:  #1-D: last line of file ends without a newline
  }
..\USER\lxy_PWM.c: 3 warnings, 0 errors
compiling cpu.c...
compiling eeprom.c...
compiling epi.c...
compiling emac.c...
compiling flash.c...
compiling fpu.c...
compiling gpio.c...
compiling hibernate.c...
compiling i2c.c...
compiling interrupt.c...
compiling mpu.c...
compiling onewire.c...
compiling sysexc.c...
compiling qei.c...
compiling sw_crc.c...
compiling systick.c...
compiling shamd5.c...
compiling lcd.c...
compiling ssi.c...
compiling pwm.c...
compiling timer.c...
compiling udma.c...
compiling uart.c...
compiling sysctl.c...
assembling startup_rvmdk.S...
compiling watchdog.c...
compiling uc1701.c...
compiling uartstdio.c...
compiling usb.c...
compiling pcf8575.c...
linking...
Program Size: Code=4300 RO-data=1448 RW-data=2668 ZI-data=260  
".\Objects\Template.axf" - 0 Error(s), 47 Warning(s).

<h2>Software Packages used:</h2>

Package Vendor: Keil
                http://www.keil.com/pack/Keil.TM4C_DFP.1.1.0.pack
                Keil.TM4C_DFP.1.1.0
                Texas Instruments Tiva C Series Device Support and Examples

<h2>Collection of Component include folders:</h2>
  C:\Users\Â¬ÏþÑî\AppData\Local\Arm\Packs\Keil\TM4C_DFP\1.1.0\Device\Include\TM4C123

<h2>Collection of Component Files used:</h2>
Build Time Elapsed:  00:00:04
</pre>
</body>
</html>
