<html>
<body>
<pre>
<h1>µVision Build Log</h1>
<h2>Tool Versions:</h2>
IDE-Version: ¦ÌVision V5.36.0.0
Copyright (C) 2021 ARM Ltd and ARM Germany GmbH. All rights reserved.
License Information:  ,   , LIC=TIVNB-2MBM9-HLWCL-0P0NT-Z4PUP-WJSZY
 
Tool Versions:
Toolchain:       MDK-ARM Plus  Version: 5.36.0.0
Toolchain Path:  C:\Keil_v5\ARM\ARMCC\Bin
C Compiler:      Armcc.exe V5.06 update 7 (build 960)
Assembler:       Armasm.exe V5.06 update 7 (build 960)
Linker/Locator:  ArmLink.exe V5.06 update 7 (build 960)
Library Manager: ArmAr.exe V5.06 update 7 (build 960)
Hex Converter:   FromElf.exe V5.06 update 7 (build 960)
CPU DLL:         SARMCM3.DLL V5.36.0.0
Dialog DLL:      DCM.DLL V1.17.3.0
Target DLL:      lmidk-agdi.dll V???
Dialog DLL:      TCM.DLL V1.53.0.0
 
<h2>Project:</h2>
F:\tm4c23gh6pm\tm4c\tm4c23gh6pm\dma\tm4c\OBJ\Template.uvprojx
Project File Date:  03/31/2024

<h2>Output:</h2>
*** Using Compiler 'V5.06 update 7 (build 960)', folder: 'C:\Keil_v5\ARM\ARMCC\Bin'
Rebuild target 'Template'
Note: source file '..\LIB\driverlib\adc.c' - object file renamed from '.\Objects\adc.o' to '.\Objects\adc_1.o'.
Note: source file '..\LIB\driverlib\uart.c' - object file renamed from '.\Objects\uart.o' to '.\Objects\uart_1.o'.
compiling aes.c...
compiling LED.c...
..\USER\LED.h(9): warning:  #1-D: last line of file ends without a newline
  #endif
..\USER\LED.c(90): warning:  #1-D: last line of file ends without a newline
  }
..\USER\LED.c: 2 warnings, 0 errors
compiling adc.c...
compiling can.c...
compiling comp.c...
compiling start.c...
..\USER\start.h(18): warning:  #1-D: last line of file ends without a newline
  #endif
..\USER\start.c: 1 warning, 0 errors
compiling lxy_ADC.c...
..\USER\start.h(18): warning:  #1-D: last line of file ends without a newline
  #endif
..\USER\lxy_ADC.h(19): warning:  #1-D: last line of file ends without a newline
  #endif
..\USER\lxy_ADC.c: 2 warnings, 0 errors
compiling time0.c...
..\USER\start.h(18): warning:  #1-D: last line of file ends without a newline
  #endif
..\USER\time0.h(6): warning:  #1-D: last line of file ends without a newline
  #endif
..\USER\time0.c: 2 warnings, 0 errors
compiling lxy_uart.c...
..\USER\start.h(18): warning:  #1-D: last line of file ends without a newline
  #endif
..\USER\lxy_uart.h(8): warning:  #1-D: last line of file ends without a newline
  #endif
..\USER\lxy_uart.c(70): warning:  #1-D: last line of file ends without a newline
  }
..\USER\lxy_uart.c: 3 warnings, 0 errors
compiling lxy_dac.c...
..\USER\start.h(18): warning:  #1-D: last line of file ends without a newline
  #endif
..\USER\lxy_dac.h(47): warning:  #1295-D: Deprecated declaration GPIO_INIT - give arg types
  extern void GPIO_INIT();
..\USER\lxy_dac.h(51): warning:  #1-D: last line of file ends without a newline
  #endif
..\USER\lxy_dac.c(76): warning:  #1-D: last line of file ends without a newline
  }
..\USER\lxy_dac.c: 4 warnings, 0 errors
compiling key.c...
..\USER\key.h(8): warning:  #1-D: last line of file ends without a newline
  #endif
..\USER\key.c(75): warning:  #1-D: last line of file ends without a newline
  //**************************************************************************************
..\USER\key.c: 2 warnings, 0 errors
compiling main.c...
..\USER\start.h(18): warning:  #1-D: last line of file ends without a newline
  #endif
..\USER\lxy_ADC.h(19): warning:  #1-D: last line of file ends without a newline
  #endif
..\USER\lxy_PWM.h(10): warning:  #1-D: last line of file ends without a newline
  #endif
..\USER\time0.h(6): warning:  #1-D: last line of file ends without a newline
  #endif
..\USER\main.c(102): warning:  #1295-D: Deprecated declaration ADC_V - give arg types
  void ADC_V();
..\USER\main.c: 5 warnings, 0 errors
compiling cpu.c...
compiling lxy_PWM.c...
..\USER\lxy_PWM.h(10): warning:  #1-D: last line of file ends without a newline
  #endif
..\USER\lxy_PWM.c(74): warning:  #1-D: last line of file ends without a newline
  }
..\USER\lxy_PWM.c: 2 warnings, 0 errors
compiling crc.c...
compiling des.c...
compiling eeprom.c...
compiling emac.c...
compiling epi.c...
compiling fpu.c...
compiling flash.c...
compiling gpio.c...
compiling i2c.c...
compiling hibernate.c...
compiling mpu.c...
compiling interrupt.c...
compiling onewire.c...
compiling lcd.c...
compiling qei.c...
compiling pwm.c...
compiling sw_crc.c...
compiling shamd5.c...
compiling ssi.c...
compiling systick.c...
compiling sysexc.c...
compiling udma.c...
compiling timer.c...
compiling uart.c...
assembling startup_rvmdk.S...
compiling watchdog.c...
compiling sysctl.c...
compiling uc1701.c...
compiling uartstdio.c...
compiling usb.c...
compiling pcf8575.c...
linking...
Program Size: Code=5868 RO-data=1448 RW-data=1644 ZI-data=5804  
".\Objects\Template.axf" - 0 Error(s), 23 Warning(s).

<h2>Software Packages used:</h2>

Package Vendor: Keil
                http://www.keil.com/pack/Keil.TM4C_DFP.1.1.0.pack
                Keil.TM4C_DFP.1.1.0
                Texas Instruments Tiva C Series Device Support and Examples

<h2>Collection of Component include folders:</h2>
  C:\Users\Â¬ÏþÑî\AppData\Local\Arm\Packs\Keil\TM4C_DFP\1.1.0\Device\Include\TM4C123

<h2>Collection of Component Files used:</h2>
Build Time Elapsed:  00:00:02
</pre>
</body>
</html>
