<html>
<body>
<pre>
<h1>礦ision Build Log</h1>
<h2>Tool Versions:</h2>
IDE-Version: μVision V5.36.0.0
Copyright (C) 2021 ARM Ltd and ARM Germany GmbH. All rights reserved.
License Information:  ,   , LIC=TIVNB-2MBM9-HLWCL-0P0NT-Z4PUP-WJSZY
 
Tool Versions:
Toolchain:       MDK-ARM Plus  Version: 5.36.0.0
Toolchain Path:  C:\Keil_v5\ARM\ARMCC\Bin
C Compiler:      Armcc.exe V5.06 update 7 (build 960)
Assembler:       Armasm.exe V5.06 update 7 (build 960)
Linker/Locator:  ArmLink.exe V5.06 update 7 (build 960)
Library Manager: ArmAr.exe V5.06 update 7 (build 960)
Hex Converter:   FromElf.exe V5.06 update 7 (build 960)
CPU DLL:         SARMCM3.DLL V5.36.0.0
Dialog DLL:      DCM.DLL V1.17.3.0
Target DLL:      lmidk-agdi.dll V???
Dialog DLL:      TCM.DLL V1.53.0.0
 
<h2>Project:</h2>
F:\tm4c23gh6pm\流水灯 - 副本 (2)\tm4c\OBJ\Template.uvprojx
Project File Date:  01/26/2024

<h2>Output:</h2>
*** Using Compiler 'V5.06 update 7 (build 960)', folder: 'C:\Keil_v5\ARM\ARMCC\Bin'
Rebuild target 'Template'
compiling emac.c...
compiling comp.c...
compiling des.c...
compiling crc.c...
compiling epi.c...
compiling can.c...
compiling aes.c...
compiling main.c...
..\USER\main.c(63): warning:  #223-D: function "GPIOIntStatus" declared implicitly
  	V=GPIOIntStatus(GPIO_PORTA_BASE,true);
..\USER\main.c: 1 warning, 0 errors
compiling eeprom.c...
compiling adc.c...
compiling cpu.c...
compiling flash.c...
compiling fpu.c...
compiling interrupt.c...
compiling gpio.c...
compiling lcd.c...
compiling i2c.c...
compiling hibernate.c...
compiling mpu.c...
compiling qei.c...
compiling shamd5.c...
compiling onewire.c...
compiling ssi.c...
compiling sw_crc.c...
compiling pwm.c...
compiling systick.c...
compiling sysexc.c...
compiling timer.c...
assembling startup_rvmdk.S...
compiling uart.c...
compiling watchdog.c...
compiling udma.c...
compiling sysctl.c...
compiling usb.c...
linking...
Program Size: Code=2628 RO-data=852 RW-data=620 ZI-data=356  
".\Objects\Template.axf" - 0 Error(s), 1 Warning(s).

<h2>Software Packages used:</h2>

Package Vendor: Keil
                http://www.keil.com/pack/Keil.TM4C_DFP.1.1.0.pack
                Keil.TM4C_DFP.1.1.0
                Texas Instruments Tiva C Series Device Support and Examples

<h2>Collection of Component include folders:</h2>
  C:\Users\卢晓杨\AppData\Local\Arm\Packs\Keil\TM4C_DFP\1.1.0\Device\Include\TM4C123

<h2>Collection of Component Files used:</h2>
Build Time Elapsed:  00:00:01
</pre>
</body>
</html>
